Archive member included to satisfy reference by file (symbol)

/opt/intelFPGA/18.1/nios2eds/bin/gnu/H-x86_64-pc-linux-gnu/bin/../lib/gcc/nios2-elf/5.3.0/libgcc.a(lib2-divmod.o)
                              obj/default/count_binary.o (__divsi3)
/opt/intelFPGA/18.1/nios2eds/bin/gnu/H-x86_64-pc-linux-gnu/bin/../lib/gcc/nios2-elf/5.3.0/../../../../../H-x86_64-pc-linux-gnu/nios2-elf/lib/libsmallc.a(lib_a-printf.o)
                              obj/default/count_binary.o (printf)
/opt/intelFPGA/18.1/nios2eds/bin/gnu/H-x86_64-pc-linux-gnu/bin/../lib/gcc/nios2-elf/5.3.0/../../../../../H-x86_64-pc-linux-gnu/nios2-elf/lib/libsmallc.a(lib_a-putchar.o)
                              obj/default/count_binary.o (putchar)
/opt/intelFPGA/18.1/nios2eds/bin/gnu/H-x86_64-pc-linux-gnu/bin/../lib/gcc/nios2-elf/5.3.0/../../../../../H-x86_64-pc-linux-gnu/nios2-elf/lib/libsmallc.a(lib_a-puts.o)
                              obj/default/count_binary.o (puts)
/opt/intelFPGA/18.1/nios2eds/bin/gnu/H-x86_64-pc-linux-gnu/bin/../lib/gcc/nios2-elf/5.3.0/../../../../../H-x86_64-pc-linux-gnu/nios2-elf/lib/libsmallc.a(lib_a-strlen.o)
                              /opt/intelFPGA/18.1/nios2eds/bin/gnu/H-x86_64-pc-linux-gnu/bin/../lib/gcc/nios2-elf/5.3.0/../../../../../H-x86_64-pc-linux-gnu/nios2-elf/lib/libsmallc.a(lib_a-puts.o) (strlen)
/opt/intelFPGA/18.1/nios2eds/bin/gnu/H-x86_64-pc-linux-gnu/bin/../lib/gcc/nios2-elf/5.3.0/../../../../../H-x86_64-pc-linux-gnu/nios2-elf/lib/libsmallc.a(lib_a-vfprintf.o)
                              /opt/intelFPGA/18.1/nios2eds/bin/gnu/H-x86_64-pc-linux-gnu/bin/../lib/gcc/nios2-elf/5.3.0/../../../../../H-x86_64-pc-linux-gnu/nios2-elf/lib/libsmallc.a(lib_a-printf.o) (___vfprintf_internal_r)
/opt/intelFPGA/18.1/nios2eds/bin/gnu/H-x86_64-pc-linux-gnu/bin/../lib/gcc/nios2-elf/5.3.0/../../../../../H-x86_64-pc-linux-gnu/nios2-elf/lib/libsmallc.a(lib_a-fvwrite_small_dev.o)
                              /opt/intelFPGA/18.1/nios2eds/bin/gnu/H-x86_64-pc-linux-gnu/bin/../lib/gcc/nios2-elf/5.3.0/../../../../../H-x86_64-pc-linux-gnu/nios2-elf/lib/libsmallc.a(lib_a-printf.o) (__sfvwrite_small_dev)
/opt/intelFPGA/18.1/nios2eds/bin/gnu/H-x86_64-pc-linux-gnu/bin/../lib/gcc/nios2-elf/5.3.0/../../../../../H-x86_64-pc-linux-gnu/nios2-elf/lib/libsmallc.a(lib_a-impure.o)
                              /opt/intelFPGA/18.1/nios2eds/bin/gnu/H-x86_64-pc-linux-gnu/bin/../lib/gcc/nios2-elf/5.3.0/../../../../../H-x86_64-pc-linux-gnu/nios2-elf/lib/libsmallc.a(lib_a-printf.o) (_impure_ptr)
/opt/intelFPGA/18.1/nios2eds/bin/gnu/H-x86_64-pc-linux-gnu/bin/../lib/gcc/nios2-elf/5.3.0/../../../../../H-x86_64-pc-linux-gnu/nios2-elf/lib/libsmallc.a(lib_a-putc.o)
                              /opt/intelFPGA/18.1/nios2eds/bin/gnu/H-x86_64-pc-linux-gnu/bin/../lib/gcc/nios2-elf/5.3.0/../../../../../H-x86_64-pc-linux-gnu/nios2-elf/lib/libsmallc.a(lib_a-putchar.o) (_putc_r)
/opt/intelFPGA/18.1/nios2eds/bin/gnu/H-x86_64-pc-linux-gnu/bin/../lib/gcc/nios2-elf/5.3.0/../../../../../H-x86_64-pc-linux-gnu/nios2-elf/lib/libsmallc.a(lib_a-writer.o)
                              /opt/intelFPGA/18.1/nios2eds/bin/gnu/H-x86_64-pc-linux-gnu/bin/../lib/gcc/nios2-elf/5.3.0/../../../../../H-x86_64-pc-linux-gnu/nios2-elf/lib/libsmallc.a(lib_a-fvwrite_small_dev.o) (_write_r)
/opt/intelFPGA/18.1/nios2eds/bin/gnu/H-x86_64-pc-linux-gnu/bin/../lib/gcc/nios2-elf/5.3.0/../../../../../H-x86_64-pc-linux-gnu/nios2-elf/lib/libsmallc.a(lib_a-int_errno.o)
                              /opt/intelFPGA/18.1/nios2eds/bin/gnu/H-x86_64-pc-linux-gnu/bin/../lib/gcc/nios2-elf/5.3.0/../../../../../H-x86_64-pc-linux-gnu/nios2-elf/lib/libsmallc.a(lib_a-writer.o) (errno)
../count_binary_bsp//libhal_bsp.a(alt_load.o)
                              ../count_binary_bsp//obj/HAL/src/crt0.o (alt_load)
../count_binary_bsp//libhal_bsp.a(alt_main.o)
                              ../count_binary_bsp//obj/HAL/src/crt0.o (alt_main)
../count_binary_bsp//libhal_bsp.a(alt_usleep.o)
                              obj/default/count_binary.o (usleep)
../count_binary_bsp//libhal_bsp.a(alt_write.o)
                              /opt/intelFPGA/18.1/nios2eds/bin/gnu/H-x86_64-pc-linux-gnu/bin/../lib/gcc/nios2-elf/5.3.0/../../../../../H-x86_64-pc-linux-gnu/nios2-elf/lib/libsmallc.a(lib_a-writer.o) (write)
../count_binary_bsp//libhal_bsp.a(alt_sys_init.o)
                              ../count_binary_bsp//libhal_bsp.a(alt_main.o) (alt_irq_init)
../count_binary_bsp//libhal_bsp.a(altera_avalon_jtag_uart_fd.o)
                              ../count_binary_bsp//libhal_bsp.a(alt_sys_init.o) (altera_avalon_jtag_uart_read_fd)
../count_binary_bsp//libhal_bsp.a(altera_avalon_jtag_uart_read.o)
                              ../count_binary_bsp//libhal_bsp.a(altera_avalon_jtag_uart_fd.o) (altera_avalon_jtag_uart_read)
../count_binary_bsp//libhal_bsp.a(altera_avalon_jtag_uart_write.o)
                              ../count_binary_bsp//libhal_bsp.a(altera_avalon_jtag_uart_fd.o) (altera_avalon_jtag_uart_write)
[...]
Memory Configuration

Name             Origin             Length             Attributes
reset            0x0000000000008000 0x0000000000000020
onchip_mem       0x0000000000008020 0x0000000000004fe0
*default*        0x0000000000000000 0xffffffffffffffff

Linker script and memory map

LOAD ../count_binary_bsp//obj/HAL/src/crt0.o
LOAD obj/default/count_binary.o
LOAD obj/default/main.o
LOAD /opt/intelFPGA/18.1/nios2eds/bin/gnu/H-x86_64-pc-linux-gnu/bin/../lib/gcc/nios2-elf/5.3.0/../../../../../H-x86_64-pc-linux-gnu/nios2-elf/lib/libstdc++.a
LOAD /opt/intelFPGA/18.1/nios2eds/bin/gnu/H-x86_64-pc-linux-gnu/bin/../lib/gcc/nios2-elf/5.3.0/../../../../../H-x86_64-pc-linux-gnu/nios2-elf/lib/libm.a
LOAD /opt/intelFPGA/18.1/nios2eds/bin/gnu/H-x86_64-pc-linux-gnu/bin/../lib/gcc/nios2-elf/5.3.0/libgcc.a
START GROUP
LOAD /opt/intelFPGA/18.1/nios2eds/bin/gnu/H-x86_64-pc-linux-gnu/bin/../lib/gcc/nios2-elf/5.3.0/../../../../../H-x86_64-pc-linux-gnu/nios2-elf/lib/libsmallc.a
LOAD /opt/intelFPGA/18.1/nios2eds/bin/gnu/H-x86_64-pc-linux-gnu/bin/../lib/gcc/nios2-elf/5.3.0/libgcc.a
LOAD ../count_binary_bsp//libhal_bsp.a
LOAD /opt/intelFPGA/18.1/nios2eds/bin/gnu/H-x86_64-pc-linux-gnu/bin/../lib/gcc/nios2-elf/5.3.0/../../../../../H-x86_64-pc-linux-gnu/nios2-elf/lib/libm.a
END GROUP
LOAD /opt/intelFPGA/18.1/nios2eds/bin/gnu/H-x86_64-pc-linux-gnu/bin/../lib/gcc/nios2-elf/5.3.0/libgcc.a
                0x0000000000008000                __alt_mem_onchip_mem = 0x8000

.entry          0x0000000000008000       0x20
 *(.entry)
 .entry         0x0000000000008000       0x20 ../count_binary_bsp//obj/HAL/src/crt0.o
                0x0000000000008000                __reset

.exceptions     0x0000000000008020      0x1a0
                0x0000000000008020                PROVIDE (__ram_exceptions_start, ABSOLUTE (.))
                0x0000000000008020                . = ALIGN (0x20)
 *(.irq)
 *(.exceptions.entry.label)
 .exceptions.entry.label
                0x0000000000008020        0x0 ../count_binary_bsp//libhal_bsp.a(alt_irq_entry.o)
                0x0000000000008020                alt_irq_entry
 .exceptions.entry.label
                0x0000000000008020        0x0 ../count_binary_bsp//libhal_bsp.a(alt_exception_entry.o)
                0x0000000000008020                alt_exception
 *(.exceptions.entry.user)
 *(.exceptions.entry.ecc_fatal)
 *(.exceptions.entry)
 .exceptions.entry
                0x0000000000008020       0x54 ../count_binary_bsp//libhal_bsp.a(alt_exception_entry.o)
 *(.exceptions.irqtest.user)
 *(.exceptions.irqtest)
 .exceptions.irqtest
                0x0000000000008074       0x10 ../count_binary_bsp//libhal_bsp.a(alt_irq_entry.o)
 *(.exceptions.irqhandler.user)
 *(.exceptions.irqhandler)
 .exceptions.irqhandler
                0x0000000000008084        0x4 ../count_binary_bsp//libhal_bsp.a(alt_irq_entry.o)
 *(.exceptions.irqreturn.user)
 *(.exceptions.irqreturn)
 .exceptions.irqreturn
                0x0000000000008088        0x4 ../count_binary_bsp//libhal_bsp.a(alt_irq_entry.o)
 *(.exceptions.notirq.label)
 .exceptions.notirq.label
                0x000000000000808c        0x0 ../count_binary_bsp//libhal_bsp.a(alt_irq_entry.o)
 *(.exceptions.notirq.user)
 *(.exceptions.notirq)
 .exceptions.notirq
                0x000000000000808c        0x8 ../count_binary_bsp//libhal_bsp.a(alt_exception_entry.o)
 *(.exceptions.soft.user)
 *(.exceptions.soft)
 *(.exceptions.unknown.user)
 *(.exceptions.unknown)
 .exceptions.unknown
                0x0000000000008094        0x4 ../count_binary_bsp//libhal_bsp.a(alt_exception_entry.o)
 *(.exceptions.exit.label)
 .exceptions.exit.label
                0x0000000000008098        0x0 ../count_binary_bsp//libhal_bsp.a(alt_irq_entry.o)
 .exceptions.exit.label
                0x0000000000008098        0x0 ../count_binary_bsp//libhal_bsp.a(alt_exception_entry.o)
 *(.exceptions.exit.user)
 *(.exceptions.exit)
 .exceptions.exit
                0x0000000000008098       0x54 ../count_binary_bsp//libhal_bsp.a(alt_exception_entry.o)
 *(.exceptions)
 .exceptions    0x00000000000080ec       0xd4 ../count_binary_bsp//libhal_bsp.a(alt_irq_handler.o)
                0x00000000000080ec                alt_irq_handler
                0x00000000000081c0                PROVIDE (__ram_exceptions_end, ABSOLUTE (.))
                0x0000000000008020                PROVIDE (__flash_exceptions_start, LOADADDR (.exceptions))

.text           0x00000000000081c0     0x2674
                [!provide]                        PROVIDE (stext, ABSOLUTE (.))
 *(.interp)
 *(.hash)
 *(.dynsym)
 *(.dynstr)
 *(.gnu.version)
 *(.gnu.version_d)
 *(.gnu.version_r)
 *(.rel.init)
 *(.rela.init)
 *(.rel.text .rel.text.* .rel.gnu.linkonce.t.*)
 *(.rela.text .rela.text.* .rela.gnu.linkonce.t.*)
 *(.rel.fini)
 *(.rela.fini)
 *(.rel.rodata .rel.rodata.* .rel.gnu.linkonce.r.*)
 *(.rela.rodata .rela.rodata.* .rela.gnu.linkonce.r.*)
 *(.rel.data .rel.data.* .rel.gnu.linkonce.d.*)
 *(.rela.data .rela.data.* .rela.gnu.linkonce.d.*)
 *(.rel.tdata .rel.tdata.* .rel.gnu.linkonce.td.*)
 *(.rela.tdata .rela.tdata.* .rela.gnu.linkonce.td.*)
 *(.rel.tbss .rel.tbss.* .rel.gnu.linkonce.tb.*)
 *(.rela.tbss .rela.tbss.* .rela.gnu.linkonce.tb.*)
 *(.rel.ctors)
 *(.rela.ctors)
 *(.rel.dtors)
 *(.rela.dtors)
 *(.rel.got)
 *(.rela.got)
 *(.rel.sdata .rel.sdata.* .rel.gnu.linkonce.s.*)
 *(.rela.sdata .rela.sdata.* .rela.gnu.linkonce.s.*)
 *(.rel.sbss .rel.sbss.* .rel.gnu.linkonce.sb.*)
 *(.rela.sbss .rela.sbss.* .rela.gnu.linkonce.sb.*)
 *(.rel.sdata2 .rel.sdata2.* .rel.gnu.linkonce.s2.*)
 *(.rela.sdata2 .rela.sdata2.* .rela.gnu.linkonce.s2.*)
 *(.rel.sbss2 .rel.sbss2.* .rel.gnu.linkonce.sb2.*)
 *(.rela.sbss2 .rela.sbss2.* .rela.gnu.linkonce.sb2.*)
 *(.rel.bss .rel.bss.* .rel.gnu.linkonce.b.*)
 *(.rela.bss .rela.bss.* .rela.gnu.linkonce.b.*)
 *(.rel.plt)
 *(.rela.plt)
 *(.rel.dyn)
 *(.init)
 *(.plt)
 *(.text .stub .text.* .gnu.linkonce.t.*)
 .text          0x00000000000081c0       0x3c ../count_binary_bsp//obj/HAL/src/crt0.o
                0x00000000000081c0                _start
 .text          0x00000000000081fc      0x38c obj/default/count_binary.o
                0x0000000000008488                main
 .text          0x0000000000008588       0x84 obj/default/main.o
 .text          0x000000000000860c      0x1b4 /opt/intelFPGA/18.1/nios2eds/bin/gnu/H-x86_64-pc-linux-gnu/bin/../lib/gcc/nios2-elf/5.3.0/libgcc.a(lib2-divmod.o)
                0x000000000000860c                __divsi3
                0x0000000000008690                __modsi3
                0x0000000000008704                __udivsi3
                0x0000000000008768                __umodsi3
 .text          0x00000000000087c0        0x0 /opt/intelFPGA/18.1/nios2eds/bin/gnu/H-x86_64-pc-linux-gnu/bin/../lib/gcc/nios2-elf/5.3.0/../../../../../H-x86_64-pc-linux-gnu/nios2-elf/lib/libsmallc.a(lib_a-printf.o)
 .text._printf_r
                0x00000000000087c0       0x3c /opt/intelFPGA/18.1/nios2eds/bin/gnu/H-x86_64-pc-linux-gnu/bin/../lib/gcc/nios2-elf/5.3.0/../../../../../H-x86_64-pc-linux-gnu/nios2-elf/lib/libsmallc.a(lib_a-printf.o)
                0x00000000000087c0                _printf_r
 .text.printf   0x00000000000087fc       0x4c /opt/intelFPGA/18.1/nios2eds/bin/gnu/H-x86_64-pc-linux-gnu/bin/../lib/gcc/nios2-elf/5.3.0/../../../../../H-x86_64-pc-linux-gnu/nios2-elf/lib/libsmallc.a(lib_a-printf.o)
                0x00000000000087fc                printf
 .text          0x0000000000008848        0x0 /opt/intelFPGA/18.1/nios2eds/bin/gnu/H-x86_64-pc-linux-gnu/bin/../lib/gcc/nios2-elf/5.3.0/../../../../../H-x86_64-pc-linux-gnu/nios2-elf/lib/libsmallc.a(lib_a-putchar.o)
 .text._putchar_r
                0x0000000000008848        0x8 /opt/intelFPGA/18.1/nios2eds/bin/gnu/H-x86_64-pc-linux-gnu/bin/../lib/gcc/nios2-elf/5.3.0/../../../../../H-x86_64-pc-linux-gnu/nios2-elf/lib/libsmallc.a(lib_a-putchar.o)
                0x0000000000008848                _putchar_r
 .text.putchar  0x0000000000008850       0x1c /opt/intelFPGA/18.1/nios2eds/bin/gnu/H-x86_64-pc-linux-gnu/bin/../lib/gcc/nios2-elf/5.3.0/../../../../../H-x86_64-pc-linux-gnu/nios2-elf/lib/libsmallc.a(lib_a-putchar.o)
                0x0000000000008850                putchar
 .text          0x000000000000886c        0x0 /opt/intelFPGA/18.1/nios2eds/bin/gnu/H-x86_64-pc-linux-gnu/bin/../lib/gcc/nios2-elf/5.3.0/../../../../../H-x86_64-pc-linux-gnu/nios2-elf/lib/libsmallc.a(lib_a-puts.o)
 .text._puts_r  0x000000000000886c       0x80 /opt/intelFPGA/18.1/nios2eds/bin/gnu/H-x86_64-pc-linux-gnu/bin/../lib/gcc/nios2-elf/5.3.0/../../../../../H-x86_64-pc-linux-gnu/nios2-elf/lib/libsmallc.a(lib_a-puts.o)
                0x000000000000886c                _puts_r
 .text.puts     0x00000000000088ec       0x14 /opt/intelFPGA/18.1/nios2eds/bin/gnu/H-x86_64-pc-linux-gnu/bin/../lib/gcc/nios2-elf/5.3.0/../../../../../H-x86_64-pc-linux-gnu/nios2-elf/lib/libsmallc.a(lib_a-puts.o)
                0x00000000000088ec                puts
 .text          0x0000000000008900        0x0 /opt/intelFPGA/18.1/nios2eds/bin/gnu/H-x86_64-pc-linux-gnu/bin/../lib/gcc/nios2-elf/5.3.0/../../../../../H-x86_64-pc-linux-gnu/nios2-elf/lib/libsmallc.a(lib_a-strlen.o)
 .text.strlen   0x0000000000008900       0x1c /opt/intelFPGA/18.1/nios2eds/bin/gnu/H-x86_64-pc-linux-gnu/bin/../lib/gcc/nios2-elf/5.3.0/../../../../../H-x86_64-pc-linux-gnu/nios2-elf/lib/libsmallc.a(lib_a-strlen.o)
                0x0000000000008900                strlen
 .text          0x000000000000891c        0x0 /opt/intelFPGA/18.1/nios2eds/bin/gnu/H-x86_64-pc-linux-gnu/bin/../lib/gcc/nios2-elf/5.3.0/../../../../../H-x86_64-pc-linux-gnu/nios2-elf/lib/libsmallc.a(lib_a-vfprintf.o)
 .text.print_repeat
                0x000000000000891c       0x6c /opt/intelFPGA/18.1/nios2eds/bin/gnu/H-x86_64-pc-linux-gnu/bin/../lib/gcc/nios2-elf/5.3.0/../../../../../H-x86_64-pc-linux-gnu/nios2-elf/lib/libsmallc.a(lib_a-vfprintf.o)
 .text.___vfprintf_internal_r
                0x0000000000008988      0x524 /opt/intelFPGA/18.1/nios2eds/bin/gnu/H-x86_64-pc-linux-gnu/bin/../lib/gcc/nios2-elf/5.3.0/../../../../../H-x86_64-pc-linux-gnu/nios2-elf/lib/libsmallc.a(lib_a-vfprintf.o)
                0x0000000000008988                ___vfprintf_internal_r
 .text.__vfprintf_internal
                0x0000000000008eac       0x1c /opt/intelFPGA/18.1/nios2eds/bin/gnu/H-x86_64-pc-linux-gnu/bin/../lib/gcc/nios2-elf/5.3.0/../../../../../H-x86_64-pc-linux-gnu/nios2-elf/lib/libsmallc.a(lib_a-vfprintf.o)
                0x0000000000008eac                __vfprintf_internal
 .text          0x0000000000008ec8        0x0 /opt/intelFPGA/18.1/nios2eds/bin/gnu/H-x86_64-pc-linux-gnu/bin/../lib/gcc/nios2-elf/5.3.0/../../../../../H-x86_64-pc-linux-gnu/nios2-elf/lib/libsmallc.a(lib_a-fvwrite_small_dev.o)
 .text.__sfvwrite_small_dev
                0x0000000000008ec8       0xb8 /opt/intelFPGA/18.1/nios2eds/bin/gnu/H-x86_64-pc-linux-gnu/bin/../lib/gcc/nios2-elf/5.3.0/../../../../../H-x86_64-pc-linux-gnu/nios2-elf/lib/libsmallc.a(lib_a-fvwrite_small_dev.o)
                0x0000000000008ec8                __sfvwrite_small_dev
 .text          0x0000000000008f80        0x0 /opt/intelFPGA/18.1/nios2eds/bin/gnu/H-x86_64-pc-linux-gnu/bin/../lib/gcc/nios2-elf/5.3.0/../../../../../H-x86_64-pc-linux-gnu/nios2-elf/lib/libsmallc.a(lib_a-impure.o)
 .text          0x0000000000008f80        0x0 /opt/intelFPGA/18.1/nios2eds/bin/gnu/H-x86_64-pc-linux-gnu/bin/../lib/gcc/nios2-elf/5.3.0/../../../../../H-x86_64-pc-linux-gnu/nios2-elf/lib/libsmallc.a(lib_a-putc.o)
 .text.putc     0x0000000000008f80       0x54 /opt/intelFPGA/18.1/nios2eds/bin/gnu/H-x86_64-pc-linux-gnu/bin/../lib/gcc/nios2-elf/5.3.0/../../../../../H-x86_64-pc-linux-gnu/nios2-elf/lib/libsmallc.a(lib_a-putc.o)
                0x0000000000008f80                putc
 .text._putc_r  0x0000000000008fd4       0x58 /opt/intelFPGA/18.1/nios2eds/bin/gnu/H-x86_64-pc-linux-gnu/bin/../lib/gcc/nios2-elf/5.3.0/../../../../../H-x86_64-pc-linux-gnu/nios2-elf/lib/libsmallc.a(lib_a-putc.o)
                0x0000000000008fd4                _putc_r
 .text          0x000000000000902c        0x0 /opt/intelFPGA/18.1/nios2eds/bin/gnu/H-x86_64-pc-linux-gnu/bin/../lib/gcc/nios2-elf/5.3.0/../../../../../H-x86_64-pc-linux-gnu/nios2-elf/lib/libsmallc.a(lib_a-writer.o)
 .text._write_r
                0x000000000000902c       0x58 /opt/intelFPGA/18.1/nios2eds/bin/gnu/H-x86_64-pc-linux-gnu/bin/../lib/gcc/nios2-elf/5.3.0/../../../../../H-x86_64-pc-linux-gnu/nios2-elf/lib/libsmallc.a(lib_a-writer.o)
                0x000000000000902c                _write_r
 .text          0x0000000000009084        0x0 /opt/intelFPGA/18.1/nios2eds/bin/gnu/H-x86_64-pc-linux-gnu/bin/../lib/gcc/nios2-elf/5.3.0/../../../../../H-x86_64-pc-linux-gnu/nios2-elf/lib/libsmallc.a(lib_a-int_errno.o)
 .text          0x0000000000009084       0xec ../count_binary_bsp//libhal_bsp.a(alt_load.o)
                0x00000000000090ec                alt_load
 .text          0x0000000000009170       0x6c ../count_binary_bsp//libhal_bsp.a(alt_main.o)
                0x0000000000009170                alt_main
 .text          0x00000000000091dc       0x30 ../count_binary_bsp//libhal_bsp.a(alt_usleep.o)
                0x00000000000091dc                usleep
 .text          0x000000000000920c      0x134 ../count_binary_bsp//libhal_bsp.a(alt_write.o)
                0x0000000000009248                write
 .text          0x0000000000009340       0xbc ../count_binary_bsp//libhal_bsp.a(alt_sys_init.o)
                0x0000000000009374                alt_irq_init
                0x00000000000093ac                alt_sys_init
 .text          0x00000000000093fc       0xc0 ../count_binary_bsp//libhal_bsp.a(altera_avalon_jtag_uart_fd.o)
                0x00000000000093fc                altera_avalon_jtag_uart_read_fd
                0x000000000000945c                altera_avalon_jtag_uart_write_fd
 .text          0x00000000000094bc       0xec ../count_binary_bsp//libhal_bsp.a(altera_avalon_jtag_uart_read.o)
                0x00000000000094bc                altera_avalon_jtag_uart_read
 .text          0x00000000000095a8       0x94 ../count_binary_bsp//libhal_bsp.a(altera_avalon_jtag_uart_write.o)
                0x00000000000095a8                altera_avalon_jtag_uart_write
 .text          0x000000000000963c       0xf4 ../count_binary_bsp//libhal_bsp.a(altera_avalon_timer_sc.o)
                0x00000000000096b4                alt_avalon_timer_sc_init
 .text          0x0000000000009730      0x158 ../count_binary_bsp//libhal_bsp.a(alt_busy_sleep.o)
                0x0000000000009730                alt_busy_sleep
 .text          0x0000000000009888      0x10c ../count_binary_bsp//libhal_bsp.a(alt_close.o)
                0x00000000000098c4                close
 .text          0x0000000000009994       0x20 ../count_binary_bsp//libhal_bsp.a(alt_dcache_flush_all.o)
                0x0000000000009994                alt_dcache_flush_all
 .text          0x00000000000099b4       0x2c ../count_binary_bsp//libhal_bsp.a(alt_dev.o)
 .text          0x00000000000099e0       0xe0 ../count_binary_bsp//libhal_bsp.a(alt_dev_llist_insert.o)
                0x0000000000009a1c                alt_dev_llist_insert
 .text          0x0000000000009ac0        0x0 ../count_binary_bsp//libhal_bsp.a(alt_errno.o)
 .text          0x0000000000009ac0       0x34 ../count_binary_bsp//libhal_bsp.a(alt_icache_flush_all.o)
                0x0000000000009ac0                alt_icache_flush_all
 .text          0x0000000000009af4      0x1b0 ../count_binary_bsp//libhal_bsp.a(alt_iic.o)
                0x0000000000009af4                alt_ic_isr_register
                0x0000000000009b44                alt_ic_irq_enable
                0x0000000000009bcc                alt_ic_irq_disable
                0x0000000000009c58                alt_ic_irq_enabled
 .text          0x0000000000009ca4       0xf0 ../count_binary_bsp//libhal_bsp.a(alt_iic_isr_register.o)
                0x0000000000009ca4                alt_iic_isr_register
 .text          0x0000000000009d94      0x140 ../count_binary_bsp//libhal_bsp.a(alt_io_redirect.o)
                0x0000000000009e58                alt_io_redirect
 .text          0x0000000000009ed4        0x0 ../count_binary_bsp//libhal_bsp.a(alt_irq_entry.o)
 .text          0x0000000000009ed4        0x0 ../count_binary_bsp//libhal_bsp.a(alt_irq_handler.o)
 .text          0x0000000000009ed4        0x0 ../count_binary_bsp//libhal_bsp.a(alt_irq_vars.o)
 .text          0x0000000000009ed4      0x254 ../count_binary_bsp//libhal_bsp.a(alt_open.o)
                0x0000000000009fd4                open
 .text          0x000000000000a128       0x64 ../count_binary_bsp//libhal_bsp.a(alt_release_fd.o)
                0x000000000000a128                alt_release_fd
 .text          0x000000000000a18c      0x1a4 ../count_binary_bsp//libhal_bsp.a(alt_tick.o)
                0x000000000000a18c                alt_alarm_stop
                0x000000000000a228                alt_tick
 .text          0x000000000000a330       0x24 ../count_binary_bsp//libhal_bsp.a(altera_nios2_gen2_irq.o)
                0x000000000000a330                altera_nios2_gen2_irq_init
 .text          0x000000000000a354        0x0 ../count_binary_bsp//libhal_bsp.a(alt_exception_entry.o)
 .text          0x000000000000a354       0x90 ../count_binary_bsp//libhal_bsp.a(alt_find_dev.o)
                0x000000000000a354                alt_find_dev
 .text          0x000000000000a3e4      0x108 ../count_binary_bsp//libhal_bsp.a(alt_find_file.o)
                0x000000000000a3e4                alt_find_file
 .text          0x000000000000a4ec       0xa4 ../count_binary_bsp//libhal_bsp.a(alt_get_fd.o)
                0x000000000000a4ec                alt_get_fd
 .text          0x000000000000a590       0x90 ../count_binary_bsp//libhal_bsp.a(alt_icache_flush.o)
                0x000000000000a590                alt_icache_flush
 .text          0x000000000000a620        0x0 /opt/intelFPGA/18.1/nios2eds/bin/gnu/H-x86_64-pc-linux-gnu/bin/../lib/gcc/nios2-elf/5.3.0/../../../../../H-x86_64-pc-linux-gnu/nios2-elf/lib/libsmallc.a(lib_a-exit.o)
 .text.exit     0x000000000000a620       0x20 /opt/intelFPGA/18.1/nios2eds/bin/gnu/H-x86_64-pc-linux-gnu/bin/../lib/gcc/nios2-elf/5.3.0/../../../../../H-x86_64-pc-linux-gnu/nios2-elf/lib/libsmallc.a(lib_a-exit.o)
                0x000000000000a620                exit
 .text          0x000000000000a640        0x0 /opt/intelFPGA/18.1/nios2eds/bin/gnu/H-x86_64-pc-linux-gnu/bin/../lib/gcc/nios2-elf/5.3.0/../../../../../H-x86_64-pc-linux-gnu/nios2-elf/lib/libsmallc.a(lib_a-memcmp.o)
 .text.memcmp   0x000000000000a640       0x30 /opt/intelFPGA/18.1/nios2eds/bin/gnu/H-x86_64-pc-linux-gnu/bin/../lib/gcc/nios2-elf/5.3.0/../../../../../H-x86_64-pc-linux-gnu/nios2-elf/lib/libsmallc.a(lib_a-memcmp.o)
                0x000000000000a640                memcmp
 .text          0x000000000000a670        0x0 /opt/intelFPGA/18.1/nios2eds/bin/gnu/H-x86_64-pc-linux-gnu/bin/../lib/gcc/nios2-elf/5.3.0/../../../../../H-x86_64-pc-linux-gnu/nios2-elf/lib/libsmallc.a(lib_a-__call_atexit.o)
 .text.__call_exitprocs
                0x000000000000a670      0x190 /opt/intelFPGA/18.1/nios2eds/bin/gnu/H-x86_64-pc-linux-gnu/bin/../lib/gcc/nios2-elf/5.3.0/../../../../../H-x86_64-pc-linux-gnu/nios2-elf/lib/libsmallc.a(lib_a-__call_atexit.o)
                0x000000000000a670                __call_exitprocs
 .text          0x000000000000a800       0x34 ../count_binary_bsp//libhal_bsp.a(alt_exit.o)
                0x000000000000a800                _exit
 *(.gnu.warning.*)
 *(.fini)
                [!provide]                        PROVIDE (__etext, ABSOLUTE (.))
                [!provide]                        PROVIDE (_etext, ABSOLUTE (.))
                [!provide]                        PROVIDE (etext, ABSOLUTE (.))
 *(.eh_frame_hdr)
                0x000000000000a834                . = ALIGN (0x4)
                [!provide]                        PROVIDE (__preinit_array_start, ABSOLUTE (.))
 *(.preinit_array)
                [!provide]                        PROVIDE (__preinit_array_end, ABSOLUTE (.))
                [!provide]                        PROVIDE (__init_array_start, ABSOLUTE (.))
 *(.init_array)
                [!provide]                        PROVIDE (__init_array_end, ABSOLUTE (.))
                [!provide]                        PROVIDE (__fini_array_start, ABSOLUTE (.))
 *(.fini_array)
                [!provide]                        PROVIDE (__fini_array_end, ABSOLUTE (.))
 *(.eh_frame)
 *(.gcc_except_table .gcc_except_table.*)
 *(.dynamic)
                [!provide]                        PROVIDE (__CTOR_LIST__, ABSOLUTE (.))
 *(.ctors)
 *(SORT(.ctors.*))
                [!provide]                        PROVIDE (__CTOR_END__, ABSOLUTE (.))
                [!provide]                        PROVIDE (__DTOR_LIST__, ABSOLUTE (.))
 *(.dtors)
 *(SORT(.dtors.*))
                [!provide]                        PROVIDE (__DTOR_END__, ABSOLUTE (.))
 *(.jcr)
                0x000000000000a834                . = ALIGN (0x4)

.rodata         0x000000000000a834      0x184
                0x000000000000a834                PROVIDE (__ram_rodata_start, ABSOLUTE (.))
                0x000000000000a834                . = ALIGN (0x4)
 *(.rodata .rodata.* .gnu.linkonce.r.*)
 .rodata        0x000000000000a834       0xdf obj/default/count_binary.o
 *fill*         0x000000000000a913        0x1 
 .rodata        0x000000000000a914       0x73 obj/default/main.o
 *fill*         0x000000000000a987        0x1 
 .rodata.str1.4
                0x000000000000a988        0x4 /opt/intelFPGA/18.1/nios2eds/bin/gnu/H-x86_64-pc-linux-gnu/bin/../lib/gcc/nios2-elf/5.3.0/../../../../../H-x86_64-pc-linux-gnu/nios2-elf/lib/libsmallc.a(lib_a-puts.o)
                                          0x2 (size before relaxing)
 .rodata        0x000000000000a98c        0xf ../count_binary_bsp//libhal_bsp.a(alt_main.o)
 *fill*         0x000000000000a99b        0x1 
 .rodata        0x000000000000a99c        0xf ../count_binary_bsp//libhal_bsp.a(alt_sys_init.o)
 *fill*         0x000000000000a9ab        0x1 
 .rodata        0x000000000000a9ac        0xa ../count_binary_bsp//libhal_bsp.a(alt_dev.o)
 *(.rodata1)
                0x000000000000a9b8                . = ALIGN (0x4)
 *fill*         0x000000000000a9b6        0x2 
                0x000000000000a9b8                PROVIDE (__ram_rodata_end, ABSOLUTE (.))
                0x000000000000a834                PROVIDE (__flash_rodata_start, LOADADDR (.rodata))

.rwdata         0x000000000000a9b8      0x2e0 load address 0x000000000000ac98
                0x000000000000a9b8                PROVIDE (__ram_rwdata_start, ABSOLUTE (.))
                0x000000000000a9b8                . = ALIGN (0x4)
 *(.got.plt)
 *(.got)
 *(.data1)
 *(.data .data.* .gnu.linkonce.d.*)
 .data          0x000000000000a9b8        0x0 ../count_binary_bsp//obj/HAL/src/crt0.o
 .data          0x000000000000a9b8        0x0 obj/default/count_binary.o
 .data          0x000000000000a9b8        0x0 obj/default/main.o
 .data          0x000000000000a9b8        0x0 /opt/intelFPGA/18.1/nios2eds/bin/gnu/H-x86_64-pc-linux-gnu/bin/../lib/gcc/nios2-elf/5.3.0/libgcc.a(lib2-divmod.o)
 .data          0x000000000000a9b8        0x0 /opt/intelFPGA/18.1/nios2eds/bin/gnu/H-x86_64-pc-linux-gnu/bin/../lib/gcc/nios2-elf/5.3.0/../../../../../H-x86_64-pc-linux-gnu/nios2-elf/lib/libsmallc.a(lib_a-printf.o)
 .data          0x000000000000a9b8        0x0 /opt/intelFPGA/18.1/nios2eds/bin/gnu/H-x86_64-pc-linux-gnu/bin/../lib/gcc/nios2-elf/5.3.0/../../../../../H-x86_64-pc-linux-gnu/nios2-elf/lib/libsmallc.a(lib_a-putchar.o)
 .data          0x000000000000a9b8        0x0 /opt/intelFPGA/18.1/nios2eds/bin/gnu/H-x86_64-pc-linux-gnu/bin/../lib/gcc/nios2-elf/5.3.0/../../../../../H-x86_64-pc-linux-gnu/nios2-elf/lib/libsmallc.a(lib_a-puts.o)
 .data          0x000000000000a9b8        0x0 /opt/intelFPGA/18.1/nios2eds/bin/gnu/H-x86_64-pc-linux-gnu/bin/../lib/gcc/nios2-elf/5.3.0/../../../../../H-x86_64-pc-linux-gnu/nios2-elf/lib/libsmallc.a(lib_a-strlen.o)
 .data          0x000000000000a9b8        0x0 /opt/intelFPGA/18.1/nios2eds/bin/gnu/H-x86_64-pc-linux-gnu/bin/../lib/gcc/nios2-elf/5.3.0/../../../../../H-x86_64-pc-linux-gnu/nios2-elf/lib/libsmallc.a(lib_a-vfprintf.o)
 .data          0x000000000000a9b8        0x0 /opt/intelFPGA/18.1/nios2eds/bin/gnu/H-x86_64-pc-linux-gnu/bin/../lib/gcc/nios2-elf/5.3.0/../../../../../H-x86_64-pc-linux-gnu/nios2-elf/lib/libsmallc.a(lib_a-fvwrite_small_dev.o)
 .data          0x000000000000a9b8        0x0 /opt/intelFPGA/18.1/nios2eds/bin/gnu/H-x86_64-pc-linux-gnu/bin/../lib/gcc/nios2-elf/5.3.0/../../../../../H-x86_64-pc-linux-gnu/nios2-elf/lib/libsmallc.a(lib_a-impure.o)
 .data.impure_data
                0x000000000000a9b8       0xe0 /opt/intelFPGA/18.1/nios2eds/bin/gnu/H-x86_64-pc-linux-gnu/bin/../lib/gcc/nios2-elf/5.3.0/../../../../../H-x86_64-pc-linux-gnu/nios2-elf/lib/libsmallc.a(lib_a-impure.o)
 .data          0x000000000000aa98        0x0 /opt/intelFPGA/18.1/nios2eds/bin/gnu/H-x86_64-pc-linux-gnu/bin/../lib/gcc/nios2-elf/5.3.0/../../../../../H-x86_64-pc-linux-gnu/nios2-elf/lib/libsmallc.a(lib_a-putc.o)
 .data          0x000000000000aa98        0x0 /opt/intelFPGA/18.1/nios2eds/bin/gnu/H-x86_64-pc-linux-gnu/bin/../lib/gcc/nios2-elf/5.3.0/../../../../../H-x86_64-pc-linux-gnu/nios2-elf/lib/libsmallc.a(lib_a-writer.o)
 .data          0x000000000000aa98        0x0 /opt/intelFPGA/18.1/nios2eds/bin/gnu/H-x86_64-pc-linux-gnu/bin/../lib/gcc/nios2-elf/5.3.0/../../../../../H-x86_64-pc-linux-gnu/nios2-elf/lib/libsmallc.a(lib_a-int_errno.o)
 .data          0x000000000000aa98        0x0 ../count_binary_bsp//libhal_bsp.a(alt_load.o)
 .data          0x000000000000aa98        0x0 ../count_binary_bsp//libhal_bsp.a(alt_main.o)
 .data          0x000000000000aa98        0x0 ../count_binary_bsp//libhal_bsp.a(alt_usleep.o)
 .data          0x000000000000aa98        0x0 ../count_binary_bsp//libhal_bsp.a(alt_write.o)
 .data          0x000000000000aa98       0x2c ../count_binary_bsp//libhal_bsp.a(alt_sys_init.o)
 .data          0x000000000000aac4        0x0 ../count_binary_bsp//libhal_bsp.a(altera_avalon_jtag_uart_fd.o)
 .data          0x000000000000aac4        0x0 ../count_binary_bsp//libhal_bsp.a(altera_avalon_jtag_uart_read.o)
 .data          0x000000000000aac4        0x0 ../count_binary_bsp//libhal_bsp.a(altera_avalon_jtag_uart_write.o)
 .data          0x000000000000aac4        0x0 ../count_binary_bsp//libhal_bsp.a(altera_avalon_timer_sc.o)
 .data          0x000000000000aac4        0x0 ../count_binary_bsp//libhal_bsp.a(alt_busy_sleep.o)
 .data          0x000000000000aac4        0x0 ../count_binary_bsp//libhal_bsp.a(alt_close.o)
 .data          0x000000000000aac4        0x0 ../count_binary_bsp//libhal_bsp.a(alt_dcache_flush_all.o)
 .data          0x000000000000aac4      0x1a8 ../count_binary_bsp//libhal_bsp.a(alt_dev.o)
                0x000000000000aac4                alt_dev_null
                0x000000000000aaec                alt_fd_list
 .data          0x000000000000ac6c        0x0 ../count_binary_bsp//libhal_bsp.a(alt_dev_llist_insert.o)
 .data          0x000000000000ac6c        0x0 ../count_binary_bsp//libhal_bsp.a(alt_errno.o)
 .data          0x000000000000ac6c        0x0 ../count_binary_bsp//libhal_bsp.a(alt_icache_flush_all.o)
 .data          0x000000000000ac6c        0x0 ../count_binary_bsp//libhal_bsp.a(alt_iic.o)
 .data          0x000000000000ac6c        0x0 ../count_binary_bsp//libhal_bsp.a(alt_iic_isr_register.o)
 .data          0x000000000000ac6c        0x0 ../count_binary_bsp//libhal_bsp.a(alt_io_redirect.o)
 .data          0x000000000000ac6c        0x0 ../count_binary_bsp//libhal_bsp.a(alt_irq_entry.o)
 .data          0x000000000000ac6c        0x0 ../count_binary_bsp//libhal_bsp.a(alt_irq_handler.o)
 .data          0x000000000000ac6c        0x0 ../count_binary_bsp//libhal_bsp.a(alt_irq_vars.o)
 .data          0x000000000000ac6c        0x0 ../count_binary_bsp//libhal_bsp.a(alt_open.o)
 .data          0x000000000000ac6c        0x0 ../count_binary_bsp//libhal_bsp.a(alt_release_fd.o)
 .data          0x000000000000ac6c        0x0 ../count_binary_bsp//libhal_bsp.a(alt_tick.o)
 .data          0x000000000000ac6c        0x0 ../count_binary_bsp//libhal_bsp.a(altera_nios2_gen2_irq.o)
 .data          0x000000000000ac6c        0x0 ../count_binary_bsp//libhal_bsp.a(alt_exception_entry.o)
 .data          0x000000000000ac6c        0x0 ../count_binary_bsp//libhal_bsp.a(alt_find_dev.o)
 .data          0x000000000000ac6c        0x0 ../count_binary_bsp//libhal_bsp.a(alt_find_file.o)
 .data          0x000000000000ac6c        0x0 ../count_binary_bsp//libhal_bsp.a(alt_get_fd.o)
 .data          0x000000000000ac6c        0x0 ../count_binary_bsp//libhal_bsp.a(alt_icache_flush.o)
 .data          0x000000000000ac6c        0x0 /opt/intelFPGA/18.1/nios2eds/bin/gnu/H-x86_64-pc-linux-gnu/bin/../lib/gcc/nios2-elf/5.3.0/../../../../../H-x86_64-pc-linux-gnu/nios2-elf/lib/libsmallc.a(lib_a-exit.o)
 .data          0x000000000000ac6c        0x0 /opt/intelFPGA/18.1/nios2eds/bin/gnu/H-x86_64-pc-linux-gnu/bin/../lib/gcc/nios2-elf/5.3.0/../../../../../H-x86_64-pc-linux-gnu/nios2-elf/lib/libsmallc.a(lib_a-memcmp.o)
 .data          0x000000000000ac6c        0x0 /opt/intelFPGA/18.1/nios2eds/bin/gnu/H-x86_64-pc-linux-gnu/bin/../lib/gcc/nios2-elf/5.3.0/../../../../../H-x86_64-pc-linux-gnu/nios2-elf/lib/libsmallc.a(lib_a-__call_atexit.o)
 .data          0x000000000000ac6c        0x0 ../count_binary_bsp//libhal_bsp.a(alt_exit.o)
                0x0000000000012c6c                _gp = ABSOLUTE ((. + 0x8000))
                [!provide]                        PROVIDE (gp, _gp)
 *(.rwdata .rwdata.*)
 *(.sdata .sdata.* .gnu.linkonce.s.*)
 .sdata._global_impure_ptr
                0x000000000000ac6c        0x4 /opt/intelFPGA/18.1/nios2eds/bin/gnu/H-x86_64-pc-linux-gnu/bin/../lib/gcc/nios2-elf/5.3.0/../../../../../H-x86_64-pc-linux-gnu/nios2-elf/lib/libsmallc.a(lib_a-impure.o)
                0x000000000000ac6c                _global_impure_ptr
 .sdata._impure_ptr
                0x000000000000ac70        0x4 /opt/intelFPGA/18.1/nios2eds/bin/gnu/H-x86_64-pc-linux-gnu/bin/../lib/gcc/nios2-elf/5.3.0/../../../../../H-x86_64-pc-linux-gnu/nios2-elf/lib/libsmallc.a(lib_a-impure.o)
                0x000000000000ac70                _impure_ptr
 .sdata         0x000000000000ac74       0x14 ../count_binary_bsp//libhal_bsp.a(alt_dev.o)
                0x000000000000ac74                alt_fs_list
                0x000000000000ac7c                alt_dev_list
                0x000000000000ac84                alt_max_fd
 .sdata         0x000000000000ac88        0x4 ../count_binary_bsp//libhal_bsp.a(alt_errno.o)
                0x000000000000ac88                alt_errno
 .sdata         0x000000000000ac8c        0x4 ../count_binary_bsp//libhal_bsp.a(alt_irq_vars.o)
                0x000000000000ac8c                alt_priority_mask
 .sdata         0x000000000000ac90        0x8 ../count_binary_bsp//libhal_bsp.a(alt_tick.o)
                0x000000000000ac90                alt_alarm_list
 *(.sdata2 .sdata2.* .gnu.linkonce.s2.*)
                0x000000000000ac98                . = ALIGN (0x4)
                0x000000000000ac98                _edata = ABSOLUTE (.)
                [!provide]                        PROVIDE (edata, ABSOLUTE (.))
                0x000000000000ac98                PROVIDE (__ram_rwdata_end, ABSOLUTE (.))
                0x000000000000ac98                PROVIDE (__flash_rwdata_start, LOADADDR (.rwdata))

.bss            0x000000000000af78      0x124
                0x000000000000af78                __bss_start = ABSOLUTE (.)
                [!provide]                        PROVIDE (__sbss_start, ABSOLUTE (.))
                [!provide]                        PROVIDE (___sbss_start, ABSOLUTE (.))
 *(.dynsbss)
 *(.sbss .sbss.* .gnu.linkonce.sb.*)
 .sbss          0x000000000000af78        0x1 obj/default/count_binary.o
 *fill*         0x000000000000af79        0x3 
 .sbss          0x000000000000af7c        0x4 obj/default/count_binary.o
                0x000000000000af7c                edge_capture
 .sbss          0x000000000000af80        0x4 /opt/intelFPGA/18.1/nios2eds/bin/gnu/H-x86_64-pc-linux-gnu/bin/../lib/gcc/nios2-elf/5.3.0/../../../../../H-x86_64-pc-linux-gnu/nios2-elf/lib/libsmallc.a(lib_a-int_errno.o)
                0x000000000000af80                errno
 .sbss          0x000000000000af84        0xc ../count_binary_bsp//libhal_bsp.a(alt_main.o)
                0x000000000000af84                alt_argc
                0x000000000000af88                alt_argv
                0x000000000000af8c                alt_envp
 .sbss          0x000000000000af90        0x4 ../count_binary_bsp//libhal_bsp.a(alt_irq_vars.o)
                0x000000000000af90                alt_irq_active
 .sbss          0x000000000000af94        0x8 ../count_binary_bsp//libhal_bsp.a(alt_tick.o)
                0x000000000000af94                _alt_tick_rate
                0x000000000000af98                _alt_nticks
 *(.sbss2 .sbss2.* .gnu.linkonce.sb2.*)
 *(.scommon)
                [!provide]                        PROVIDE (__sbss_end, ABSOLUTE (.))
                [!provide]                        PROVIDE (___sbss_end, ABSOLUTE (.))
 *(.dynbss)
 *(.bss .bss.* .gnu.linkonce.b.*)
 .bss           0x000000000000af9c        0x0 ../count_binary_bsp//obj/HAL/src/crt0.o
 .bss           0x000000000000af9c        0x0 obj/default/count_binary.o
 .bss           0x000000000000af9c        0x0 obj/default/main.o
 .bss           0x000000000000af9c        0x0 /opt/intelFPGA/18.1/nios2eds/bin/gnu/H-x86_64-pc-linux-gnu/bin/../lib/gcc/nios2-elf/5.3.0/libgcc.a(lib2-divmod.o)
 .bss           0x000000000000af9c        0x0 /opt/intelFPGA/18.1/nios2eds/bin/gnu/H-x86_64-pc-linux-gnu/bin/../lib/gcc/nios2-elf/5.3.0/../../../../../H-x86_64-pc-linux-gnu/nios2-elf/lib/libsmallc.a(lib_a-printf.o)
 .bss           0x000000000000af9c        0x0 /opt/intelFPGA/18.1/nios2eds/bin/gnu/H-x86_64-pc-linux-gnu/bin/../lib/gcc/nios2-elf/5.3.0/../../../../../H-x86_64-pc-linux-gnu/nios2-elf/lib/libsmallc.a(lib_a-putchar.o)
 .bss           0x000000000000af9c        0x0 /opt/intelFPGA/18.1/nios2eds/bin/gnu/H-x86_64-pc-linux-gnu/bin/../lib/gcc/nios2-elf/5.3.0/../../../../../H-x86_64-pc-linux-gnu/nios2-elf/lib/libsmallc.a(lib_a-puts.o)
 .bss           0x000000000000af9c        0x0 /opt/intelFPGA/18.1/nios2eds/bin/gnu/H-x86_64-pc-linux-gnu/bin/../lib/gcc/nios2-elf/5.3.0/../../../../../H-x86_64-pc-linux-gnu/nios2-elf/lib/libsmallc.a(lib_a-strlen.o)
 .bss           0x000000000000af9c        0x0 /opt/intelFPGA/18.1/nios2eds/bin/gnu/H-x86_64-pc-linux-gnu/bin/../lib/gcc/nios2-elf/5.3.0/../../../../../H-x86_64-pc-linux-gnu/nios2-elf/lib/libsmallc.a(lib_a-vfprintf.o)
 .bss           0x000000000000af9c        0x0 /opt/intelFPGA/18.1/nios2eds/bin/gnu/H-x86_64-pc-linux-gnu/bin/../lib/gcc/nios2-elf/5.3.0/../../../../../H-x86_64-pc-linux-gnu/nios2-elf/lib/libsmallc.a(lib_a-fvwrite_small_dev.o)
 .bss           0x000000000000af9c        0x0 /opt/intelFPGA/18.1/nios2eds/bin/gnu/H-x86_64-pc-linux-gnu/bin/../lib/gcc/nios2-elf/5.3.0/../../../../../H-x86_64-pc-linux-gnu/nios2-elf/lib/libsmallc.a(lib_a-impure.o)
 .bss           0x000000000000af9c        0x0 /opt/intelFPGA/18.1/nios2eds/bin/gnu/H-x86_64-pc-linux-gnu/bin/../lib/gcc/nios2-elf/5.3.0/../../../../../H-x86_64-pc-linux-gnu/nios2-elf/lib/libsmallc.a(lib_a-putc.o)
 .bss           0x000000000000af9c        0x0 /opt/intelFPGA/18.1/nios2eds/bin/gnu/H-x86_64-pc-linux-gnu/bin/../lib/gcc/nios2-elf/5.3.0/../../../../../H-x86_64-pc-linux-gnu/nios2-elf/lib/libsmallc.a(lib_a-writer.o)
 .bss           0x000000000000af9c        0x0 /opt/intelFPGA/18.1/nios2eds/bin/gnu/H-x86_64-pc-linux-gnu/bin/../lib/gcc/nios2-elf/5.3.0/../../../../../H-x86_64-pc-linux-gnu/nios2-elf/lib/libsmallc.a(lib_a-int_errno.o)
 .bss           0x000000000000af9c        0x0 ../count_binary_bsp//libhal_bsp.a(alt_load.o)
 .bss           0x000000000000af9c        0x0 ../count_binary_bsp//libhal_bsp.a(alt_main.o)
 .bss           0x000000000000af9c        0x0 ../count_binary_bsp//libhal_bsp.a(alt_usleep.o)
 .bss           0x000000000000af9c        0x0 ../count_binary_bsp//libhal_bsp.a(alt_write.o)
 .bss           0x000000000000af9c        0x0 ../count_binary_bsp//libhal_bsp.a(alt_sys_init.o)
 .bss           0x000000000000af9c        0x0 ../count_binary_bsp//libhal_bsp.a(altera_avalon_jtag_uart_fd.o)
 .bss           0x000000000000af9c        0x0 ../count_binary_bsp//libhal_bsp.a(altera_avalon_jtag_uart_read.o)
 .bss           0x000000000000af9c        0x0 ../count_binary_bsp//libhal_bsp.a(altera_avalon_jtag_uart_write.o)
 .bss           0x000000000000af9c        0x0 ../count_binary_bsp//libhal_bsp.a(altera_avalon_timer_sc.o)
 .bss           0x000000000000af9c        0x0 ../count_binary_bsp//libhal_bsp.a(alt_busy_sleep.o)
 .bss           0x000000000000af9c        0x0 ../count_binary_bsp//libhal_bsp.a(alt_close.o)
 .bss           0x000000000000af9c        0x0 ../count_binary_bsp//libhal_bsp.a(alt_dcache_flush_all.o)
 .bss           0x000000000000af9c        0x0 ../count_binary_bsp//libhal_bsp.a(alt_dev.o)
 .bss           0x000000000000af9c        0x0 ../count_binary_bsp//libhal_bsp.a(alt_dev_llist_insert.o)
 .bss           0x000000000000af9c        0x0 ../count_binary_bsp//libhal_bsp.a(alt_errno.o)
 .bss           0x000000000000af9c        0x0 ../count_binary_bsp//libhal_bsp.a(alt_icache_flush_all.o)
 .bss           0x000000000000af9c        0x0 ../count_binary_bsp//libhal_bsp.a(alt_iic.o)
 .bss           0x000000000000af9c        0x0 ../count_binary_bsp//libhal_bsp.a(alt_iic_isr_register.o)
 .bss           0x000000000000af9c        0x0 ../count_binary_bsp//libhal_bsp.a(alt_io_redirect.o)
 .bss           0x000000000000af9c        0x0 ../count_binary_bsp//libhal_bsp.a(alt_irq_entry.o)
 .bss           0x000000000000af9c        0x0 ../count_binary_bsp//libhal_bsp.a(alt_irq_handler.o)
 .bss           0x000000000000af9c        0x0 ../count_binary_bsp//libhal_bsp.a(alt_irq_vars.o)
 .bss           0x000000000000af9c        0x0 ../count_binary_bsp//libhal_bsp.a(alt_open.o)
 .bss           0x000000000000af9c        0x0 ../count_binary_bsp//libhal_bsp.a(alt_release_fd.o)
 .bss           0x000000000000af9c        0x0 ../count_binary_bsp//libhal_bsp.a(alt_tick.o)
 .bss           0x000000000000af9c        0x0 ../count_binary_bsp//libhal_bsp.a(altera_nios2_gen2_irq.o)
 .bss           0x000000000000af9c        0x0 ../count_binary_bsp//libhal_bsp.a(alt_exception_entry.o)
 .bss           0x000000000000af9c        0x0 ../count_binary_bsp//libhal_bsp.a(alt_find_dev.o)
 .bss           0x000000000000af9c        0x0 ../count_binary_bsp//libhal_bsp.a(alt_find_file.o)
 .bss           0x000000000000af9c        0x0 ../count_binary_bsp//libhal_bsp.a(alt_get_fd.o)
 .bss           0x000000000000af9c        0x0 ../count_binary_bsp//libhal_bsp.a(alt_icache_flush.o)
 .bss           0x000000000000af9c        0x0 /opt/intelFPGA/18.1/nios2eds/bin/gnu/H-x86_64-pc-linux-gnu/bin/../lib/gcc/nios2-elf/5.3.0/../../../../../H-x86_64-pc-linux-gnu/nios2-elf/lib/libsmallc.a(lib_a-exit.o)
 .bss           0x000000000000af9c        0x0 /opt/intelFPGA/18.1/nios2eds/bin/gnu/H-x86_64-pc-linux-gnu/bin/../lib/gcc/nios2-elf/5.3.0/../../../../../H-x86_64-pc-linux-gnu/nios2-elf/lib/libsmallc.a(lib_a-memcmp.o)
 .bss           0x000000000000af9c        0x0 /opt/intelFPGA/18.1/nios2eds/bin/gnu/H-x86_64-pc-linux-gnu/bin/../lib/gcc/nios2-elf/5.3.0/../../../../../H-x86_64-pc-linux-gnu/nios2-elf/lib/libsmallc.a(lib_a-__call_atexit.o)
 .bss           0x000000000000af9c        0x0 ../count_binary_bsp//libhal_bsp.a(alt_exit.o)
 *(COMMON)
 COMMON         0x000000000000af9c      0x100 ../count_binary_bsp//libhal_bsp.a(alt_irq_handler.o)
                0x000000000000af9c                alt_irq
                0x000000000000b09c                . = ALIGN (0x4)
                0x000000000000b09c                __bss_end = ABSOLUTE (.)

.onchip_mem     0x000000000000b09c        0x0
                [!provide]                        PROVIDE (_alt_partition_onchip_mem_start, ABSOLUTE (.))
 *(.onchip_mem .onchip_mem. onchip_mem.*)
                0x000000000000b09c                . = ALIGN (0x4)
                [!provide]                        PROVIDE (_alt_partition_onchip_mem_end, ABSOLUTE (.))
                0x000000000000b09c                _end = ABSOLUTE (.)
                0x000000000000b09c                end = ABSOLUTE (.)
                0x000000000000b09c                __alt_stack_base = ABSOLUTE (.)
                [!provide]                        PROVIDE (_alt_partition_onchip_mem_load_addr, LOADADDR (.onchip_mem))

.stab
 *(.stab)

.stabstr
 *(.stabstr)

.stab.excl
 *(.stab.excl)

.stab.exclstr
 *(.stab.exclstr)

.stab.index
 *(.stab.index)

.stab.indexstr
 *(.stab.indexstr)

.comment        0x0000000000000000       0x23
 *(.comment)
 .comment       0x0000000000000000       0x23 obj/default/count_binary.o
                                         0x24 (size before relaxing)
 .comment       0x0000000000000023       0x24 obj/default/main.o
 .comment       0x0000000000000023       0x24 /opt/intelFPGA/18.1/nios2eds/bin/gnu/H-x86_64-pc-linux-gnu/bin/../lib/gcc/nios2-elf/5.3.0/libgcc.a(lib2-divmod.o)
 .comment       0x0000000000000023       0x24 /opt/intelFPGA/18.1/nios2eds/bin/gnu/H-x86_64-pc-linux-gnu/bin/../lib/gcc/nios2-elf/5.3.0/../../../../../H-x86_64-pc-linux-gnu/nios2-elf/lib/libsmallc.a(lib_a-printf.o)
 .comment       0x0000000000000023       0x24 /opt/intelFPGA/18.1/nios2eds/bin/gnu/H-x86_64-pc-linux-gnu/bin/../lib/gcc/nios2-elf/5.3.0/../../../../../H-x86_64-pc-linux-gnu/nios2-elf/lib/libsmallc.a(lib_a-putchar.o)
 .comment       0x0000000000000023       0x24 /opt/intelFPGA/18.1/nios2eds/bin/gnu/H-x86_64-pc-linux-gnu/bin/../lib/gcc/nios2-elf/5.3.0/../../../../../H-x86_64-pc-linux-gnu/nios2-elf/lib/libsmallc.a(lib_a-puts.o)
 .comment       0x0000000000000023       0x24 /opt/intelFPGA/18.1/nios2eds/bin/gnu/H-x86_64-pc-linux-gnu/bin/../lib/gcc/nios2-elf/5.3.0/../../../../../H-x86_64-pc-linux-gnu/nios2-elf/lib/libsmallc.a(lib_a-strlen.o)
 .comment       0x0000000000000023       0x24 /opt/intelFPGA/18.1/nios2eds/bin/gnu/H-x86_64-pc-linux-gnu/bin/../lib/gcc/nios2-elf/5.3.0/../../../../../H-x86_64-pc-linux-gnu/nios2-elf/lib/libsmallc.a(lib_a-vfprintf.o)
 .comment       0x0000000000000023       0x24 /opt/intelFPGA/18.1/nios2eds/bin/gnu/H-x86_64-pc-linux-gnu/bin/../lib/gcc/nios2-elf/5.3.0/../../../../../H-x86_64-pc-linux-gnu/nios2-elf/lib/libsmallc.a(lib_a-fvwrite_small_dev.o)
 .comment       0x0000000000000023       0x24 /opt/intelFPGA/18.1/nios2eds/bin/gnu/H-x86_64-pc-linux-gnu/bin/../lib/gcc/nios2-elf/5.3.0/../../../../../H-x86_64-pc-linux-gnu/nios2-elf/lib/libsmallc.a(lib_a-impure.o)
 .comment       0x0000000000000023       0x24 /opt/intelFPGA/18.1/nios2eds/bin/gnu/H-x86_64-pc-linux-gnu/bin/../lib/gcc/nios2-elf/5.3.0/../../../../../H-x86_64-pc-linux-gnu/nios2-elf/lib/libsmallc.a(lib_a-putc.o)
 .comment       0x0000000000000023       0x24 /opt/intelFPGA/18.1/nios2eds/bin/gnu/H-x86_64-pc-linux-gnu/bin/../lib/gcc/nios2-elf/5.3.0/../../../../../H-x86_64-pc-linux-gnu/nios2-elf/lib/libsmallc.a(lib_a-writer.o)
 .comment       0x0000000000000023       0x24 /opt/intelFPGA/18.1/nios2eds/bin/gnu/H-x86_64-pc-linux-gnu/bin/../lib/gcc/nios2-elf/5.3.0/../../../../../H-x86_64-pc-linux-gnu/nios2-elf/lib/libsmallc.a(lib_a-int_errno.o)
 .comment       0x0000000000000023       0x24 ../count_binary_bsp//libhal_bsp.a(alt_load.o)
 .comment       0x0000000000000023       0x24 ../count_binary_bsp//libhal_bsp.a(alt_main.o)
 .comment       0x0000000000000023       0x24 ../count_binary_bsp//libhal_bsp.a(alt_usleep.o)
 .comment       0x0000000000000023       0x24 ../count_binary_bsp//libhal_bsp.a(alt_write.o)
 .comment       0x0000000000000023       0x24 ../count_binary_bsp//libhal_bsp.a(alt_sys_init.o)
 .comment       0x0000000000000023       0x24 ../count_binary_bsp//libhal_bsp.a(altera_avalon_jtag_uart_fd.o)
 .comment       0x0000000000000023       0x24 ../count_binary_bsp//libhal_bsp.a(altera_avalon_jtag_uart_read.o)
 .comment       0x0000000000000023       0x24 ../count_binary_bsp//libhal_bsp.a(altera_avalon_jtag_uart_write.o)
 .comment       0x0000000000000023       0x24 ../count_binary_bsp//libhal_bsp.a(altera_avalon_timer_sc.o)
 .comment       0x0000000000000023       0x24 ../count_binary_bsp//libhal_bsp.a(alt_busy_sleep.o)
 .comment       0x0000000000000023       0x24 ../count_binary_bsp//libhal_bsp.a(alt_close.o)
 .comment       0x0000000000000023       0x24 ../count_binary_bsp//libhal_bsp.a(alt_dcache_flush_all.o)
 .comment       0x0000000000000023       0x24 ../count_binary_bsp//libhal_bsp.a(alt_dev.o)
 .comment       0x0000000000000023       0x24 ../count_binary_bsp//libhal_bsp.a(alt_dev_llist_insert.o)
 .comment       0x0000000000000023       0x24 ../count_binary_bsp//libhal_bsp.a(alt_errno.o)
 .comment       0x0000000000000023       0x24 ../count_binary_bsp//libhal_bsp.a(alt_icache_flush_all.o)
 .comment       0x0000000000000023       0x24 ../count_binary_bsp//libhal_bsp.a(alt_iic.o)
 .comment       0x0000000000000023       0x24 ../count_binary_bsp//libhal_bsp.a(alt_iic_isr_register.o)
 .comment       0x0000000000000023       0x24 ../count_binary_bsp//libhal_bsp.a(alt_io_redirect.o)
 .comment       0x0000000000000023       0x24 ../count_binary_bsp//libhal_bsp.a(alt_irq_handler.o)
 .comment       0x0000000000000023       0x24 ../count_binary_bsp//libhal_bsp.a(alt_irq_vars.o)
 .comment       0x0000000000000023       0x24 ../count_binary_bsp//libhal_bsp.a(alt_open.o)
 .comment       0x0000000000000023       0x24 ../count_binary_bsp//libhal_bsp.a(alt_release_fd.o)
 .comment       0x0000000000000023       0x24 ../count_binary_bsp//libhal_bsp.a(alt_tick.o)
 .comment       0x0000000000000023       0x24 ../count_binary_bsp//libhal_bsp.a(altera_nios2_gen2_irq.o)
 .comment       0x0000000000000023       0x24 ../count_binary_bsp//libhal_bsp.a(alt_find_dev.o)
 .comment       0x0000000000000023       0x24 ../count_binary_bsp//libhal_bsp.a(alt_find_file.o)
 .comment       0x0000000000000023       0x24 ../count_binary_bsp//libhal_bsp.a(alt_get_fd.o)
 .comment       0x0000000000000023       0x24 ../count_binary_bsp//libhal_bsp.a(alt_icache_flush.o)
 .comment       0x0000000000000023       0x24 /opt/intelFPGA/18.1/nios2eds/bin/gnu/H-x86_64-pc-linux-gnu/bin/../lib/gcc/nios2-elf/5.3.0/../../../../../H-x86_64-pc-linux-gnu/nios2-elf/lib/libsmallc.a(lib_a-exit.o)
 .comment       0x0000000000000023       0x24 /opt/intelFPGA/18.1/nios2eds/bin/gnu/H-x86_64-pc-linux-gnu/bin/../lib/gcc/nios2-elf/5.3.0/../../../../../H-x86_64-pc-linux-gnu/nios2-elf/lib/libsmallc.a(lib_a-memcmp.o)
 .comment       0x0000000000000023       0x24 /opt/intelFPGA/18.1/nios2eds/bin/gnu/H-x86_64-pc-linux-gnu/bin/../lib/gcc/nios2-elf/5.3.0/../../../../../H-x86_64-pc-linux-gnu/nios2-elf/lib/libsmallc.a(lib_a-__call_atexit.o)
 .comment       0x0000000000000023       0x24 ../count_binary_bsp//libhal_bsp.a(alt_exit.o)

.debug
 *(.debug)

.line
 *(.line)

.debug_srcinfo
 *(.debug_srcinfo)

.debug_sfnames
 *(.debug_sfnames)

.debug_aranges  0x0000000000000000      0x660
 *(.debug_aranges)
 .debug_aranges
                0x0000000000000000       0x28 ../count_binary_bsp//obj/HAL/src/crt0.o
 .debug_aranges
                0x0000000000000028       0x20 obj/default/count_binary.o
 .debug_aranges
                0x0000000000000048       0x20 obj/default/main.o
 .debug_aranges
                0x0000000000000068       0x20 /opt/intelFPGA/18.1/nios2eds/bin/gnu/H-x86_64-pc-linux-gnu/bin/../lib/gcc/nios2-elf/5.3.0/libgcc.a(lib2-divmod.o)
 .debug_aranges
                0x0000000000000088       0x28 /opt/intelFPGA/18.1/nios2eds/bin/gnu/H-x86_64-pc-linux-gnu/bin/../lib/gcc/nios2-elf/5.3.0/../../../../../H-x86_64-pc-linux-gnu/nios2-elf/lib/libsmallc.a(lib_a-printf.o)
 .debug_aranges
                0x00000000000000b0       0x28 /opt/intelFPGA/18.1/nios2eds/bin/gnu/H-x86_64-pc-linux-gnu/bin/../lib/gcc/nios2-elf/5.3.0/../../../../../H-x86_64-pc-linux-gnu/nios2-elf/lib/libsmallc.a(lib_a-putchar.o)
 .debug_aranges
                0x00000000000000d8       0x28 /opt/intelFPGA/18.1/nios2eds/bin/gnu/H-x86_64-pc-linux-gnu/bin/../lib/gcc/nios2-elf/5.3.0/../../../../../H-x86_64-pc-linux-gnu/nios2-elf/lib/libsmallc.a(lib_a-puts.o)
 .debug_aranges
                0x0000000000000100       0x20 /opt/intelFPGA/18.1/nios2eds/bin/gnu/H-x86_64-pc-linux-gnu/bin/../lib/gcc/nios2-elf/5.3.0/../../../../../H-x86_64-pc-linux-gnu/nios2-elf/lib/libsmallc.a(lib_a-strlen.o)
 .debug_aranges
                0x0000000000000120       0x30 /opt/intelFPGA/18.1/nios2eds/bin/gnu/H-x86_64-pc-linux-gnu/bin/../lib/gcc/nios2-elf/5.3.0/../../../../../H-x86_64-pc-linux-gnu/nios2-elf/lib/libsmallc.a(lib_a-vfprintf.o)
 .debug_aranges
                0x0000000000000150       0x20 /opt/intelFPGA/18.1/nios2eds/bin/gnu/H-x86_64-pc-linux-gnu/bin/../lib/gcc/nios2-elf/5.3.0/../../../../../H-x86_64-pc-linux-gnu/nios2-elf/lib/libsmallc.a(lib_a-fvwrite_small_dev.o)
 .debug_aranges
                0x0000000000000170       0x18 /opt/intelFPGA/18.1/nios2eds/bin/gnu/H-x86_64-pc-linux-gnu/bin/../lib/gcc/nios2-elf/5.3.0/../../../../../H-x86_64-pc-linux-gnu/nios2-elf/lib/libsmallc.a(lib_a-impure.o)
 .debug_aranges
                0x0000000000000188       0x28 /opt/intelFPGA/18.1/nios2eds/bin/gnu/H-x86_64-pc-linux-gnu/bin/../lib/gcc/nios2-elf/5.3.0/../../../../../H-x86_64-pc-linux-gnu/nios2-elf/lib/libsmallc.a(lib_a-putc.o)
 .debug_aranges
                0x00000000000001b0       0x20 /opt/intelFPGA/18.1/nios2eds/bin/gnu/H-x86_64-pc-linux-gnu/bin/../lib/gcc/nios2-elf/5.3.0/../../../../../H-x86_64-pc-linux-gnu/nios2-elf/lib/libsmallc.a(lib_a-writer.o)
 .debug_aranges
                0x00000000000001d0       0x18 /opt/intelFPGA/18.1/nios2eds/bin/gnu/H-x86_64-pc-linux-gnu/bin/../lib/gcc/nios2-elf/5.3.0/../../../../../H-x86_64-pc-linux-gnu/nios2-elf/lib/libsmallc.a(lib_a-int_errno.o)
 .debug_aranges
                0x00000000000001e8       0x20 ../count_binary_bsp//libhal_bsp.a(alt_load.o)
 .debug_aranges
                0x0000000000000208       0x20 ../count_binary_bsp//libhal_bsp.a(alt_main.o)
 .debug_aranges
                0x0000000000000228       0x20 ../count_binary_bsp//libhal_bsp.a(alt_usleep.o)
 .debug_aranges
                0x0000000000000248       0x20 ../count_binary_bsp//libhal_bsp.a(alt_write.o)
 .debug_aranges
                0x0000000000000268       0x20 ../count_binary_bsp//libhal_bsp.a(alt_sys_init.o)
 .debug_aranges
                0x0000000000000288       0x20 ../count_binary_bsp//libhal_bsp.a(altera_avalon_jtag_uart_fd.o)
 .debug_aranges
                0x00000000000002a8       0x20 ../count_binary_bsp//libhal_bsp.a(altera_avalon_jtag_uart_read.o)
 .debug_aranges
                0x00000000000002c8       0x20 ../count_binary_bsp//libhal_bsp.a(altera_avalon_jtag_uart_write.o)
 .debug_aranges
                0x00000000000002e8       0x20 ../count_binary_bsp//libhal_bsp.a(altera_avalon_timer_sc.o)
 .debug_aranges
                0x0000000000000308       0x20 ../count_binary_bsp//libhal_bsp.a(alt_busy_sleep.o)
 .debug_aranges
                0x0000000000000328       0x20 ../count_binary_bsp//libhal_bsp.a(alt_close.o)
 .debug_aranges
                0x0000000000000348       0x20 ../count_binary_bsp//libhal_bsp.a(alt_dcache_flush_all.o)
 .debug_aranges
                0x0000000000000368       0x20 ../count_binary_bsp//libhal_bsp.a(alt_dev.o)
 .debug_aranges
                0x0000000000000388       0x20 ../count_binary_bsp//libhal_bsp.a(alt_dev_llist_insert.o)
 .debug_aranges
                0x00000000000003a8       0x18 ../count_binary_bsp//libhal_bsp.a(alt_errno.o)
 .debug_aranges
                0x00000000000003c0       0x20 ../count_binary_bsp//libhal_bsp.a(alt_icache_flush_all.o)
 .debug_aranges
                0x00000000000003e0       0x20 ../count_binary_bsp//libhal_bsp.a(alt_iic.o)
 .debug_aranges
                0x0000000000000400       0x20 ../count_binary_bsp//libhal_bsp.a(alt_iic_isr_register.o)
 .debug_aranges
                0x0000000000000420       0x20 ../count_binary_bsp//libhal_bsp.a(alt_io_redirect.o)
 .debug_aranges
                0x0000000000000440       0x30 ../count_binary_bsp//libhal_bsp.a(alt_irq_entry.o)
 .debug_aranges
                0x0000000000000470       0x20 ../count_binary_bsp//libhal_bsp.a(alt_irq_handler.o)
 .debug_aranges
                0x0000000000000490       0x18 ../count_binary_bsp//libhal_bsp.a(alt_irq_vars.o)
 .debug_aranges
                0x00000000000004a8       0x20 ../count_binary_bsp//libhal_bsp.a(alt_open.o)
 .debug_aranges
                0x00000000000004c8       0x20 ../count_binary_bsp//libhal_bsp.a(alt_release_fd.o)
 .debug_aranges
                0x00000000000004e8       0x20 ../count_binary_bsp//libhal_bsp.a(alt_tick.o)
 .debug_aranges
                0x0000000000000508       0x20 ../count_binary_bsp//libhal_bsp.a(altera_nios2_gen2_irq.o)
 .debug_aranges
                0x0000000000000528       0x38 ../count_binary_bsp//libhal_bsp.a(alt_exception_entry.o)
 .debug_aranges
                0x0000000000000560       0x20 ../count_binary_bsp//libhal_bsp.a(alt_find_dev.o)
 .debug_aranges
                0x0000000000000580       0x20 ../count_binary_bsp//libhal_bsp.a(alt_find_file.o)
 .debug_aranges
                0x00000000000005a0       0x20 ../count_binary_bsp//libhal_bsp.a(alt_get_fd.o)
 .debug_aranges
                0x00000000000005c0       0x20 ../count_binary_bsp//libhal_bsp.a(alt_icache_flush.o)
 .debug_aranges
                0x00000000000005e0       0x20 /opt/intelFPGA/18.1/nios2eds/bin/gnu/H-x86_64-pc-linux-gnu/bin/../lib/gcc/nios2-elf/5.3.0/../../../../../H-x86_64-pc-linux-gnu/nios2-elf/lib/libsmallc.a(lib_a-exit.o)
 .debug_aranges
                0x0000000000000600       0x20 /opt/intelFPGA/18.1/nios2eds/bin/gnu/H-x86_64-pc-linux-gnu/bin/../lib/gcc/nios2-elf/5.3.0/../../../../../H-x86_64-pc-linux-gnu/nios2-elf/lib/libsmallc.a(lib_a-memcmp.o)
 .debug_aranges
                0x0000000000000620       0x20 /opt/intelFPGA/18.1/nios2eds/bin/gnu/H-x86_64-pc-linux-gnu/bin/../lib/gcc/nios2-elf/5.3.0/../../../../../H-x86_64-pc-linux-gnu/nios2-elf/lib/libsmallc.a(lib_a-__call_atexit.o)
 .debug_aranges
                0x0000000000000640       0x20 ../count_binary_bsp//libhal_bsp.a(alt_exit.o)

.debug_pubnames
 *(.debug_pubnames)

.debug_info     0x0000000000000000     0x90c3
 *(.debug_info .gnu.linkonce.wi.*)
 .debug_info    0x0000000000000000       0x9f ../count_binary_bsp//obj/HAL/src/crt0.o
 .debug_info    0x000000000000009f      0x9e2 obj/default/count_binary.o
 .debug_info    0x0000000000000a81       0xa7 obj/default/main.o
 .debug_info    0x0000000000000b28      0x2c6 /opt/intelFPGA/18.1/nios2eds/bin/gnu/H-x86_64-pc-linux-gnu/bin/../lib/gcc/nios2-elf/5.3.0/libgcc.a(lib2-divmod.o)
 .debug_info    0x0000000000000dee      0x699 /opt/intelFPGA/18.1/nios2eds/bin/gnu/H-x86_64-pc-linux-gnu/bin/../lib/gcc/nios2-elf/5.3.0/../../../../../H-x86_64-pc-linux-gnu/nios2-elf/lib/libsmallc.a(lib_a-printf.o)
 .debug_info    0x0000000000001487      0x62a /opt/intelFPGA/18.1/nios2eds/bin/gnu/H-x86_64-pc-linux-gnu/bin/../lib/gcc/nios2-elf/5.3.0/../../../../../H-x86_64-pc-linux-gnu/nios2-elf/lib/libsmallc.a(lib_a-putchar.o)
 .debug_info    0x0000000000001ab1      0x66d /opt/intelFPGA/18.1/nios2eds/bin/gnu/H-x86_64-pc-linux-gnu/bin/../lib/gcc/nios2-elf/5.3.0/../../../../../H-x86_64-pc-linux-gnu/nios2-elf/lib/libsmallc.a(lib_a-puts.o)
 .debug_info    0x000000000000211e       0xc9 /opt/intelFPGA/18.1/nios2eds/bin/gnu/H-x86_64-pc-linux-gnu/bin/../lib/gcc/nios2-elf/5.3.0/../../../../../H-x86_64-pc-linux-gnu/nios2-elf/lib/libsmallc.a(lib_a-strlen.o)
 .debug_info    0x00000000000021e7      0xb2b /opt/intelFPGA/18.1/nios2eds/bin/gnu/H-x86_64-pc-linux-gnu/bin/../lib/gcc/nios2-elf/5.3.0/../../../../../H-x86_64-pc-linux-gnu/nios2-elf/lib/libsmallc.a(lib_a-vfprintf.o)
 .debug_info    0x0000000000002d12      0x62b /opt/intelFPGA/18.1/nios2eds/bin/gnu/H-x86_64-pc-linux-gnu/bin/../lib/gcc/nios2-elf/5.3.0/../../../../../H-x86_64-pc-linux-gnu/nios2-elf/lib/libsmallc.a(lib_a-fvwrite_small_dev.o)
 .debug_info    0x000000000000333d      0x5a9 /opt/intelFPGA/18.1/nios2eds/bin/gnu/H-x86_64-pc-linux-gnu/bin/../lib/gcc/nios2-elf/5.3.0/../../../../../H-x86_64-pc-linux-gnu/nios2-elf/lib/libsmallc.a(lib_a-impure.o)
 .debug_info    0x00000000000038e6      0x672 /opt/intelFPGA/18.1/nios2eds/bin/gnu/H-x86_64-pc-linux-gnu/bin/../lib/gcc/nios2-elf/5.3.0/../../../../../H-x86_64-pc-linux-gnu/nios2-elf/lib/libsmallc.a(lib_a-putc.o)
 .debug_info    0x0000000000003f58      0x630 /opt/intelFPGA/18.1/nios2eds/bin/gnu/H-x86_64-pc-linux-gnu/bin/../lib/gcc/nios2-elf/5.3.0/../../../../../H-x86_64-pc-linux-gnu/nios2-elf/lib/libsmallc.a(lib_a-writer.o)
 .debug_info    0x0000000000004588       0x8a /opt/intelFPGA/18.1/nios2eds/bin/gnu/H-x86_64-pc-linux-gnu/bin/../lib/gcc/nios2-elf/5.3.0/../../../../../H-x86_64-pc-linux-gnu/nios2-elf/lib/libsmallc.a(lib_a-int_errno.o)
 .debug_info    0x0000000000004612      0x145 ../count_binary_bsp//libhal_bsp.a(alt_load.o)
 .debug_info    0x0000000000004757      0x131 ../count_binary_bsp//libhal_bsp.a(alt_main.o)
 .debug_info    0x0000000000004888       0xb0 ../count_binary_bsp//libhal_bsp.a(alt_usleep.o)
 .debug_info    0x0000000000004938      0x4b7 ../count_binary_bsp//libhal_bsp.a(alt_write.o)
 .debug_info    0x0000000000004def      0x3df ../count_binary_bsp//libhal_bsp.a(alt_sys_init.o)
 .debug_info    0x00000000000051ce      0x3a7 ../count_binary_bsp//libhal_bsp.a(altera_avalon_jtag_uart_fd.o)
 .debug_info    0x0000000000005575      0x1b2 ../count_binary_bsp//libhal_bsp.a(altera_avalon_jtag_uart_read.o)
 .debug_info    0x0000000000005727      0x195 ../count_binary_bsp//libhal_bsp.a(altera_avalon_jtag_uart_write.o)
 .debug_info    0x00000000000058bc      0x226 ../count_binary_bsp//libhal_bsp.a(altera_avalon_timer_sc.o)
 .debug_info    0x0000000000005ae2       0xd7 ../count_binary_bsp//libhal_bsp.a(alt_busy_sleep.o)
 .debug_info    0x0000000000005bb9      0x321 ../count_binary_bsp//libhal_bsp.a(alt_close.o)
 .debug_info    0x0000000000005eda       0x92 ../count_binary_bsp//libhal_bsp.a(alt_dcache_flush_all.o)
 .debug_info    0x0000000000005f6c      0x49c ../count_binary_bsp//libhal_bsp.a(alt_dev.o)
 .debug_info    0x0000000000006408      0x1a9 ../count_binary_bsp//libhal_bsp.a(alt_dev_llist_insert.o)
 .debug_info    0x00000000000065b1       0xa6 ../count_binary_bsp//libhal_bsp.a(alt_errno.o)
 .debug_info    0x0000000000006657       0x92 ../count_binary_bsp//libhal_bsp.a(alt_icache_flush_all.o)
 .debug_info    0x00000000000066e9      0x350 ../count_binary_bsp//libhal_bsp.a(alt_iic.o)
 .debug_info    0x0000000000006a39      0x1ef ../count_binary_bsp//libhal_bsp.a(alt_iic_isr_register.o)
 .debug_info    0x0000000000006c28      0x4a5 ../count_binary_bsp//libhal_bsp.a(alt_io_redirect.o)
 .debug_info    0x00000000000070cd       0xa8 ../count_binary_bsp//libhal_bsp.a(alt_irq_entry.o)
 .debug_info    0x0000000000007175      0x187 ../count_binary_bsp//libhal_bsp.a(alt_irq_handler.o)
 .debug_info    0x00000000000072fc       0x88 ../count_binary_bsp//libhal_bsp.a(alt_irq_vars.o)
 .debug_info    0x0000000000007384      0x3bb ../count_binary_bsp//libhal_bsp.a(alt_open.o)
 .debug_info    0x000000000000773f      0x2b0 ../count_binary_bsp//libhal_bsp.a(alt_release_fd.o)
 .debug_info    0x00000000000079ef      0x299 ../count_binary_bsp//libhal_bsp.a(alt_tick.o)
 .debug_info    0x0000000000007c88       0x92 ../count_binary_bsp//libhal_bsp.a(altera_nios2_gen2_irq.o)
 .debug_info    0x0000000000007d1a       0xae ../count_binary_bsp//libhal_bsp.a(alt_exception_entry.o)
 .debug_info    0x0000000000007dc8      0x2e9 ../count_binary_bsp//libhal_bsp.a(alt_find_dev.o)
 .debug_info    0x00000000000080b1      0x2e6 ../count_binary_bsp//libhal_bsp.a(alt_find_file.o)
 .debug_info    0x0000000000008397      0x310 ../count_binary_bsp//libhal_bsp.a(alt_get_fd.o)
 .debug_info    0x00000000000086a7       0xdc ../count_binary_bsp//libhal_bsp.a(alt_icache_flush.o)
 .debug_info    0x0000000000008783       0xe5 /opt/intelFPGA/18.1/nios2eds/bin/gnu/H-x86_64-pc-linux-gnu/bin/../lib/gcc/nios2-elf/5.3.0/../../../../../H-x86_64-pc-linux-gnu/nios2-elf/lib/libsmallc.a(lib_a-exit.o)
 .debug_info    0x0000000000008868       0xf4 /opt/intelFPGA/18.1/nios2eds/bin/gnu/H-x86_64-pc-linux-gnu/bin/../lib/gcc/nios2-elf/5.3.0/../../../../../H-x86_64-pc-linux-gnu/nios2-elf/lib/libsmallc.a(lib_a-memcmp.o)
 .debug_info    0x000000000000895c      0x67b /opt/intelFPGA/18.1/nios2eds/bin/gnu/H-x86_64-pc-linux-gnu/bin/../lib/gcc/nios2-elf/5.3.0/../../../../../H-x86_64-pc-linux-gnu/nios2-elf/lib/libsmallc.a(lib_a-__call_atexit.o)
 .debug_info    0x0000000000008fd7       0xec ../count_binary_bsp//libhal_bsp.a(alt_exit.o)

.debug_abbrev   0x0000000000000000     0x3000
 *(.debug_abbrev)
 .debug_abbrev  0x0000000000000000       0x12 ../count_binary_bsp//obj/HAL/src/crt0.o
 .debug_abbrev  0x0000000000000012      0x259 obj/default/count_binary.o
 .debug_abbrev  0x000000000000026b       0x58 obj/default/main.o
 .debug_abbrev  0x00000000000002c3      0x10e /opt/intelFPGA/18.1/nios2eds/bin/gnu/H-x86_64-pc-linux-gnu/bin/../lib/gcc/nios2-elf/5.3.0/libgcc.a(lib2-divmod.o)
 .debug_abbrev  0x00000000000003d1      0x1ee /opt/intelFPGA/18.1/nios2eds/bin/gnu/H-x86_64-pc-linux-gnu/bin/../lib/gcc/nios2-elf/5.3.0/../../../../../H-x86_64-pc-linux-gnu/nios2-elf/lib/libsmallc.a(lib_a-printf.o)
 .debug_abbrev  0x00000000000005bf      0x1c0 /opt/intelFPGA/18.1/nios2eds/bin/gnu/H-x86_64-pc-linux-gnu/bin/../lib/gcc/nios2-elf/5.3.0/../../../../../H-x86_64-pc-linux-gnu/nios2-elf/lib/libsmallc.a(lib_a-putchar.o)
 .debug_abbrev  0x000000000000077f      0x1d6 /opt/intelFPGA/18.1/nios2eds/bin/gnu/H-x86_64-pc-linux-gnu/bin/../lib/gcc/nios2-elf/5.3.0/../../../../../H-x86_64-pc-linux-gnu/nios2-elf/lib/libsmallc.a(lib_a-puts.o)
 .debug_abbrev  0x0000000000000955       0x7f /opt/intelFPGA/18.1/nios2eds/bin/gnu/H-x86_64-pc-linux-gnu/bin/../lib/gcc/nios2-elf/5.3.0/../../../../../H-x86_64-pc-linux-gnu/nios2-elf/lib/libsmallc.a(lib_a-strlen.o)
 .debug_abbrev  0x00000000000009d4      0x2a1 /opt/intelFPGA/18.1/nios2eds/bin/gnu/H-x86_64-pc-linux-gnu/bin/../lib/gcc/nios2-elf/5.3.0/../../../../../H-x86_64-pc-linux-gnu/nios2-elf/lib/libsmallc.a(lib_a-vfprintf.o)
 .debug_abbrev  0x0000000000000c75      0x1bc /opt/intelFPGA/18.1/nios2eds/bin/gnu/H-x86_64-pc-linux-gnu/bin/../lib/gcc/nios2-elf/5.3.0/../../../../../H-x86_64-pc-linux-gnu/nios2-elf/lib/libsmallc.a(lib_a-fvwrite_small_dev.o)
 .debug_abbrev  0x0000000000000e31      0x14a /opt/intelFPGA/18.1/nios2eds/bin/gnu/H-x86_64-pc-linux-gnu/bin/../lib/gcc/nios2-elf/5.3.0/../../../../../H-x86_64-pc-linux-gnu/nios2-elf/lib/libsmallc.a(lib_a-impure.o)
 .debug_abbrev  0x0000000000000f7b      0x1bd /opt/intelFPGA/18.1/nios2eds/bin/gnu/H-x86_64-pc-linux-gnu/bin/../lib/gcc/nios2-elf/5.3.0/../../../../../H-x86_64-pc-linux-gnu/nios2-elf/lib/libsmallc.a(lib_a-putc.o)
 .debug_abbrev  0x0000000000001138      0x1a6 /opt/intelFPGA/18.1/nios2eds/bin/gnu/H-x86_64-pc-linux-gnu/bin/../lib/gcc/nios2-elf/5.3.0/../../../../../H-x86_64-pc-linux-gnu/nios2-elf/lib/libsmallc.a(lib_a-writer.o)
 .debug_abbrev  0x00000000000012de       0x37 /opt/intelFPGA/18.1/nios2eds/bin/gnu/H-x86_64-pc-linux-gnu/bin/../lib/gcc/nios2-elf/5.3.0/../../../../../H-x86_64-pc-linux-gnu/nios2-elf/lib/libsmallc.a(lib_a-int_errno.o)
 .debug_abbrev  0x0000000000001315       0x9f ../count_binary_bsp//libhal_bsp.a(alt_load.o)
 .debug_abbrev  0x00000000000013b4       0xba ../count_binary_bsp//libhal_bsp.a(alt_main.o)
 .debug_abbrev  0x000000000000146e       0x60 ../count_binary_bsp//libhal_bsp.a(alt_usleep.o)
 .debug_abbrev  0x00000000000014ce      0x133 ../count_binary_bsp//libhal_bsp.a(alt_write.o)
 .debug_abbrev  0x0000000000001601      0x157 ../count_binary_bsp//libhal_bsp.a(alt_sys_init.o)
 .debug_abbrev  0x0000000000001758       0xf7 ../count_binary_bsp//libhal_bsp.a(altera_avalon_jtag_uart_fd.o)
 .debug_abbrev  0x000000000000184f       0xd5 ../count_binary_bsp//libhal_bsp.a(altera_avalon_jtag_uart_read.o)
 .debug_abbrev  0x0000000000001924       0xd5 ../count_binary_bsp//libhal_bsp.a(altera_avalon_jtag_uart_write.o)
 .debug_abbrev  0x00000000000019f9      0x155 ../count_binary_bsp//libhal_bsp.a(altera_avalon_timer_sc.o)
 .debug_abbrev  0x0000000000001b4e       0x7e ../count_binary_bsp//libhal_bsp.a(alt_busy_sleep.o)
 .debug_abbrev  0x0000000000001bcc      0x11f ../count_binary_bsp//libhal_bsp.a(alt_close.o)
 .debug_abbrev  0x0000000000001ceb       0x42 ../count_binary_bsp//libhal_bsp.a(alt_dcache_flush_all.o)
 .debug_abbrev  0x0000000000001d2d       0xd9 ../count_binary_bsp//libhal_bsp.a(alt_dev.o)
 .debug_abbrev  0x0000000000001e06      0x114 ../count_binary_bsp//libhal_bsp.a(alt_dev_llist_insert.o)
 .debug_abbrev  0x0000000000001f1a       0x5a ../count_binary_bsp//libhal_bsp.a(alt_errno.o)
 .debug_abbrev  0x0000000000001f74       0x42 ../count_binary_bsp//libhal_bsp.a(alt_icache_flush_all.o)
 .debug_abbrev  0x0000000000001fb6      0x163 ../count_binary_bsp//libhal_bsp.a(alt_iic.o)
 .debug_abbrev  0x0000000000002119      0x169 ../count_binary_bsp//libhal_bsp.a(alt_iic_isr_register.o)
 .debug_abbrev  0x0000000000002282      0x114 ../count_binary_bsp//libhal_bsp.a(alt_io_redirect.o)
 .debug_abbrev  0x0000000000002396       0x12 ../count_binary_bsp//libhal_bsp.a(alt_irq_entry.o)
 .debug_abbrev  0x00000000000023a8      0x122 ../count_binary_bsp//libhal_bsp.a(alt_irq_handler.o)
 .debug_abbrev  0x00000000000024ca       0x40 ../count_binary_bsp//libhal_bsp.a(alt_irq_vars.o)
 .debug_abbrev  0x000000000000250a      0x148 ../count_binary_bsp//libhal_bsp.a(alt_open.o)
 .debug_abbrev  0x0000000000002652       0xde ../count_binary_bsp//libhal_bsp.a(alt_release_fd.o)
 .debug_abbrev  0x0000000000002730      0x15a ../count_binary_bsp//libhal_bsp.a(alt_tick.o)
 .debug_abbrev  0x000000000000288a       0x42 ../count_binary_bsp//libhal_bsp.a(altera_nios2_gen2_irq.o)
 .debug_abbrev  0x00000000000028cc       0x12 ../count_binary_bsp//libhal_bsp.a(alt_exception_entry.o)
 .debug_abbrev  0x00000000000028de       0xf0 ../count_binary_bsp//libhal_bsp.a(alt_find_dev.o)
 .debug_abbrev  0x00000000000029ce       0xf0 ../count_binary_bsp//libhal_bsp.a(alt_find_file.o)
 .debug_abbrev  0x0000000000002abe      0x10d ../count_binary_bsp//libhal_bsp.a(alt_get_fd.o)
 .debug_abbrev  0x0000000000002bcb       0x8c ../count_binary_bsp//libhal_bsp.a(alt_icache_flush.o)
 .debug_abbrev  0x0000000000002c57       0x8b /opt/intelFPGA/18.1/nios2eds/bin/gnu/H-x86_64-pc-linux-gnu/bin/../lib/gcc/nios2-elf/5.3.0/../../../../../H-x86_64-pc-linux-gnu/nios2-elf/lib/libsmallc.a(lib_a-exit.o)
 .debug_abbrev  0x0000000000002ce2       0x7f /opt/intelFPGA/18.1/nios2eds/bin/gnu/H-x86_64-pc-linux-gnu/bin/../lib/gcc/nios2-elf/5.3.0/../../../../../H-x86_64-pc-linux-gnu/nios2-elf/lib/libsmallc.a(lib_a-memcmp.o)
 .debug_abbrev  0x0000000000002d61      0x1f6 /opt/intelFPGA/18.1/nios2eds/bin/gnu/H-x86_64-pc-linux-gnu/bin/../lib/gcc/nios2-elf/5.3.0/../../../../../H-x86_64-pc-linux-gnu/nios2-elf/lib/libsmallc.a(lib_a-__call_atexit.o)
 .debug_abbrev  0x0000000000002f57       0xa9 ../count_binary_bsp//libhal_bsp.a(alt_exit.o)

.debug_line     0x0000000000000000     0x33fa
 *(.debug_line)
 .debug_line    0x0000000000000000       0x6c ../count_binary_bsp//obj/HAL/src/crt0.o
 .debug_line    0x000000000000006c      0x218 obj/default/count_binary.o
 .debug_line    0x0000000000000284       0x3f obj/default/main.o
 .debug_line    0x00000000000002c3      0x102 /opt/intelFPGA/18.1/nios2eds/bin/gnu/H-x86_64-pc-linux-gnu/bin/../lib/gcc/nios2-elf/5.3.0/libgcc.a(lib2-divmod.o)
 .debug_line    0x00000000000003c5      0x200 /opt/intelFPGA/18.1/nios2eds/bin/gnu/H-x86_64-pc-linux-gnu/bin/../lib/gcc/nios2-elf/5.3.0/../../../../../H-x86_64-pc-linux-gnu/nios2-elf/lib/libsmallc.a(lib_a-printf.o)
 .debug_line    0x00000000000005c5      0x1e6 /opt/intelFPGA/18.1/nios2eds/bin/gnu/H-x86_64-pc-linux-gnu/bin/../lib/gcc/nios2-elf/5.3.0/../../../../../H-x86_64-pc-linux-gnu/nios2-elf/lib/libsmallc.a(lib_a-putchar.o)
 .debug_line    0x00000000000007ab      0x203 /opt/intelFPGA/18.1/nios2eds/bin/gnu/H-x86_64-pc-linux-gnu/bin/../lib/gcc/nios2-elf/5.3.0/../../../../../H-x86_64-pc-linux-gnu/nios2-elf/lib/libsmallc.a(lib_a-puts.o)
 .debug_line    0x00000000000009ae      0x159 /opt/intelFPGA/18.1/nios2eds/bin/gnu/H-x86_64-pc-linux-gnu/bin/../lib/gcc/nios2-elf/5.3.0/../../../../../H-x86_64-pc-linux-gnu/nios2-elf/lib/libsmallc.a(lib_a-strlen.o)
 .debug_line    0x0000000000000b07      0x34f /opt/intelFPGA/18.1/nios2eds/bin/gnu/H-x86_64-pc-linux-gnu/bin/../lib/gcc/nios2-elf/5.3.0/../../../../../H-x86_64-pc-linux-gnu/nios2-elf/lib/libsmallc.a(lib_a-vfprintf.o)
 .debug_line    0x0000000000000e56      0x1ed /opt/intelFPGA/18.1/nios2eds/bin/gnu/H-x86_64-pc-linux-gnu/bin/../lib/gcc/nios2-elf/5.3.0/../../../../../H-x86_64-pc-linux-gnu/nios2-elf/lib/libsmallc.a(lib_a-fvwrite_small_dev.o)
 .debug_line    0x0000000000001043      0x153 /opt/intelFPGA/18.1/nios2eds/bin/gnu/H-x86_64-pc-linux-gnu/bin/../lib/gcc/nios2-elf/5.3.0/../../../../../H-x86_64-pc-linux-gnu/nios2-elf/lib/libsmallc.a(lib_a-impure.o)
 .debug_line    0x0000000000001196      0x1ff /opt/intelFPGA/18.1/nios2eds/bin/gnu/H-x86_64-pc-linux-gnu/bin/../lib/gcc/nios2-elf/5.3.0/../../../../../H-x86_64-pc-linux-gnu/nios2-elf/lib/libsmallc.a(lib_a-putc.o)
 .debug_line    0x0000000000001395      0x1ea /opt/intelFPGA/18.1/nios2eds/bin/gnu/H-x86_64-pc-linux-gnu/bin/../lib/gcc/nios2-elf/5.3.0/../../../../../H-x86_64-pc-linux-gnu/nios2-elf/lib/libsmallc.a(lib_a-writer.o)
 .debug_line    0x000000000000157f       0x5c /opt/intelFPGA/18.1/nios2eds/bin/gnu/H-x86_64-pc-linux-gnu/bin/../lib/gcc/nios2-elf/5.3.0/../../../../../H-x86_64-pc-linux-gnu/nios2-elf/lib/libsmallc.a(lib_a-int_errno.o)
 .debug_line    0x00000000000015db       0x8e ../count_binary_bsp//libhal_bsp.a(alt_load.o)
 .debug_line    0x0000000000001669       0x9e ../count_binary_bsp//libhal_bsp.a(alt_main.o)
 .debug_line    0x0000000000001707       0xaf ../count_binary_bsp//libhal_bsp.a(alt_usleep.o)
 .debug_line    0x00000000000017b6      0x1df ../count_binary_bsp//libhal_bsp.a(alt_write.o)
 .debug_line    0x0000000000001995      0x142 ../count_binary_bsp//libhal_bsp.a(alt_sys_init.o)
 .debug_line    0x0000000000001ad7      0x112 ../count_binary_bsp//libhal_bsp.a(altera_avalon_jtag_uart_fd.o)
 .debug_line    0x0000000000001be9       0xfd ../count_binary_bsp//libhal_bsp.a(altera_avalon_jtag_uart_read.o)
 .debug_line    0x0000000000001ce6       0xf4 ../count_binary_bsp//libhal_bsp.a(altera_avalon_jtag_uart_write.o)
 .debug_line    0x0000000000001dda       0xfd ../count_binary_bsp//libhal_bsp.a(altera_avalon_timer_sc.o)
 .debug_line    0x0000000000001ed7       0xa0 ../count_binary_bsp//libhal_bsp.a(alt_busy_sleep.o)
 .debug_line    0x0000000000001f77      0x167 ../count_binary_bsp//libhal_bsp.a(alt_close.o)
 .debug_line    0x00000000000020de       0x51 ../count_binary_bsp//libhal_bsp.a(alt_dcache_flush_all.o)
 .debug_line    0x000000000000212f       0xfa ../count_binary_bsp//libhal_bsp.a(alt_dev.o)
 .debug_line    0x0000000000002229       0xcf ../count_binary_bsp//libhal_bsp.a(alt_dev_llist_insert.o)
 .debug_line    0x00000000000022f8       0x51 ../count_binary_bsp//libhal_bsp.a(alt_errno.o)
 .debug_line    0x0000000000002349       0x50 ../count_binary_bsp//libhal_bsp.a(alt_icache_flush_all.o)
 .debug_line    0x0000000000002399       0xeb ../count_binary_bsp//libhal_bsp.a(alt_iic.o)
 .debug_line    0x0000000000002484       0xdb ../count_binary_bsp//libhal_bsp.a(alt_iic_isr_register.o)
 .debug_line    0x000000000000255f      0x135 ../count_binary_bsp//libhal_bsp.a(alt_io_redirect.o)
 .debug_line    0x0000000000002694       0x6b ../count_binary_bsp//libhal_bsp.a(alt_irq_entry.o)
 .debug_line    0x00000000000026ff       0xaa ../count_binary_bsp//libhal_bsp.a(alt_irq_handler.o)
 .debug_line    0x00000000000027a9       0x50 ../count_binary_bsp//libhal_bsp.a(alt_irq_vars.o)
 .debug_line    0x00000000000027f9      0x128 ../count_binary_bsp//libhal_bsp.a(alt_open.o)
 .debug_line    0x0000000000002921       0xae ../count_binary_bsp//libhal_bsp.a(alt_release_fd.o)
 .debug_line    0x00000000000029cf       0xff ../count_binary_bsp//libhal_bsp.a(alt_tick.o)
 .debug_line    0x0000000000002ace       0x51 ../count_binary_bsp//libhal_bsp.a(altera_nios2_gen2_irq.o)
 .debug_line    0x0000000000002b1f       0xad ../count_binary_bsp//libhal_bsp.a(alt_exception_entry.o)
 .debug_line    0x0000000000002bcc       0xb5 ../count_binary_bsp//libhal_bsp.a(alt_find_dev.o)
 .debug_line    0x0000000000002c81       0xd1 ../count_binary_bsp//libhal_bsp.a(alt_find_file.o)
 .debug_line    0x0000000000002d52       0xd4 ../count_binary_bsp//libhal_bsp.a(alt_get_fd.o)
 .debug_line    0x0000000000002e26       0x81 ../count_binary_bsp//libhal_bsp.a(alt_icache_flush.o)
 .debug_line    0x0000000000002ea7      0x156 /opt/intelFPGA/18.1/nios2eds/bin/gnu/H-x86_64-pc-linux-gnu/bin/../lib/gcc/nios2-elf/5.3.0/../../../../../H-x86_64-pc-linux-gnu/nios2-elf/lib/libsmallc.a(lib_a-exit.o)
 .debug_line    0x0000000000002ffd      0x15d /opt/intelFPGA/18.1/nios2eds/bin/gnu/H-x86_64-pc-linux-gnu/bin/../lib/gcc/nios2-elf/5.3.0/../../../../../H-x86_64-pc-linux-gnu/nios2-elf/lib/libsmallc.a(lib_a-memcmp.o)
 .debug_line    0x000000000000315a      0x22f /opt/intelFPGA/18.1/nios2eds/bin/gnu/H-x86_64-pc-linux-gnu/bin/../lib/gcc/nios2-elf/5.3.0/../../../../../H-x86_64-pc-linux-gnu/nios2-elf/lib/libsmallc.a(lib_a-__call_atexit.o)
 .debug_line    0x0000000000003389       0x71 ../count_binary_bsp//libhal_bsp.a(alt_exit.o)

.debug_frame    0x0000000000000000      0xcf4
 *(.debug_frame)
 .debug_frame   0x0000000000000000      0x134 obj/default/count_binary.o
 .debug_frame   0x0000000000000134       0x60 obj/default/main.o
 .debug_frame   0x0000000000000194       0x50 /opt/intelFPGA/18.1/nios2eds/bin/gnu/H-x86_64-pc-linux-gnu/bin/../lib/gcc/nios2-elf/5.3.0/libgcc.a(lib2-divmod.o)
 .debug_frame   0x00000000000001e4       0x48 /opt/intelFPGA/18.1/nios2eds/bin/gnu/H-x86_64-pc-linux-gnu/bin/../lib/gcc/nios2-elf/5.3.0/../../../../../H-x86_64-pc-linux-gnu/nios2-elf/lib/libsmallc.a(lib_a-printf.o)
 .debug_frame   0x000000000000022c       0x30 /opt/intelFPGA/18.1/nios2eds/bin/gnu/H-x86_64-pc-linux-gnu/bin/../lib/gcc/nios2-elf/5.3.0/../../../../../H-x86_64-pc-linux-gnu/nios2-elf/lib/libsmallc.a(lib_a-putchar.o)
 .debug_frame   0x000000000000025c       0x48 /opt/intelFPGA/18.1/nios2eds/bin/gnu/H-x86_64-pc-linux-gnu/bin/../lib/gcc/nios2-elf/5.3.0/../../../../../H-x86_64-pc-linux-gnu/nios2-elf/lib/libsmallc.a(lib_a-puts.o)
 .debug_frame   0x00000000000002a4       0x20 /opt/intelFPGA/18.1/nios2eds/bin/gnu/H-x86_64-pc-linux-gnu/bin/../lib/gcc/nios2-elf/5.3.0/../../../../../H-x86_64-pc-linux-gnu/nios2-elf/lib/libsmallc.a(lib_a-strlen.o)
 .debug_frame   0x00000000000002c4       0x8c /opt/intelFPGA/18.1/nios2eds/bin/gnu/H-x86_64-pc-linux-gnu/bin/../lib/gcc/nios2-elf/5.3.0/../../../../../H-x86_64-pc-linux-gnu/nios2-elf/lib/libsmallc.a(lib_a-vfprintf.o)
 .debug_frame   0x0000000000000350       0x58 /opt/intelFPGA/18.1/nios2eds/bin/gnu/H-x86_64-pc-linux-gnu/bin/../lib/gcc/nios2-elf/5.3.0/../../../../../H-x86_64-pc-linux-gnu/nios2-elf/lib/libsmallc.a(lib_a-fvwrite_small_dev.o)
 .debug_frame   0x00000000000003a8       0x50 /opt/intelFPGA/18.1/nios2eds/bin/gnu/H-x86_64-pc-linux-gnu/bin/../lib/gcc/nios2-elf/5.3.0/../../../../../H-x86_64-pc-linux-gnu/nios2-elf/lib/libsmallc.a(lib_a-putc.o)
 .debug_frame   0x00000000000003f8       0x38 /opt/intelFPGA/18.1/nios2eds/bin/gnu/H-x86_64-pc-linux-gnu/bin/../lib/gcc/nios2-elf/5.3.0/../../../../../H-x86_64-pc-linux-gnu/nios2-elf/lib/libsmallc.a(lib_a-writer.o)
 .debug_frame   0x0000000000000430       0x5c ../count_binary_bsp//libhal_bsp.a(alt_load.o)
 .debug_frame   0x000000000000048c       0x2c ../count_binary_bsp//libhal_bsp.a(alt_main.o)
 .debug_frame   0x00000000000004b8       0x38 ../count_binary_bsp//libhal_bsp.a(alt_usleep.o)
 .debug_frame   0x00000000000004f0       0x60 ../count_binary_bsp//libhal_bsp.a(alt_write.o)
 .debug_frame   0x0000000000000550       0x88 ../count_binary_bsp//libhal_bsp.a(alt_sys_init.o)
 .debug_frame   0x00000000000005d8       0x60 ../count_binary_bsp//libhal_bsp.a(altera_avalon_jtag_uart_fd.o)
 .debug_frame   0x0000000000000638       0x34 ../count_binary_bsp//libhal_bsp.a(altera_avalon_jtag_uart_read.o)
 .debug_frame   0x000000000000066c       0x34 ../count_binary_bsp//libhal_bsp.a(altera_avalon_jtag_uart_write.o)
 .debug_frame   0x00000000000006a0       0x60 ../count_binary_bsp//libhal_bsp.a(altera_avalon_timer_sc.o)
 .debug_frame   0x0000000000000700       0x38 ../count_binary_bsp//libhal_bsp.a(alt_busy_sleep.o)
 .debug_frame   0x0000000000000738       0x60 ../count_binary_bsp//libhal_bsp.a(alt_close.o)
 .debug_frame   0x0000000000000798       0x34 ../count_binary_bsp//libhal_bsp.a(alt_dcache_flush_all.o)
 .debug_frame   0x00000000000007cc       0x34 ../count_binary_bsp//libhal_bsp.a(alt_dev.o)
 .debug_frame   0x0000000000000800       0x60 ../count_binary_bsp//libhal_bsp.a(alt_dev_llist_insert.o)
 .debug_frame   0x0000000000000860       0x38 ../count_binary_bsp//libhal_bsp.a(alt_icache_flush_all.o)
 .debug_frame   0x0000000000000898       0xa4 ../count_binary_bsp//libhal_bsp.a(alt_iic.o)
 .debug_frame   0x000000000000093c       0x38 ../count_binary_bsp//libhal_bsp.a(alt_iic_isr_register.o)
 .debug_frame   0x0000000000000974       0x60 ../count_binary_bsp//libhal_bsp.a(alt_io_redirect.o)
 .debug_frame   0x00000000000009d4       0x38 ../count_binary_bsp//libhal_bsp.a(alt_irq_handler.o)
 .debug_frame   0x0000000000000a0c       0x84 ../count_binary_bsp//libhal_bsp.a(alt_open.o)
 .debug_frame   0x0000000000000a90       0x34 ../count_binary_bsp//libhal_bsp.a(alt_release_fd.o)
 .debug_frame   0x0000000000000ac4       0x5c ../count_binary_bsp//libhal_bsp.a(alt_tick.o)
 .debug_frame   0x0000000000000b20       0x34 ../count_binary_bsp//libhal_bsp.a(altera_nios2_gen2_irq.o)
 .debug_frame   0x0000000000000b54       0x38 ../count_binary_bsp//libhal_bsp.a(alt_find_dev.o)
 .debug_frame   0x0000000000000b8c       0x38 ../count_binary_bsp//libhal_bsp.a(alt_find_file.o)
 .debug_frame   0x0000000000000bc4       0x34 ../count_binary_bsp//libhal_bsp.a(alt_get_fd.o)
 .debug_frame   0x0000000000000bf8       0x34 ../count_binary_bsp//libhal_bsp.a(alt_icache_flush.o)
 .debug_frame   0x0000000000000c2c       0x28 /opt/intelFPGA/18.1/nios2eds/bin/gnu/H-x86_64-pc-linux-gnu/bin/../lib/gcc/nios2-elf/5.3.0/../../../../../H-x86_64-pc-linux-gnu/nios2-elf/lib/libsmallc.a(lib_a-exit.o)
 .debug_frame   0x0000000000000c54       0x20 /opt/intelFPGA/18.1/nios2eds/bin/gnu/H-x86_64-pc-linux-gnu/bin/../lib/gcc/nios2-elf/5.3.0/../../../../../H-x86_64-pc-linux-gnu/nios2-elf/lib/libsmallc.a(lib_a-memcmp.o)
 .debug_frame   0x0000000000000c74       0x54 /opt/intelFPGA/18.1/nios2eds/bin/gnu/H-x86_64-pc-linux-gnu/bin/../lib/gcc/nios2-elf/5.3.0/../../../../../H-x86_64-pc-linux-gnu/nios2-elf/lib/libsmallc.a(lib_a-__call_atexit.o)
 .debug_frame   0x0000000000000cc8       0x2c ../count_binary_bsp//libhal_bsp.a(alt_exit.o)

.debug_str      0x0000000000000000     0x1a51
 *(.debug_str)
 .debug_str     0x0000000000000000      0x500 obj/default/count_binary.o
                                        0x59d (size before relaxing)
 .debug_str     0x0000000000000500      0x500 obj/default/main.o
                                        0x167 (size before relaxing)
 .debug_str     0x0000000000000500      0x16e /opt/intelFPGA/18.1/nios2eds/bin/gnu/H-x86_64-pc-linux-gnu/bin/../lib/gcc/nios2-elf/5.3.0/libgcc.a(lib2-divmod.o)
                                        0x1b9 (size before relaxing)
 .debug_str     0x000000000000066e      0x1c7 /opt/intelFPGA/18.1/nios2eds/bin/gnu/H-x86_64-pc-linux-gnu/bin/../lib/gcc/nios2-elf/5.3.0/../../../../../H-x86_64-pc-linux-gnu/nios2-elf/lib/libsmallc.a(lib_a-printf.o)
                                        0x4eb (size before relaxing)
 .debug_str     0x0000000000000835       0x55 /opt/intelFPGA/18.1/nios2eds/bin/gnu/H-x86_64-pc-linux-gnu/bin/../lib/gcc/nios2-elf/5.3.0/../../../../../H-x86_64-pc-linux-gnu/nios2-elf/lib/libsmallc.a(lib_a-putchar.o)
                                        0x4a8 (size before relaxing)
 .debug_str     0x000000000000088a       0x60 /opt/intelFPGA/18.1/nios2eds/bin/gnu/H-x86_64-pc-linux-gnu/bin/../lib/gcc/nios2-elf/5.3.0/../../../../../H-x86_64-pc-linux-gnu/nios2-elf/lib/libsmallc.a(lib_a-puts.o)
                                        0x4b4 (size before relaxing)
 .debug_str     0x00000000000008ea       0xc5 /opt/intelFPGA/18.1/nios2eds/bin/gnu/H-x86_64-pc-linux-gnu/bin/../lib/gcc/nios2-elf/5.3.0/../../../../../H-x86_64-pc-linux-gnu/nios2-elf/lib/libsmallc.a(lib_a-strlen.o)
                                        0x1cc (size before relaxing)
 .debug_str     0x00000000000009af      0x1e9 /opt/intelFPGA/18.1/nios2eds/bin/gnu/H-x86_64-pc-linux-gnu/bin/../lib/gcc/nios2-elf/5.3.0/../../../../../H-x86_64-pc-linux-gnu/nios2-elf/lib/libsmallc.a(lib_a-vfprintf.o)
                                        0x666 (size before relaxing)
 .debug_str     0x0000000000000b98       0x60 /opt/intelFPGA/18.1/nios2eds/bin/gnu/H-x86_64-pc-linux-gnu/bin/../lib/gcc/nios2-elf/5.3.0/../../../../../H-x86_64-pc-linux-gnu/nios2-elf/lib/libsmallc.a(lib_a-fvwrite_small_dev.o)
                                        0x4bb (size before relaxing)
 .debug_str     0x0000000000000bf8       0xe2 /opt/intelFPGA/18.1/nios2eds/bin/gnu/H-x86_64-pc-linux-gnu/bin/../lib/gcc/nios2-elf/5.3.0/../../../../../H-x86_64-pc-linux-gnu/nios2-elf/lib/libsmallc.a(lib_a-impure.o)
                                        0x4a5 (size before relaxing)
 .debug_str     0x0000000000000cda       0x43 /opt/intelFPGA/18.1/nios2eds/bin/gnu/H-x86_64-pc-linux-gnu/bin/../lib/gcc/nios2-elf/5.3.0/../../../../../H-x86_64-pc-linux-gnu/nios2-elf/lib/libsmallc.a(lib_a-putc.o)
                                        0x4b2 (size before relaxing)
 .debug_str     0x0000000000000d1d       0x42 /opt/intelFPGA/18.1/nios2eds/bin/gnu/H-x86_64-pc-linux-gnu/bin/../lib/gcc/nios2-elf/5.3.0/../../../../../H-x86_64-pc-linux-gnu/nios2-elf/lib/libsmallc.a(lib_a-writer.o)
                                        0x49f (size before relaxing)
 .debug_str     0x0000000000000d5f       0x3c /opt/intelFPGA/18.1/nios2eds/bin/gnu/H-x86_64-pc-linux-gnu/bin/../lib/gcc/nios2-elf/5.3.0/../../../../../H-x86_64-pc-linux-gnu/nios2-elf/lib/libsmallc.a(lib_a-int_errno.o)
                                        0x1bf (size before relaxing)
 .debug_str     0x0000000000000d9b      0x15c ../count_binary_bsp//libhal_bsp.a(alt_load.o)
                                        0x240 (size before relaxing)
 .debug_str     0x0000000000000ef7       0x70 ../count_binary_bsp//libhal_bsp.a(alt_main.o)
                                        0x1cb (size before relaxing)
 .debug_str     0x0000000000000f67       0x27 ../count_binary_bsp//libhal_bsp.a(alt_usleep.o)
                                        0x176 (size before relaxing)
 .debug_str     0x0000000000000f8e      0x152 ../count_binary_bsp//libhal_bsp.a(alt_write.o)
                                        0x326 (size before relaxing)
 .debug_str     0x00000000000010e0      0x136 ../count_binary_bsp//libhal_bsp.a(alt_sys_init.o)
                                        0x338 (size before relaxing)
 .debug_str     0x0000000000001216       0x77 ../count_binary_bsp//libhal_bsp.a(altera_avalon_jtag_uart_fd.o)
                                        0x303 (size before relaxing)
 .debug_str     0x000000000000128d       0x48 ../count_binary_bsp//libhal_bsp.a(altera_avalon_jtag_uart_read.o)
                                        0x24d (size before relaxing)
 .debug_str     0x00000000000012d5       0x4a ../count_binary_bsp//libhal_bsp.a(altera_avalon_jtag_uart_write.o)
                                        0x243 (size before relaxing)
 .debug_str     0x000000000000131f       0xb6 ../count_binary_bsp//libhal_bsp.a(altera_avalon_timer_sc.o)
                                        0x279 (size before relaxing)
 .debug_str     0x00000000000013d5       0x42 ../count_binary_bsp//libhal_bsp.a(alt_busy_sleep.o)
                                        0x199 (size before relaxing)
 .debug_str     0x0000000000001417       0x1b ../count_binary_bsp//libhal_bsp.a(alt_close.o)
                                        0x239 (size before relaxing)
 .debug_str     0x0000000000001432       0x34 ../count_binary_bsp//libhal_bsp.a(alt_dcache_flush_all.o)
                                        0x183 (size before relaxing)
 .debug_str     0x0000000000001466       0x50 ../count_binary_bsp//libhal_bsp.a(alt_dev.o)
                                        0x333 (size before relaxing)
 .debug_str     0x00000000000014b6       0x4b ../count_binary_bsp//libhal_bsp.a(alt_dev_llist_insert.o)
                                        0x1fa (size before relaxing)
 .debug_str     0x0000000000001501       0x14 ../count_binary_bsp//libhal_bsp.a(alt_errno.o)
                                        0x173 (size before relaxing)
 .debug_str     0x0000000000001515       0x34 ../count_binary_bsp//libhal_bsp.a(alt_icache_flush_all.o)
                                        0x183 (size before relaxing)
 .debug_str     0x0000000000001549       0xc4 ../count_binary_bsp//libhal_bsp.a(alt_iic.o)
                                        0x26c (size before relaxing)
 .debug_str     0x000000000000160d       0x4c ../count_binary_bsp//libhal_bsp.a(alt_iic_isr_register.o)
                                        0x216 (size before relaxing)
 .debug_str     0x0000000000001659       0x56 ../count_binary_bsp//libhal_bsp.a(alt_io_redirect.o)
                                        0x344 (size before relaxing)
 .debug_str     0x00000000000016af       0x3a ../count_binary_bsp//libhal_bsp.a(alt_irq_handler.o)
                                        0x1c5 (size before relaxing)
 .debug_str     0x00000000000016e9       0x17 ../count_binary_bsp//libhal_bsp.a(alt_irq_vars.o)
                                        0x168 (size before relaxing)
 .debug_str     0x0000000000001700       0x2f ../count_binary_bsp//libhal_bsp.a(alt_open.o)
                                        0x279 (size before relaxing)
 .debug_str     0x000000000000172f       0x28 ../count_binary_bsp//libhal_bsp.a(alt_release_fd.o)
                                        0x201 (size before relaxing)
 .debug_str     0x0000000000001757       0x78 ../count_binary_bsp//libhal_bsp.a(alt_tick.o)
                                        0x280 (size before relaxing)
 .debug_str     0x00000000000017cf       0x3b ../count_binary_bsp//libhal_bsp.a(altera_nios2_gen2_irq.o)
                                        0x18a (size before relaxing)
 .debug_str     0x000000000000180a       0x24 ../count_binary_bsp//libhal_bsp.a(alt_find_dev.o)
                                        0x21a (size before relaxing)
 .debug_str     0x000000000000182e       0x26 ../count_binary_bsp//libhal_bsp.a(alt_find_file.o)
                                        0x228 (size before relaxing)
 .debug_str     0x0000000000001854       0x30 ../count_binary_bsp//libhal_bsp.a(alt_get_fd.o)
                                        0x24a (size before relaxing)
 .debug_str     0x0000000000001884       0x2c ../count_binary_bsp//libhal_bsp.a(alt_icache_flush.o)
                                        0x189 (size before relaxing)
 .debug_str     0x00000000000018b0       0xd4 /opt/intelFPGA/18.1/nios2eds/bin/gnu/H-x86_64-pc-linux-gnu/bin/../lib/gcc/nios2-elf/5.3.0/../../../../../H-x86_64-pc-linux-gnu/nios2-elf/lib/libsmallc.a(lib_a-exit.o)
                                        0x1d7 (size before relaxing)
 .debug_str     0x0000000000001984       0x41 /opt/intelFPGA/18.1/nios2eds/bin/gnu/H-x86_64-pc-linux-gnu/bin/../lib/gcc/nios2-elf/5.3.0/../../../../../H-x86_64-pc-linux-gnu/nios2-elf/lib/libsmallc.a(lib_a-memcmp.o)
                                        0x1c6 (size before relaxing)
 .debug_str     0x00000000000019c5       0x62 /opt/intelFPGA/18.1/nios2eds/bin/gnu/H-x86_64-pc-linux-gnu/bin/../lib/gcc/nios2-elf/5.3.0/../../../../../H-x86_64-pc-linux-gnu/nios2-elf/lib/libsmallc.a(lib_a-__call_atexit.o)
                                        0x4d2 (size before relaxing)
 .debug_str     0x0000000000001a27       0x2a ../count_binary_bsp//libhal_bsp.a(alt_exit.o)
                                        0x17f (size before relaxing)

.debug_loc      0x0000000000000000     0x144f
 *(.debug_loc)
 .debug_loc     0x0000000000000000      0x4ce /opt/intelFPGA/18.1/nios2eds/bin/gnu/H-x86_64-pc-linux-gnu/bin/../lib/gcc/nios2-elf/5.3.0/libgcc.a(lib2-divmod.o)
 .debug_loc     0x00000000000004ce       0xc6 /opt/intelFPGA/18.1/nios2eds/bin/gnu/H-x86_64-pc-linux-gnu/bin/../lib/gcc/nios2-elf/5.3.0/../../../../../H-x86_64-pc-linux-gnu/nios2-elf/lib/libsmallc.a(lib_a-printf.o)
 .debug_loc     0x0000000000000594       0x81 /opt/intelFPGA/18.1/nios2eds/bin/gnu/H-x86_64-pc-linux-gnu/bin/../lib/gcc/nios2-elf/5.3.0/../../../../../H-x86_64-pc-linux-gnu/nios2-elf/lib/libsmallc.a(lib_a-putchar.o)
 .debug_loc     0x0000000000000615       0x97 /opt/intelFPGA/18.1/nios2eds/bin/gnu/H-x86_64-pc-linux-gnu/bin/../lib/gcc/nios2-elf/5.3.0/../../../../../H-x86_64-pc-linux-gnu/nios2-elf/lib/libsmallc.a(lib_a-puts.o)
 .debug_loc     0x00000000000006ac       0x1e /opt/intelFPGA/18.1/nios2eds/bin/gnu/H-x86_64-pc-linux-gnu/bin/../lib/gcc/nios2-elf/5.3.0/../../../../../H-x86_64-pc-linux-gnu/nios2-elf/lib/libsmallc.a(lib_a-strlen.o)
 .debug_loc     0x00000000000006ca      0x901 /opt/intelFPGA/18.1/nios2eds/bin/gnu/H-x86_64-pc-linux-gnu/bin/../lib/gcc/nios2-elf/5.3.0/../../../../../H-x86_64-pc-linux-gnu/nios2-elf/lib/libsmallc.a(lib_a-vfprintf.o)
 .debug_loc     0x0000000000000fcb      0x110 /opt/intelFPGA/18.1/nios2eds/bin/gnu/H-x86_64-pc-linux-gnu/bin/../lib/gcc/nios2-elf/5.3.0/../../../../../H-x86_64-pc-linux-gnu/nios2-elf/lib/libsmallc.a(lib_a-fvwrite_small_dev.o)
 .debug_loc     0x00000000000010db       0xc6 /opt/intelFPGA/18.1/nios2eds/bin/gnu/H-x86_64-pc-linux-gnu/bin/../lib/gcc/nios2-elf/5.3.0/../../../../../H-x86_64-pc-linux-gnu/nios2-elf/lib/libsmallc.a(lib_a-putc.o)
 .debug_loc     0x00000000000011a1       0xa5 /opt/intelFPGA/18.1/nios2eds/bin/gnu/H-x86_64-pc-linux-gnu/bin/../lib/gcc/nios2-elf/5.3.0/../../../../../H-x86_64-pc-linux-gnu/nios2-elf/lib/libsmallc.a(lib_a-writer.o)
 .debug_loc     0x0000000000001246       0x1e /opt/intelFPGA/18.1/nios2eds/bin/gnu/H-x86_64-pc-linux-gnu/bin/../lib/gcc/nios2-elf/5.3.0/../../../../../H-x86_64-pc-linux-gnu/nios2-elf/lib/libsmallc.a(lib_a-exit.o)
 .debug_loc     0x0000000000001264       0x94 /opt/intelFPGA/18.1/nios2eds/bin/gnu/H-x86_64-pc-linux-gnu/bin/../lib/gcc/nios2-elf/5.3.0/../../../../../H-x86_64-pc-linux-gnu/nios2-elf/lib/libsmallc.a(lib_a-memcmp.o)
 .debug_loc     0x00000000000012f8      0x157 /opt/intelFPGA/18.1/nios2eds/bin/gnu/H-x86_64-pc-linux-gnu/bin/../lib/gcc/nios2-elf/5.3.0/../../../../../H-x86_64-pc-linux-gnu/nios2-elf/lib/libsmallc.a(lib_a-__call_atexit.o)

.debug_macinfo
 *(.debug_macinfo)

.debug_weaknames
 *(.debug_weaknames)

.debug_funcnames
 *(.debug_funcnames)

.debug_typenames
 *(.debug_typenames)

.debug_varnames
 *(.debug_varnames)

.debug_alt_sim_info
                0x0000000000000000       0x50
 *(.debug_alt_sim_info)
 .debug_alt_sim_info
                0x0000000000000000       0x20 ../count_binary_bsp//obj/HAL/src/crt0.o
 .debug_alt_sim_info
                0x0000000000000020       0x30 ../count_binary_bsp//libhal_bsp.a(alt_busy_sleep.o)
                0x000000000000d000                __alt_data_end = 0xd000
                0x000000000000d000                PROVIDE (__alt_stack_pointer, __alt_data_end)
                [!provide]                        PROVIDE (__alt_stack_limit, __alt_stack_base)
                [!provide]                        PROVIDE (__alt_heap_start, end)
                [!provide]                        PROVIDE (__alt_heap_limit, 0xd000)
OUTPUT(count_binary.elf elf32-littlenios2)

.debug_ranges   0x0000000000000000      0x2b8
 .debug_ranges  0x0000000000000000       0x20 ../count_binary_bsp//obj/HAL/src/crt0.o
 .debug_ranges  0x0000000000000020       0x60 /opt/intelFPGA/18.1/nios2eds/bin/gnu/H-x86_64-pc-linux-gnu/bin/../lib/gcc/nios2-elf/5.3.0/libgcc.a(lib2-divmod.o)
 .debug_ranges  0x0000000000000080       0x18 /opt/intelFPGA/18.1/nios2eds/bin/gnu/H-x86_64-pc-linux-gnu/bin/../lib/gcc/nios2-elf/5.3.0/../../../../../H-x86_64-pc-linux-gnu/nios2-elf/lib/libsmallc.a(lib_a-printf.o)
 .debug_ranges  0x0000000000000098       0x18 /opt/intelFPGA/18.1/nios2eds/bin/gnu/H-x86_64-pc-linux-gnu/bin/../lib/gcc/nios2-elf/5.3.0/../../../../../H-x86_64-pc-linux-gnu/nios2-elf/lib/libsmallc.a(lib_a-putchar.o)
 .debug_ranges  0x00000000000000b0       0x18 /opt/intelFPGA/18.1/nios2eds/bin/gnu/H-x86_64-pc-linux-gnu/bin/../lib/gcc/nios2-elf/5.3.0/../../../../../H-x86_64-pc-linux-gnu/nios2-elf/lib/libsmallc.a(lib_a-puts.o)
 .debug_ranges  0x00000000000000c8       0x10 /opt/intelFPGA/18.1/nios2eds/bin/gnu/H-x86_64-pc-linux-gnu/bin/../lib/gcc/nios2-elf/5.3.0/../../../../../H-x86_64-pc-linux-gnu/nios2-elf/lib/libsmallc.a(lib_a-strlen.o)
 .debug_ranges  0x00000000000000d8       0xc8 /opt/intelFPGA/18.1/nios2eds/bin/gnu/H-x86_64-pc-linux-gnu/bin/../lib/gcc/nios2-elf/5.3.0/../../../../../H-x86_64-pc-linux-gnu/nios2-elf/lib/libsmallc.a(lib_a-vfprintf.o)
 .debug_ranges  0x00000000000001a0       0x28 /opt/intelFPGA/18.1/nios2eds/bin/gnu/H-x86_64-pc-linux-gnu/bin/../lib/gcc/nios2-elf/5.3.0/../../../../../H-x86_64-pc-linux-gnu/nios2-elf/lib/libsmallc.a(lib_a-fvwrite_small_dev.o)
 .debug_ranges  0x00000000000001c8       0x18 /opt/intelFPGA/18.1/nios2eds/bin/gnu/H-x86_64-pc-linux-gnu/bin/../lib/gcc/nios2-elf/5.3.0/../../../../../H-x86_64-pc-linux-gnu/nios2-elf/lib/libsmallc.a(lib_a-putc.o)
 .debug_ranges  0x00000000000001e0       0x10 /opt/intelFPGA/18.1/nios2eds/bin/gnu/H-x86_64-pc-linux-gnu/bin/../lib/gcc/nios2-elf/5.3.0/../../../../../H-x86_64-pc-linux-gnu/nios2-elf/lib/libsmallc.a(lib_a-writer.o)
 .debug_ranges  0x00000000000001f0       0x18 ../count_binary_bsp//libhal_bsp.a(altera_avalon_jtag_uart_read.o)
 .debug_ranges  0x0000000000000208       0x28 ../count_binary_bsp//libhal_bsp.a(alt_irq_entry.o)
 .debug_ranges  0x0000000000000230       0x10 ../count_binary_bsp//libhal_bsp.a(alt_irq_handler.o)
 .debug_ranges  0x0000000000000240       0x30 ../count_binary_bsp//libhal_bsp.a(alt_exception_entry.o)
 .debug_ranges  0x0000000000000270       0x10 /opt/intelFPGA/18.1/nios2eds/bin/gnu/H-x86_64-pc-linux-gnu/bin/../lib/gcc/nios2-elf/5.3.0/../../../../../H-x86_64-pc-linux-gnu/nios2-elf/lib/libsmallc.a(lib_a-exit.o)
 .debug_ranges  0x0000000000000280       0x10 /opt/intelFPGA/18.1/nios2eds/bin/gnu/H-x86_64-pc-linux-gnu/bin/../lib/gcc/nios2-elf/5.3.0/../../../../../H-x86_64-pc-linux-gnu/nios2-elf/lib/libsmallc.a(lib_a-memcmp.o)