Archive member included to satisfy reference by file (symbol)

/opt/intel/18.1/nios2eds/bin/gnu/H-x86_64-pc-linux-gnu/bin/../lib/gcc/nios2-elf/5.3.0/../../../../../H-x86_64-pc-linux-gnu/nios2-elf/lib/mno-hw-mul/libsmallc.a(lib_a-printf.o)
                              obj/default/count_binary.o (printf)
/opt/intel/18.1/nios2eds/bin/gnu/H-x86_64-pc-linux-gnu/bin/../lib/gcc/nios2-elf/5.3.0/../../../../../H-x86_64-pc-linux-gnu/nios2-elf/lib/mno-hw-mul/libsmallc.a(lib_a-putchar.o)
                              obj/default/count_binary.o (putchar)
/opt/intel/18.1/nios2eds/bin/gnu/H-x86_64-pc-linux-gnu/bin/../lib/gcc/nios2-elf/5.3.0/../../../../../H-x86_64-pc-linux-gnu/nios2-elf/lib/mno-hw-mul/libsmallc.a(lib_a-puts.o)
                              obj/default/count_binary.o (puts)
/opt/intel/18.1/nios2eds/bin/gnu/H-x86_64-pc-linux-gnu/bin/../lib/gcc/nios2-elf/5.3.0/../../../../../H-x86_64-pc-linux-gnu/nios2-elf/lib/mno-hw-mul/libsmallc.a(lib_a-strlen.o)
                              /opt/intel/18.1/nios2eds/bin/gnu/H-x86_64-pc-linux-gnu/bin/../lib/gcc/nios2-elf/5.3.0/../../../../../H-x86_64-pc-linux-gnu/nios2-elf/lib/mno-hw-mul/libsmallc.a(lib_a-puts.o) (strlen)
/opt/intel/18.1/nios2eds/bin/gnu/H-x86_64-pc-linux-gnu/bin/../lib/gcc/nios2-elf/5.3.0/../../../../../H-x86_64-pc-linux-gnu/nios2-elf/lib/mno-hw-mul/libsmallc.a(lib_a-vfprintf.o)
                              /opt/intel/18.1/nios2eds/bin/gnu/H-x86_64-pc-linux-gnu/bin/../lib/gcc/nios2-elf/5.3.0/../../../../../H-x86_64-pc-linux-gnu/nios2-elf/lib/mno-hw-mul/libsmallc.a(lib_a-printf.o) (___vfprintf_internal_r)
/opt/intel/18.1/nios2eds/bin/gnu/H-x86_64-pc-linux-gnu/bin/../lib/gcc/nios2-elf/5.3.0/../../../../../H-x86_64-pc-linux-gnu/nios2-elf/lib/mno-hw-mul/libsmallc.a(lib_a-fvwrite_small_dev.o)
                              /opt/intel/18.1/nios2eds/bin/gnu/H-x86_64-pc-linux-gnu/bin/../lib/gcc/nios2-elf/5.3.0/../../../../../H-x86_64-pc-linux-gnu/nios2-elf/lib/mno-hw-mul/libsmallc.a(lib_a-printf.o) (__sfvwrite_small_dev)
/opt/intel/18.1/nios2eds/bin/gnu/H-x86_64-pc-linux-gnu/bin/../lib/gcc/nios2-elf/5.3.0/../../../../../H-x86_64-pc-linux-gnu/nios2-elf/lib/mno-hw-mul/libsmallc.a(lib_a-impure.o)
                              /opt/intel/18.1/nios2eds/bin/gnu/H-x86_64-pc-linux-gnu/bin/../lib/gcc/nios2-elf/5.3.0/../../../../../H-x86_64-pc-linux-gnu/nios2-elf/lib/mno-hw-mul/libsmallc.a(lib_a-printf.o) (_impure_ptr)
/opt/intel/18.1/nios2eds/bin/gnu/H-x86_64-pc-linux-gnu/bin/../lib/gcc/nios2-elf/5.3.0/../../../../../H-x86_64-pc-linux-gnu/nios2-elf/lib/mno-hw-mul/libsmallc.a(lib_a-putc.o)
                              /opt/intel/18.1/nios2eds/bin/gnu/H-x86_64-pc-linux-gnu/bin/../lib/gcc/nios2-elf/5.3.0/../../../../../H-x86_64-pc-linux-gnu/nios2-elf/lib/mno-hw-mul/libsmallc.a(lib_a-putchar.o) (_putc_r)
/opt/intel/18.1/nios2eds/bin/gnu/H-x86_64-pc-linux-gnu/bin/../lib/gcc/nios2-elf/5.3.0/../../../../../H-x86_64-pc-linux-gnu/nios2-elf/lib/mno-hw-mul/libsmallc.a(lib_a-writer.o)
                              /opt/intel/18.1/nios2eds/bin/gnu/H-x86_64-pc-linux-gnu/bin/../lib/gcc/nios2-elf/5.3.0/../../../../../H-x86_64-pc-linux-gnu/nios2-elf/lib/mno-hw-mul/libsmallc.a(lib_a-fvwrite_small_dev.o) (_write_r)
/opt/intel/18.1/nios2eds/bin/gnu/H-x86_64-pc-linux-gnu/bin/../lib/gcc/nios2-elf/5.3.0/../../../../../H-x86_64-pc-linux-gnu/nios2-elf/lib/mno-hw-mul/libsmallc.a(lib_a-int_errno.o)
                              /opt/intel/18.1/nios2eds/bin/gnu/H-x86_64-pc-linux-gnu/bin/../lib/gcc/nios2-elf/5.3.0/../../../../../H-x86_64-pc-linux-gnu/nios2-elf/lib/mno-hw-mul/libsmallc.a(lib_a-writer.o) (errno)
/opt/intel/18.1/nios2eds/bin/gnu/H-x86_64-pc-linux-gnu/bin/../lib/gcc/nios2-elf/5.3.0/mno-hw-mul/libgcc.a(lib2-divmod.o)
                              /opt/intel/18.1/nios2eds/bin/gnu/H-x86_64-pc-linux-gnu/bin/../lib/gcc/nios2-elf/5.3.0/../../../../../H-x86_64-pc-linux-gnu/nios2-elf/lib/mno-hw-mul/libsmallc.a(lib_a-vfprintf.o) (__udivsi3)
/opt/intel/18.1/nios2eds/bin/gnu/H-x86_64-pc-linux-gnu/bin/../lib/gcc/nios2-elf/5.3.0/mno-hw-mul/libgcc.a(lib2-mul.o)
                              /opt/intel/18.1/nios2eds/bin/gnu/H-x86_64-pc-linux-gnu/bin/../lib/gcc/nios2-elf/5.3.0/../../../../../H-x86_64-pc-linux-gnu/nios2-elf/lib/mno-hw-mul/libsmallc.a(lib_a-vfprintf.o) (__mulsi3)
../count_binary_bsp//libhal_bsp.a(alt_load.o)
                              ../count_binary_bsp//obj/HAL/src/crt0.o (alt_load)
../count_binary_bsp//libhal_bsp.a(alt_main.o)
                              ../count_binary_bsp//obj/HAL/src/crt0.o (alt_main)
../count_binary_bsp//libhal_bsp.a(alt_usleep.o)
                              obj/default/count_binary.o (usleep)
../count_binary_bsp//libhal_bsp.a(alt_write.o)
                              /opt/intel/18.1/nios2eds/bin/gnu/H-x86_64-pc-linux-gnu/bin/../lib/gcc/nios2-elf/5.3.0/../../../../../H-x86_64-pc-linux-gnu/nios2-elf/lib/mno-hw-mul/libsmallc.a(lib_a-writer.o) (write)
../count_binary_bsp//libhal_bsp.a(alt_sys_init.o)
[...]
Memory Configuration

Name             Origin             Length             Attributes
reset            0x0000000000008000 0x0000000000000020
onchip_mem       0x0000000000008020 0x0000000000004fe0
*default*        0x0000000000000000 0xffffffffffffffff

Linker script and memory map

LOAD ../count_binary_bsp//obj/HAL/src/crt0.o
LOAD obj/default/count_binary.o
LOAD /opt/intel/18.1/nios2eds/bin/gnu/H-x86_64-pc-linux-gnu/bin/../lib/gcc/nios2-elf/5.3.0/../../../../../H-x86_64-pc-linux-gnu/nios2-elf/lib/mno-hw-mul/libstdc++.a
LOAD /opt/intel/18.1/nios2eds/bin/gnu/H-x86_64-pc-linux-gnu/bin/../lib/gcc/nios2-elf/5.3.0/../../../../../H-x86_64-pc-linux-gnu/nios2-elf/lib/mno-hw-mul/libm.a
LOAD /opt/intel/18.1/nios2eds/bin/gnu/H-x86_64-pc-linux-gnu/bin/../lib/gcc/nios2-elf/5.3.0/mno-hw-mul/libgcc.a
START GROUP
LOAD /opt/intel/18.1/nios2eds/bin/gnu/H-x86_64-pc-linux-gnu/bin/../lib/gcc/nios2-elf/5.3.0/../../../../../H-x86_64-pc-linux-gnu/nios2-elf/lib/mno-hw-mul/libsmallc.a
LOAD /opt/intel/18.1/nios2eds/bin/gnu/H-x86_64-pc-linux-gnu/bin/../lib/gcc/nios2-elf/5.3.0/mno-hw-mul/libgcc.a
LOAD ../count_binary_bsp//libhal_bsp.a
LOAD /opt/intel/18.1/nios2eds/bin/gnu/H-x86_64-pc-linux-gnu/bin/../lib/gcc/nios2-elf/5.3.0/../../../../../H-x86_64-pc-linux-gnu/nios2-elf/lib/mno-hw-mul/libm.a
END GROUP
LOAD /opt/intel/18.1/nios2eds/bin/gnu/H-x86_64-pc-linux-gnu/bin/../lib/gcc/nios2-elf/5.3.0/mno-hw-mul/libgcc.a
                0x0000000000008000                __alt_mem_onchip_mem = 0x8000

.entry          0x0000000000008000       0x20
 *(.entry)
 .entry         0x0000000000008000       0x20 ../count_binary_bsp//obj/HAL/src/crt0.o
                0x0000000000008000                __reset

.exceptions     0x0000000000008020      0x1a0
                0x0000000000008020                PROVIDE (__ram_exceptions_start, ABSOLUTE (.))
                0x0000000000008020                . = ALIGN (0x20)
 *(.irq)
 *(.exceptions.entry.label)
 .exceptions.entry.label
                0x0000000000008020        0x0 ../count_binary_bsp//libhal_bsp.a(alt_irq_entry.o)
                0x0000000000008020                alt_irq_entry
 .exceptions.entry.label
                0x0000000000008020        0x0 ../count_binary_bsp//libhal_bsp.a(alt_exception_entry.o)
                0x0000000000008020                alt_exception
 *(.exceptions.entry.user)
 *(.exceptions.entry.ecc_fatal)
 *(.exceptions.entry)
 .exceptions.entry
                0x0000000000008020       0x54 ../count_binary_bsp//libhal_bsp.a(alt_exception_entry.o)
 *(.exceptions.irqtest.user)
 *(.exceptions.irqtest)
 .exceptions.irqtest
                0x0000000000008074       0x10 ../count_binary_bsp//libhal_bsp.a(alt_irq_entry.o)
 *(.exceptions.irqhandler.user)
 *(.exceptions.irqhandler)
 .exceptions.irqhandler
                0x0000000000008084        0x4 ../count_binary_bsp//libhal_bsp.a(alt_irq_entry.o)
 *(.exceptions.irqreturn.user)
 *(.exceptions.irqreturn)
 .exceptions.irqreturn
                0x0000000000008088        0x4 ../count_binary_bsp//libhal_bsp.a(alt_irq_entry.o)
 *(.exceptions.notirq.label)
 .exceptions.notirq.label
                0x000000000000808c        0x0 ../count_binary_bsp//libhal_bsp.a(alt_irq_entry.o)
 *(.exceptions.notirq.user)
 *(.exceptions.notirq)
 .exceptions.notirq
                0x000000000000808c        0x8 ../count_binary_bsp//libhal_bsp.a(alt_exception_entry.o)
 *(.exceptions.soft.user)
 *(.exceptions.soft)
 *(.exceptions.unknown.user)
 *(.exceptions.unknown)
 .exceptions.unknown
                0x0000000000008094        0x4 ../count_binary_bsp//libhal_bsp.a(alt_exception_entry.o)
 *(.exceptions.exit.label)
 .exceptions.exit.label
                0x0000000000008098        0x0 ../count_binary_bsp//libhal_bsp.a(alt_irq_entry.o)
 .exceptions.exit.label
                0x0000000000008098        0x0 ../count_binary_bsp//libhal_bsp.a(alt_exception_entry.o)
 *(.exceptions.exit.user)
 *(.exceptions.exit)
 .exceptions.exit
                0x0000000000008098       0x54 ../count_binary_bsp//libhal_bsp.a(alt_exception_entry.o)
 *(.exceptions)
 .exceptions    0x00000000000080ec       0xd4 ../count_binary_bsp//libhal_bsp.a(alt_irq_handler.o)
                0x00000000000080ec                alt_irq_handler
                0x00000000000081c0                PROVIDE (__ram_exceptions_end, ABSOLUTE (.))
                0x0000000000008020                PROVIDE (__flash_exceptions_start, LOADADDR (.exceptions))

.text           0x00000000000081c0     0x26ac
                [!provide]                        PROVIDE (stext, ABSOLUTE (.))
 *(.interp)
 *(.hash)
 *(.dynsym)
 *(.dynstr)
 *(.gnu.version)
 *(.gnu.version_d)
 *(.gnu.version_r)
 *(.rel.init)
 *(.rela.init)
 *(.rel.text .rel.text.* .rel.gnu.linkonce.t.*)
 *(.rela.text .rela.text.* .rela.gnu.linkonce.t.*)
 *(.rel.fini)
 *(.rela.fini)
 *(.rel.rodata .rel.rodata.* .rel.gnu.linkonce.r.*)
 *(.rela.rodata .rela.rodata.* .rela.gnu.linkonce.r.*)
 *(.rel.data .rel.data.* .rel.gnu.linkonce.d.*)
 *(.rela.data .rela.data.* .rela.gnu.linkonce.d.*)
 *(.rel.tdata .rel.tdata.* .rel.gnu.linkonce.td.*)
 *(.rela.tdata .rela.tdata.* .rela.gnu.linkonce.td.*)
 *(.rel.tbss .rel.tbss.* .rel.gnu.linkonce.tb.*)
 *(.rela.tbss .rela.tbss.* .rela.gnu.linkonce.tb.*)
 *(.rel.ctors)
 *(.rela.ctors)
 *(.rel.dtors)
 *(.rela.dtors)
 *(.rel.got)
 *(.rela.got)
 *(.rel.sdata .rel.sdata.* .rel.gnu.linkonce.s.*)
 *(.rela.sdata .rela.sdata.* .rela.gnu.linkonce.s.*)
 *(.rel.sbss .rel.sbss.* .rel.gnu.linkonce.sb.*)
 *(.rela.sbss .rela.sbss.* .rela.gnu.linkonce.sb.*)
 *(.rel.sdata2 .rel.sdata2.* .rel.gnu.linkonce.s2.*)
 *(.rela.sdata2 .rela.sdata2.* .rela.gnu.linkonce.s2.*)
 *(.rel.sbss2 .rel.sbss2.* .rel.gnu.linkonce.sb2.*)
 *(.rela.sbss2 .rela.sbss2.* .rela.gnu.linkonce.sb2.*)
 *(.rel.bss .rel.bss.* .rel.gnu.linkonce.b.*)
 *(.rela.bss .rela.bss.* .rela.gnu.linkonce.b.*)
 *(.rel.plt)
 *(.rela.plt)
 *(.rel.dyn)
 *(.init)
 *(.plt)
 *(.text .stub .text.* .gnu.linkonce.t.*)
 .text          0x00000000000081c0       0x3c ../count_binary_bsp//obj/HAL/src/crt0.o
                0x00000000000081c0                _start
 .text          0x00000000000081fc      0x388 obj/default/count_binary.o
                0x0000000000008488                main
 .text          0x0000000000008584        0x0 /opt/intel/18.1/nios2eds/bin/gnu/H-x86_64-pc-linux-gnu/bin/../lib/gcc/nios2-elf/5.3.0/../../../../../H-x86_64-pc-linux-gnu/nios2-elf/lib/mno-hw-mul/libsmallc.a(lib_a-printf.o)
 .text._printf_r
                0x0000000000008584       0x3c /opt/intel/18.1/nios2eds/bin/gnu/H-x86_64-pc-linux-gnu/bin/../lib/gcc/nios2-elf/5.3.0/../../../../../H-x86_64-pc-linux-gnu/nios2-elf/lib/mno-hw-mul/libsmallc.a(lib_a-printf.o)
                0x0000000000008584                _printf_r
 .text.printf   0x00000000000085c0       0x4c /opt/intel/18.1/nios2eds/bin/gnu/H-x86_64-pc-linux-gnu/bin/../lib/gcc/nios2-elf/5.3.0/../../../../../H-x86_64-pc-linux-gnu/nios2-elf/lib/mno-hw-mul/libsmallc.a(lib_a-printf.o)
                0x00000000000085c0                printf
 .text          0x000000000000860c        0x0 /opt/intel/18.1/nios2eds/bin/gnu/H-x86_64-pc-linux-gnu/bin/../lib/gcc/nios2-elf/5.3.0/../../../../../H-x86_64-pc-linux-gnu/nios2-elf/lib/mno-hw-mul/libsmallc.a(lib_a-putchar.o)
 .text._putchar_r
                0x000000000000860c        0x8 /opt/intel/18.1/nios2eds/bin/gnu/H-x86_64-pc-linux-gnu/bin/../lib/gcc/nios2-elf/5.3.0/../../../../../H-x86_64-pc-linux-gnu/nios2-elf/lib/mno-hw-mul/libsmallc.a(lib_a-putchar.o)
                0x000000000000860c                _putchar_r
 .text.putchar  0x0000000000008614       0x1c /opt/intel/18.1/nios2eds/bin/gnu/H-x86_64-pc-linux-gnu/bin/../lib/gcc/nios2-elf/5.3.0/../../../../../H-x86_64-pc-linux-gnu/nios2-elf/lib/mno-hw-mul/libsmallc.a(lib_a-putchar.o)
                0x0000000000008614                putchar
 .text          0x0000000000008630        0x0 /opt/intel/18.1/nios2eds/bin/gnu/H-x86_64-pc-linux-gnu/bin/../lib/gcc/nios2-elf/5.3.0/../../../../../H-x86_64-pc-linux-gnu/nios2-elf/lib/mno-hw-mul/libsmallc.a(lib_a-puts.o)
 .text._puts_r  0x0000000000008630       0x80 /opt/intel/18.1/nios2eds/bin/gnu/H-x86_64-pc-linux-gnu/bin/../lib/gcc/nios2-elf/5.3.0/../../../../../H-x86_64-pc-linux-gnu/nios2-elf/lib/mno-hw-mul/libsmallc.a(lib_a-puts.o)
                0x0000000000008630                _puts_r
 .text.puts     0x00000000000086b0       0x14 /opt/intel/18.1/nios2eds/bin/gnu/H-x86_64-pc-linux-gnu/bin/../lib/gcc/nios2-elf/5.3.0/../../../../../H-x86_64-pc-linux-gnu/nios2-elf/lib/mno-hw-mul/libsmallc.a(lib_a-puts.o)
                0x00000000000086b0                puts
 .text          0x00000000000086c4        0x0 /opt/intel/18.1/nios2eds/bin/gnu/H-x86_64-pc-linux-gnu/bin/../lib/gcc/nios2-elf/5.3.0/../../../../../H-x86_64-pc-linux-gnu/nios2-elf/lib/mno-hw-mul/libsmallc.a(lib_a-strlen.o)
 .text.strlen   0x00000000000086c4       0x1c /opt/intel/18.1/nios2eds/bin/gnu/H-x86_64-pc-linux-gnu/bin/../lib/gcc/nios2-elf/5.3.0/../../../../../H-x86_64-pc-linux-gnu/nios2-elf/lib/mno-hw-mul/libsmallc.a(lib_a-strlen.o)
                0x00000000000086c4                strlen
 .text          0x00000000000086e0        0x0 /opt/intel/18.1/nios2eds/bin/gnu/H-x86_64-pc-linux-gnu/bin/../lib/gcc/nios2-elf/5.3.0/../../../../../H-x86_64-pc-linux-gnu/nios2-elf/lib/mno-hw-mul/libsmallc.a(lib_a-vfprintf.o)
 .text.print_repeat
                0x00000000000086e0       0x6c /opt/intel/18.1/nios2eds/bin/gnu/H-x86_64-pc-linux-gnu/bin/../lib/gcc/nios2-elf/5.3.0/../../../../../H-x86_64-pc-linux-gnu/nios2-elf/lib/mno-hw-mul/libsmallc.a(lib_a-vfprintf.o)
 .text.___vfprintf_internal_r
                0x000000000000874c      0x52c /opt/intel/18.1/nios2eds/bin/gnu/H-x86_64-pc-linux-gnu/bin/../lib/gcc/nios2-elf/5.3.0/../../../../../H-x86_64-pc-linux-gnu/nios2-elf/lib/mno-hw-mul/libsmallc.a(lib_a-vfprintf.o)
                0x000000000000874c                ___vfprintf_internal_r
 .text.__vfprintf_internal
                0x0000000000008c78       0x1c /opt/intel/18.1/nios2eds/bin/gnu/H-x86_64-pc-linux-gnu/bin/../lib/gcc/nios2-elf/5.3.0/../../../../../H-x86_64-pc-linux-gnu/nios2-elf/lib/mno-hw-mul/libsmallc.a(lib_a-vfprintf.o)
                0x0000000000008c78                __vfprintf_internal
 .text          0x0000000000008c94        0x0 /opt/intel/18.1/nios2eds/bin/gnu/H-x86_64-pc-linux-gnu/bin/../lib/gcc/nios2-elf/5.3.0/../../../../../H-x86_64-pc-linux-gnu/nios2-elf/lib/mno-hw-mul/libsmallc.a(lib_a-fvwrite_small_dev.o)
 .text.__sfvwrite_small_dev
                0x0000000000008c94       0xb8 /opt/intel/18.1/nios2eds/bin/gnu/H-x86_64-pc-linux-gnu/bin/../lib/gcc/nios2-elf/5.3.0/../../../../../H-x86_64-pc-linux-gnu/nios2-elf/lib/mno-hw-mul/libsmallc.a(lib_a-fvwrite_small_dev.o)
                0x0000000000008c94                __sfvwrite_small_dev
 .text          0x0000000000008d4c        0x0 /opt/intel/18.1/nios2eds/bin/gnu/H-x86_64-pc-linux-gnu/bin/../lib/gcc/nios2-elf/5.3.0/../../../../../H-x86_64-pc-linux-gnu/nios2-elf/lib/mno-hw-mul/libsmallc.a(lib_a-impure.o)
 .text          0x0000000000008d4c        0x0 /opt/intel/18.1/nios2eds/bin/gnu/H-x86_64-pc-linux-gnu/bin/../lib/gcc/nios2-elf/5.3.0/../../../../../H-x86_64-pc-linux-gnu/nios2-elf/lib/mno-hw-mul/libsmallc.a(lib_a-putc.o)
 .text.putc     0x0000000000008d4c       0x54 /opt/intel/18.1/nios2eds/bin/gnu/H-x86_64-pc-linux-gnu/bin/../lib/gcc/nios2-elf/5.3.0/../../../../../H-x86_64-pc-linux-gnu/nios2-elf/lib/mno-hw-mul/libsmallc.a(lib_a-putc.o)
                0x0000000000008d4c                putc
 .text._putc_r  0x0000000000008da0       0x58 /opt/intel/18.1/nios2eds/bin/gnu/H-x86_64-pc-linux-gnu/bin/../lib/gcc/nios2-elf/5.3.0/../../../../../H-x86_64-pc-linux-gnu/nios2-elf/lib/mno-hw-mul/libsmallc.a(lib_a-putc.o)
                0x0000000000008da0                _putc_r
 .text          0x0000000000008df8        0x0 /opt/intel/18.1/nios2eds/bin/gnu/H-x86_64-pc-linux-gnu/bin/../lib/gcc/nios2-elf/5.3.0/../../../../../H-x86_64-pc-linux-gnu/nios2-elf/lib/mno-hw-mul/libsmallc.a(lib_a-writer.o)
 .text._write_r
                0x0000000000008df8       0x58 /opt/intel/18.1/nios2eds/bin/gnu/H-x86_64-pc-linux-gnu/bin/../lib/gcc/nios2-elf/5.3.0/../../../../../H-x86_64-pc-linux-gnu/nios2-elf/lib/mno-hw-mul/libsmallc.a(lib_a-writer.o)
                0x0000000000008df8                _write_r
 .text          0x0000000000008e50        0x0 /opt/intel/18.1/nios2eds/bin/gnu/H-x86_64-pc-linux-gnu/bin/../lib/gcc/nios2-elf/5.3.0/../../../../../H-x86_64-pc-linux-gnu/nios2-elf/lib/mno-hw-mul/libsmallc.a(lib_a-int_errno.o)
 .text          0x0000000000008e50      0x1b4 /opt/intel/18.1/nios2eds/bin/gnu/H-x86_64-pc-linux-gnu/bin/../lib/gcc/nios2-elf/5.3.0/mno-hw-mul/libgcc.a(lib2-divmod.o)
                0x0000000000008e50                __divsi3
                0x0000000000008ed4                __modsi3
                0x0000000000008f48                __udivsi3
                0x0000000000008fac                __umodsi3
 .text          0x0000000000009004       0x28 /opt/intel/18.1/nios2eds/bin/gnu/H-x86_64-pc-linux-gnu/bin/../lib/gcc/nios2-elf/5.3.0/mno-hw-mul/libgcc.a(lib2-mul.o)
                0x0000000000009004                __mulsi3
 .text          0x000000000000902c       0xec ../count_binary_bsp//libhal_bsp.a(alt_load.o)
                0x0000000000009094                alt_load
 .text          0x0000000000009118       0x6c ../count_binary_bsp//libhal_bsp.a(alt_main.o)
                0x0000000000009118                alt_main
 .text          0x0000000000009184       0x30 ../count_binary_bsp//libhal_bsp.a(alt_usleep.o)
                0x0000000000009184                usleep
 .text          0x00000000000091b4      0x13c ../count_binary_bsp//libhal_bsp.a(alt_write.o)
                0x00000000000091f0                write
 .text          0x00000000000092f0       0xbc ../count_binary_bsp//libhal_bsp.a(alt_sys_init.o)
                0x0000000000009324                alt_irq_init
                0x000000000000935c                alt_sys_init
 .text          0x00000000000093ac       0xc0 ../count_binary_bsp//libhal_bsp.a(altera_avalon_jtag_uart_fd.o)
                0x00000000000093ac                altera_avalon_jtag_uart_read_fd
                0x000000000000940c                altera_avalon_jtag_uart_write_fd
 .text          0x000000000000946c       0xec ../count_binary_bsp//libhal_bsp.a(altera_avalon_jtag_uart_read.o)
                0x000000000000946c                altera_avalon_jtag_uart_read
 .text          0x0000000000009558       0x94 ../count_binary_bsp//libhal_bsp.a(altera_avalon_jtag_uart_write.o)
                0x0000000000009558                altera_avalon_jtag_uart_write
 .text          0x00000000000095ec       0xf4 ../count_binary_bsp//libhal_bsp.a(altera_avalon_timer_sc.o)
                0x0000000000009664                alt_avalon_timer_sc_init
 .text          0x00000000000096e0      0x148 ../count_binary_bsp//libhal_bsp.a(alt_busy_sleep.o)
                0x00000000000096e0                alt_busy_sleep
 .text          0x0000000000009828      0x114 ../count_binary_bsp//libhal_bsp.a(alt_close.o)
                0x0000000000009864                close
 .text          0x000000000000993c       0x20 ../count_binary_bsp//libhal_bsp.a(alt_dcache_flush_all.o)
                0x000000000000993c                alt_dcache_flush_all
 .text          0x000000000000995c       0x2c ../count_binary_bsp//libhal_bsp.a(alt_dev.o)
 .text          0x0000000000009988       0xe0 ../count_binary_bsp//libhal_bsp.a(alt_dev_llist_insert.o)
                0x00000000000099c4                alt_dev_llist_insert
 .text          0x0000000000009a68        0x0 ../count_binary_bsp//libhal_bsp.a(alt_errno.o)
 .text          0x0000000000009a68       0x34 ../count_binary_bsp//libhal_bsp.a(alt_icache_flush_all.o)
                0x0000000000009a68                alt_icache_flush_all
 .text          0x0000000000009a9c      0x1b0 ../count_binary_bsp//libhal_bsp.a(alt_iic.o)
                0x0000000000009a9c                alt_ic_isr_register
                0x0000000000009aec                alt_ic_irq_enable
                0x0000000000009b74                alt_ic_irq_disable
                0x0000000000009c00                alt_ic_irq_enabled
 .text          0x0000000000009c4c       0xf0 ../count_binary_bsp//libhal_bsp.a(alt_iic_isr_register.o)
                0x0000000000009c4c                alt_iic_isr_register
 .text          0x0000000000009d3c      0x160 ../count_binary_bsp//libhal_bsp.a(alt_io_redirect.o)
                0x0000000000009e20                alt_io_redirect
 .text          0x0000000000009e9c        0x0 ../count_binary_bsp//libhal_bsp.a(alt_irq_entry.o)
 .text          0x0000000000009e9c        0x0 ../count_binary_bsp//libhal_bsp.a(alt_irq_handler.o)
 .text          0x0000000000009e9c        0x0 ../count_binary_bsp//libhal_bsp.a(alt_irq_vars.o)
 .text          0x0000000000009e9c      0x284 ../count_binary_bsp//libhal_bsp.a(alt_open.o)
                0x0000000000009fc4                open
 .text          0x000000000000a120       0x84 ../count_binary_bsp//libhal_bsp.a(alt_release_fd.o)
                0x000000000000a120                alt_release_fd
 .text          0x000000000000a1a4      0x1a4 ../count_binary_bsp//libhal_bsp.a(alt_tick.o)
                0x000000000000a1a4                alt_alarm_stop
                0x000000000000a240                alt_tick
 .text          0x000000000000a348       0x24 ../count_binary_bsp//libhal_bsp.a(altera_nios2_qsys_irq.o)
                0x000000000000a348                altera_nios2_qsys_irq_init
 .text          0x000000000000a36c        0x0 ../count_binary_bsp//libhal_bsp.a(alt_exception_entry.o)
 .text          0x000000000000a36c       0x90 ../count_binary_bsp//libhal_bsp.a(alt_find_dev.o)
                0x000000000000a36c                alt_find_dev
 .text          0x000000000000a3fc      0x108 ../count_binary_bsp//libhal_bsp.a(alt_find_file.o)
                0x000000000000a3fc                alt_find_file
 .text          0x000000000000a504       0xc4 ../count_binary_bsp//libhal_bsp.a(alt_get_fd.o)
                0x000000000000a504                alt_get_fd
 .text          0x000000000000a5c8       0x90 ../count_binary_bsp//libhal_bsp.a(alt_icache_flush.o)
                0x000000000000a5c8                alt_icache_flush
 .text          0x000000000000a658        0x0 /opt/intel/18.1/nios2eds/bin/gnu/H-x86_64-pc-linux-gnu/bin/../lib/gcc/nios2-elf/5.3.0/../../../../../H-x86_64-pc-linux-gnu/nios2-elf/lib/mno-hw-mul/libsmallc.a(lib_a-exit.o)
 .text.exit     0x000000000000a658       0x20 /opt/intel/18.1/nios2eds/bin/gnu/H-x86_64-pc-linux-gnu/bin/../lib/gcc/nios2-elf/5.3.0/../../../../../H-x86_64-pc-linux-gnu/nios2-elf/lib/mno-hw-mul/libsmallc.a(lib_a-exit.o)
                0x000000000000a658                exit
 .text          0x000000000000a678        0x0 /opt/intel/18.1/nios2eds/bin/gnu/H-x86_64-pc-linux-gnu/bin/../lib/gcc/nios2-elf/5.3.0/../../../../../H-x86_64-pc-linux-gnu/nios2-elf/lib/mno-hw-mul/libsmallc.a(lib_a-memcmp.o)
 .text.memcmp   0x000000000000a678       0x30 /opt/intel/18.1/nios2eds/bin/gnu/H-x86_64-pc-linux-gnu/bin/../lib/gcc/nios2-elf/5.3.0/../../../../../H-x86_64-pc-linux-gnu/nios2-elf/lib/mno-hw-mul/libsmallc.a(lib_a-memcmp.o)
                0x000000000000a678                memcmp
 .text          0x000000000000a6a8        0x0 /opt/intel/18.1/nios2eds/bin/gnu/H-x86_64-pc-linux-gnu/bin/../lib/gcc/nios2-elf/5.3.0/../../../../../H-x86_64-pc-linux-gnu/nios2-elf/lib/mno-hw-mul/libsmallc.a(lib_a-__call_atexit.o)
 .text.__call_exitprocs
                0x000000000000a6a8      0x190 /opt/intel/18.1/nios2eds/bin/gnu/H-x86_64-pc-linux-gnu/bin/../lib/gcc/nios2-elf/5.3.0/../../../../../H-x86_64-pc-linux-gnu/nios2-elf/lib/mno-hw-mul/libsmallc.a(lib_a-__call_atexit.o)
                0x000000000000a6a8                __call_exitprocs
 .text          0x000000000000a838       0x34 ../count_binary_bsp//libhal_bsp.a(alt_exit.o)
                0x000000000000a838                _exit
 *(.gnu.warning.*)
 *(.fini)
                [!provide]                        PROVIDE (__etext, ABSOLUTE (.))
                [!provide]                        PROVIDE (_etext, ABSOLUTE (.))
                [!provide]                        PROVIDE (etext, ABSOLUTE (.))
 *(.eh_frame_hdr)
                0x000000000000a86c                . = ALIGN (0x4)
                [!provide]                        PROVIDE (__preinit_array_start, ABSOLUTE (.))
 *(.preinit_array)
                [!provide]                        PROVIDE (__preinit_array_end, ABSOLUTE (.))
                [!provide]                        PROVIDE (__init_array_start, ABSOLUTE (.))
 *(.init_array)
                [!provide]                        PROVIDE (__init_array_end, ABSOLUTE (.))
                [!provide]                        PROVIDE (__fini_array_start, ABSOLUTE (.))
 *(.fini_array)
                [!provide]                        PROVIDE (__fini_array_end, ABSOLUTE (.))
 *(.eh_frame)
 *(.gcc_except_table .gcc_except_table.*)
 *(.dynamic)
                [!provide]                        PROVIDE (__CTOR_LIST__, ABSOLUTE (.))
 *(.ctors)
 *(SORT(.ctors.*))
                [!provide]                        PROVIDE (__CTOR_END__, ABSOLUTE (.))
                [!provide]                        PROVIDE (__DTOR_LIST__, ABSOLUTE (.))
 *(.dtors)
 *(SORT(.dtors.*))
                [!provide]                        PROVIDE (__DTOR_END__, ABSOLUTE (.))
 *(.jcr)
                0x000000000000a86c                . = ALIGN (0x4)

.rodata         0x000000000000a86c      0x110
                0x000000000000a86c                PROVIDE (__ram_rodata_start, ABSOLUTE (.))
                0x000000000000a86c                . = ALIGN (0x4)
 *(.rodata .rodata.* .gnu.linkonce.r.*)
 .rodata        0x000000000000a86c       0xdf obj/default/count_binary.o
 *fill*         0x000000000000a94b        0x1 
 .rodata.str1.4
                0x000000000000a94c        0x4 /opt/intel/18.1/nios2eds/bin/gnu/H-x86_64-pc-linux-gnu/bin/../lib/gcc/nios2-elf/5.3.0/../../../../../H-x86_64-pc-linux-gnu/nios2-elf/lib/mno-hw-mul/libsmallc.a(lib_a-puts.o)
                                          0x2 (size before relaxing)
 .rodata        0x000000000000a950        0xf ../count_binary_bsp//libhal_bsp.a(alt_main.o)
 *fill*         0x000000000000a95f        0x1 
 .rodata        0x000000000000a960        0xf ../count_binary_bsp//libhal_bsp.a(alt_sys_init.o)
 *fill*         0x000000000000a96f        0x1 
 .rodata        0x000000000000a970        0xa ../count_binary_bsp//libhal_bsp.a(alt_dev.o)
 *(.rodata1)
                0x000000000000a97c                . = ALIGN (0x4)
 *fill*         0x000000000000a97a        0x2 
                0x000000000000a97c                PROVIDE (__ram_rodata_end, ABSOLUTE (.))
                0x000000000000a86c                PROVIDE (__flash_rodata_start, LOADADDR (.rodata))

.rwdata         0x000000000000a97c      0x2e0 load address 0x000000000000ac5c
                0x000000000000a97c                PROVIDE (__ram_rwdata_start, ABSOLUTE (.))
                0x000000000000a97c                . = ALIGN (0x4)
 *(.got.plt)
 *(.got)
 *(.data1)
 *(.data .data.* .gnu.linkonce.d.*)
 .data          0x000000000000a97c        0x0 ../count_binary_bsp//obj/HAL/src/crt0.o
 .data          0x000000000000a97c        0x0 obj/default/count_binary.o
 .data          0x000000000000a97c        0x0 /opt/intel/18.1/nios2eds/bin/gnu/H-x86_64-pc-linux-gnu/bin/../lib/gcc/nios2-elf/5.3.0/../../../../../H-x86_64-pc-linux-gnu/nios2-elf/lib/mno-hw-mul/libsmallc.a(lib_a-printf.o)
 .data          0x000000000000a97c        0x0 /opt/intel/18.1/nios2eds/bin/gnu/H-x86_64-pc-linux-gnu/bin/../lib/gcc/nios2-elf/5.3.0/../../../../../H-x86_64-pc-linux-gnu/nios2-elf/lib/mno-hw-mul/libsmallc.a(lib_a-putchar.o)
 .data          0x000000000000a97c        0x0 /opt/intel/18.1/nios2eds/bin/gnu/H-x86_64-pc-linux-gnu/bin/../lib/gcc/nios2-elf/5.3.0/../../../../../H-x86_64-pc-linux-gnu/nios2-elf/lib/mno-hw-mul/libsmallc.a(lib_a-puts.o)
 .data          0x000000000000a97c        0x0 /opt/intel/18.1/nios2eds/bin/gnu/H-x86_64-pc-linux-gnu/bin/../lib/gcc/nios2-elf/5.3.0/../../../../../H-x86_64-pc-linux-gnu/nios2-elf/lib/mno-hw-mul/libsmallc.a(lib_a-strlen.o)
 .data          0x000000000000a97c        0x0 /opt/intel/18.1/nios2eds/bin/gnu/H-x86_64-pc-linux-gnu/bin/../lib/gcc/nios2-elf/5.3.0/../../../../../H-x86_64-pc-linux-gnu/nios2-elf/lib/mno-hw-mul/libsmallc.a(lib_a-vfprintf.o)
 .data          0x000000000000a97c        0x0 /opt/intel/18.1/nios2eds/bin/gnu/H-x86_64-pc-linux-gnu/bin/../lib/gcc/nios2-elf/5.3.0/../../../../../H-x86_64-pc-linux-gnu/nios2-elf/lib/mno-hw-mul/libsmallc.a(lib_a-fvwrite_small_dev.o)
 .data          0x000000000000a97c        0x0 /opt/intel/18.1/nios2eds/bin/gnu/H-x86_64-pc-linux-gnu/bin/../lib/gcc/nios2-elf/5.3.0/../../../../../H-x86_64-pc-linux-gnu/nios2-elf/lib/mno-hw-mul/libsmallc.a(lib_a-impure.o)
 .data.impure_data
                0x000000000000a97c       0xe0 /opt/intel/18.1/nios2eds/bin/gnu/H-x86_64-pc-linux-gnu/bin/../lib/gcc/nios2-elf/5.3.0/../../../../../H-x86_64-pc-linux-gnu/nios2-elf/lib/mno-hw-mul/libsmallc.a(lib_a-impure.o)
 .data          0x000000000000aa5c        0x0 /opt/intel/18.1/nios2eds/bin/gnu/H-x86_64-pc-linux-gnu/bin/../lib/gcc/nios2-elf/5.3.0/../../../../../H-x86_64-pc-linux-gnu/nios2-elf/lib/mno-hw-mul/libsmallc.a(lib_a-putc.o)
 .data          0x000000000000aa5c        0x0 /opt/intel/18.1/nios2eds/bin/gnu/H-x86_64-pc-linux-gnu/bin/../lib/gcc/nios2-elf/5.3.0/../../../../../H-x86_64-pc-linux-gnu/nios2-elf/lib/mno-hw-mul/libsmallc.a(lib_a-writer.o)
 .data          0x000000000000aa5c        0x0 /opt/intel/18.1/nios2eds/bin/gnu/H-x86_64-pc-linux-gnu/bin/../lib/gcc/nios2-elf/5.3.0/../../../../../H-x86_64-pc-linux-gnu/nios2-elf/lib/mno-hw-mul/libsmallc.a(lib_a-int_errno.o)
 .data          0x000000000000aa5c        0x0 /opt/intel/18.1/nios2eds/bin/gnu/H-x86_64-pc-linux-gnu/bin/../lib/gcc/nios2-elf/5.3.0/mno-hw-mul/libgcc.a(lib2-divmod.o)
 .data          0x000000000000aa5c        0x0 /opt/intel/18.1/nios2eds/bin/gnu/H-x86_64-pc-linux-gnu/bin/../lib/gcc/nios2-elf/5.3.0/mno-hw-mul/libgcc.a(lib2-mul.o)
 .data          0x000000000000aa5c        0x0 ../count_binary_bsp//libhal_bsp.a(alt_load.o)
 .data          0x000000000000aa5c        0x0 ../count_binary_bsp//libhal_bsp.a(alt_main.o)
 .data          0x000000000000aa5c        0x0 ../count_binary_bsp//libhal_bsp.a(alt_usleep.o)
 .data          0x000000000000aa5c        0x0 ../count_binary_bsp//libhal_bsp.a(alt_write.o)
 .data          0x000000000000aa5c       0x2c ../count_binary_bsp//libhal_bsp.a(alt_sys_init.o)
 .data          0x000000000000aa88        0x0 ../count_binary_bsp//libhal_bsp.a(altera_avalon_jtag_uart_fd.o)
 .data          0x000000000000aa88        0x0 ../count_binary_bsp//libhal_bsp.a(altera_avalon_jtag_uart_read.o)
 .data          0x000000000000aa88        0x0 ../count_binary_bsp//libhal_bsp.a(altera_avalon_jtag_uart_write.o)
 .data          0x000000000000aa88        0x0 ../count_binary_bsp//libhal_bsp.a(altera_avalon_timer_sc.o)
 .data          0x000000000000aa88        0x0 ../count_binary_bsp//libhal_bsp.a(alt_busy_sleep.o)
 .data          0x000000000000aa88        0x0 ../count_binary_bsp//libhal_bsp.a(alt_close.o)
 .data          0x000000000000aa88        0x0 ../count_binary_bsp//libhal_bsp.a(alt_dcache_flush_all.o)
 .data          0x000000000000aa88      0x1a8 ../count_binary_bsp//libhal_bsp.a(alt_dev.o)
                0x000000000000aa88                alt_dev_null
                0x000000000000aab0                alt_fd_list
 .data          0x000000000000ac30        0x0 ../count_binary_bsp//libhal_bsp.a(alt_dev_llist_insert.o)
 .data          0x000000000000ac30        0x0 ../count_binary_bsp//libhal_bsp.a(alt_errno.o)
 .data          0x000000000000ac30        0x0 ../count_binary_bsp//libhal_bsp.a(alt_icache_flush_all.o)
 .data          0x000000000000ac30        0x0 ../count_binary_bsp//libhal_bsp.a(alt_iic.o)
 .data          0x000000000000ac30        0x0 ../count_binary_bsp//libhal_bsp.a(alt_iic_isr_register.o)
 .data          0x000000000000ac30        0x0 ../count_binary_bsp//libhal_bsp.a(alt_io_redirect.o)
 .data          0x000000000000ac30        0x0 ../count_binary_bsp//libhal_bsp.a(alt_irq_entry.o)
 .data          0x000000000000ac30        0x0 ../count_binary_bsp//libhal_bsp.a(alt_irq_handler.o)
 .data          0x000000000000ac30        0x0 ../count_binary_bsp//libhal_bsp.a(alt_irq_vars.o)
 .data          0x000000000000ac30        0x0 ../count_binary_bsp//libhal_bsp.a(alt_open.o)
 .data          0x000000000000ac30        0x0 ../count_binary_bsp//libhal_bsp.a(alt_release_fd.o)
 .data          0x000000000000ac30        0x0 ../count_binary_bsp//libhal_bsp.a(alt_tick.o)
 .data          0x000000000000ac30        0x0 ../count_binary_bsp//libhal_bsp.a(altera_nios2_qsys_irq.o)
 .data          0x000000000000ac30        0x0 ../count_binary_bsp//libhal_bsp.a(alt_exception_entry.o)
 .data          0x000000000000ac30        0x0 ../count_binary_bsp//libhal_bsp.a(alt_find_dev.o)
 .data          0x000000000000ac30        0x0 ../count_binary_bsp//libhal_bsp.a(alt_find_file.o)
 .data          0x000000000000ac30        0x0 ../count_binary_bsp//libhal_bsp.a(alt_get_fd.o)
 .data          0x000000000000ac30        0x0 ../count_binary_bsp//libhal_bsp.a(alt_icache_flush.o)
 .data          0x000000000000ac30        0x0 /opt/intel/18.1/nios2eds/bin/gnu/H-x86_64-pc-linux-gnu/bin/../lib/gcc/nios2-elf/5.3.0/../../../../../H-x86_64-pc-linux-gnu/nios2-elf/lib/mno-hw-mul/libsmallc.a(lib_a-exit.o)
 .data          0x000000000000ac30        0x0 /opt/intel/18.1/nios2eds/bin/gnu/H-x86_64-pc-linux-gnu/bin/../lib/gcc/nios2-elf/5.3.0/../../../../../H-x86_64-pc-linux-gnu/nios2-elf/lib/mno-hw-mul/libsmallc.a(lib_a-memcmp.o)
 .data          0x000000000000ac30        0x0 /opt/intel/18.1/nios2eds/bin/gnu/H-x86_64-pc-linux-gnu/bin/../lib/gcc/nios2-elf/5.3.0/../../../../../H-x86_64-pc-linux-gnu/nios2-elf/lib/mno-hw-mul/libsmallc.a(lib_a-__call_atexit.o)
 .data          0x000000000000ac30        0x0 ../count_binary_bsp//libhal_bsp.a(alt_exit.o)
                0x0000000000012c30                _gp = ABSOLUTE ((. + 0x8000))
                [!provide]                        PROVIDE (gp, _gp)
 *(.rwdata .rwdata.*)
 *(.sdata .sdata.* .gnu.linkonce.s.*)
 .sdata._global_impure_ptr
                0x000000000000ac30        0x4 /opt/intel/18.1/nios2eds/bin/gnu/H-x86_64-pc-linux-gnu/bin/../lib/gcc/nios2-elf/5.3.0/../../../../../H-x86_64-pc-linux-gnu/nios2-elf/lib/mno-hw-mul/libsmallc.a(lib_a-impure.o)
                0x000000000000ac30                _global_impure_ptr
 .sdata._impure_ptr
                0x000000000000ac34        0x4 /opt/intel/18.1/nios2eds/bin/gnu/H-x86_64-pc-linux-gnu/bin/../lib/gcc/nios2-elf/5.3.0/../../../../../H-x86_64-pc-linux-gnu/nios2-elf/lib/mno-hw-mul/libsmallc.a(lib_a-impure.o)
                0x000000000000ac34                _impure_ptr
 .sdata         0x000000000000ac38       0x14 ../count_binary_bsp//libhal_bsp.a(alt_dev.o)
                0x000000000000ac38                alt_fs_list
                0x000000000000ac40                alt_dev_list
                0x000000000000ac48                alt_max_fd
 .sdata         0x000000000000ac4c        0x4 ../count_binary_bsp//libhal_bsp.a(alt_errno.o)
                0x000000000000ac4c                alt_errno
 .sdata         0x000000000000ac50        0x4 ../count_binary_bsp//libhal_bsp.a(alt_irq_vars.o)
                0x000000000000ac50                alt_priority_mask
 .sdata         0x000000000000ac54        0x8 ../count_binary_bsp//libhal_bsp.a(alt_tick.o)
                0x000000000000ac54                alt_alarm_list
 *(.sdata2 .sdata2.* .gnu.linkonce.s2.*)
                0x000000000000ac5c                . = ALIGN (0x4)
                0x000000000000ac5c                _edata = ABSOLUTE (.)
                [!provide]                        PROVIDE (edata, ABSOLUTE (.))
                0x000000000000ac5c                PROVIDE (__ram_rwdata_end, ABSOLUTE (.))
                0x000000000000ac5c                PROVIDE (__flash_rwdata_start, LOADADDR (.rwdata))

.bss            0x000000000000af3c      0x124
                0x000000000000af3c                __bss_start = ABSOLUTE (.)
                [!provide]                        PROVIDE (__sbss_start, ABSOLUTE (.))
                [!provide]                        PROVIDE (___sbss_start, ABSOLUTE (.))
 *(.dynsbss)
 *(.sbss .sbss.* .gnu.linkonce.sb.*)
 .sbss          0x000000000000af3c        0x1 obj/default/count_binary.o
 *fill*         0x000000000000af3d        0x3 
 .sbss          0x000000000000af40        0x4 obj/default/count_binary.o
                0x000000000000af40                edge_capture
 .sbss          0x000000000000af44        0x4 /opt/intel/18.1/nios2eds/bin/gnu/H-x86_64-pc-linux-gnu/bin/../lib/gcc/nios2-elf/5.3.0/../../../../../H-x86_64-pc-linux-gnu/nios2-elf/lib/mno-hw-mul/libsmallc.a(lib_a-int_errno.o)
                0x000000000000af44                errno
 .sbss          0x000000000000af48        0xc ../count_binary_bsp//libhal_bsp.a(alt_main.o)
                0x000000000000af48                alt_argc
                0x000000000000af4c                alt_argv
                0x000000000000af50                alt_envp
 .sbss          0x000000000000af54        0x4 ../count_binary_bsp//libhal_bsp.a(alt_irq_vars.o)
                0x000000000000af54                alt_irq_active
 .sbss          0x000000000000af58        0x8 ../count_binary_bsp//libhal_bsp.a(alt_tick.o)
                0x000000000000af58                _alt_tick_rate
                0x000000000000af5c                _alt_nticks
 *(.sbss2 .sbss2.* .gnu.linkonce.sb2.*)
 *(.scommon)
                [!provide]                        PROVIDE (__sbss_end, ABSOLUTE (.))
                [!provide]                        PROVIDE (___sbss_end, ABSOLUTE (.))
 *(.dynbss)
 *(.bss .bss.* .gnu.linkonce.b.*)
 .bss           0x000000000000af60        0x0 ../count_binary_bsp//obj/HAL/src/crt0.o
 .bss           0x000000000000af60        0x0 obj/default/count_binary.o
 .bss           0x000000000000af60        0x0 /opt/intel/18.1/nios2eds/bin/gnu/H-x86_64-pc-linux-gnu/bin/../lib/gcc/nios2-elf/5.3.0/../../../../../H-x86_64-pc-linux-gnu/nios2-elf/lib/mno-hw-mul/libsmallc.a(lib_a-printf.o)
 .bss           0x000000000000af60        0x0 /opt/intel/18.1/nios2eds/bin/gnu/H-x86_64-pc-linux-gnu/bin/../lib/gcc/nios2-elf/5.3.0/../../../../../H-x86_64-pc-linux-gnu/nios2-elf/lib/mno-hw-mul/libsmallc.a(lib_a-putchar.o)
 .bss           0x000000000000af60        0x0 /opt/intel/18.1/nios2eds/bin/gnu/H-x86_64-pc-linux-gnu/bin/../lib/gcc/nios2-elf/5.3.0/../../../../../H-x86_64-pc-linux-gnu/nios2-elf/lib/mno-hw-mul/libsmallc.a(lib_a-puts.o)
 .bss           0x000000000000af60        0x0 /opt/intel/18.1/nios2eds/bin/gnu/H-x86_64-pc-linux-gnu/bin/../lib/gcc/nios2-elf/5.3.0/../../../../../H-x86_64-pc-linux-gnu/nios2-elf/lib/mno-hw-mul/libsmallc.a(lib_a-strlen.o)
 .bss           0x000000000000af60        0x0 /opt/intel/18.1/nios2eds/bin/gnu/H-x86_64-pc-linux-gnu/bin/../lib/gcc/nios2-elf/5.3.0/../../../../../H-x86_64-pc-linux-gnu/nios2-elf/lib/mno-hw-mul/libsmallc.a(lib_a-vfprintf.o)
 .bss           0x000000000000af60        0x0 /opt/intel/18.1/nios2eds/bin/gnu/H-x86_64-pc-linux-gnu/bin/../lib/gcc/nios2-elf/5.3.0/../../../../../H-x86_64-pc-linux-gnu/nios2-elf/lib/mno-hw-mul/libsmallc.a(lib_a-fvwrite_small_dev.o)
 .bss           0x000000000000af60        0x0 /opt/intel/18.1/nios2eds/bin/gnu/H-x86_64-pc-linux-gnu/bin/../lib/gcc/nios2-elf/5.3.0/../../../../../H-x86_64-pc-linux-gnu/nios2-elf/lib/mno-hw-mul/libsmallc.a(lib_a-impure.o)
 .bss           0x000000000000af60        0x0 /opt/intel/18.1/nios2eds/bin/gnu/H-x86_64-pc-linux-gnu/bin/../lib/gcc/nios2-elf/5.3.0/../../../../../H-x86_64-pc-linux-gnu/nios2-elf/lib/mno-hw-mul/libsmallc.a(lib_a-putc.o)
 .bss           0x000000000000af60        0x0 /opt/intel/18.1/nios2eds/bin/gnu/H-x86_64-pc-linux-gnu/bin/../lib/gcc/nios2-elf/5.3.0/../../../../../H-x86_64-pc-linux-gnu/nios2-elf/lib/mno-hw-mul/libsmallc.a(lib_a-writer.o)
 .bss           0x000000000000af60        0x0 /opt/intel/18.1/nios2eds/bin/gnu/H-x86_64-pc-linux-gnu/bin/../lib/gcc/nios2-elf/5.3.0/../../../../../H-x86_64-pc-linux-gnu/nios2-elf/lib/mno-hw-mul/libsmallc.a(lib_a-int_errno.o)
 .bss           0x000000000000af60        0x0 /opt/intel/18.1/nios2eds/bin/gnu/H-x86_64-pc-linux-gnu/bin/../lib/gcc/nios2-elf/5.3.0/mno-hw-mul/libgcc.a(lib2-divmod.o)
 .bss           0x000000000000af60        0x0 /opt/intel/18.1/nios2eds/bin/gnu/H-x86_64-pc-linux-gnu/bin/../lib/gcc/nios2-elf/5.3.0/mno-hw-mul/libgcc.a(lib2-mul.o)
 .bss           0x000000000000af60        0x0 ../count_binary_bsp//libhal_bsp.a(alt_load.o)
 .bss           0x000000000000af60        0x0 ../count_binary_bsp//libhal_bsp.a(alt_main.o)
 .bss           0x000000000000af60        0x0 ../count_binary_bsp//libhal_bsp.a(alt_usleep.o)
 .bss           0x000000000000af60        0x0 ../count_binary_bsp//libhal_bsp.a(alt_write.o)
 .bss           0x000000000000af60        0x0 ../count_binary_bsp//libhal_bsp.a(alt_sys_init.o)
 .bss           0x000000000000af60        0x0 ../count_binary_bsp//libhal_bsp.a(altera_avalon_jtag_uart_fd.o)
 .bss           0x000000000000af60        0x0 ../count_binary_bsp//libhal_bsp.a(altera_avalon_jtag_uart_read.o)
 .bss           0x000000000000af60        0x0 ../count_binary_bsp//libhal_bsp.a(altera_avalon_jtag_uart_write.o)
 .bss           0x000000000000af60        0x0 ../count_binary_bsp//libhal_bsp.a(altera_avalon_timer_sc.o)
 .bss           0x000000000000af60        0x0 ../count_binary_bsp//libhal_bsp.a(alt_busy_sleep.o)
 .bss           0x000000000000af60        0x0 ../count_binary_bsp//libhal_bsp.a(alt_close.o)
 .bss           0x000000000000af60        0x0 ../count_binary_bsp//libhal_bsp.a(alt_dcache_flush_all.o)
 .bss           0x000000000000af60        0x0 ../count_binary_bsp//libhal_bsp.a(alt_dev.o)
 .bss           0x000000000000af60        0x0 ../count_binary_bsp//libhal_bsp.a(alt_dev_llist_insert.o)
 .bss           0x000000000000af60        0x0 ../count_binary_bsp//libhal_bsp.a(alt_errno.o)
 .bss           0x000000000000af60        0x0 ../count_binary_bsp//libhal_bsp.a(alt_icache_flush_all.o)
 .bss           0x000000000000af60        0x0 ../count_binary_bsp//libhal_bsp.a(alt_iic.o)
 .bss           0x000000000000af60        0x0 ../count_binary_bsp//libhal_bsp.a(alt_iic_isr_register.o)
 .bss           0x000000000000af60        0x0 ../count_binary_bsp//libhal_bsp.a(alt_io_redirect.o)
 .bss           0x000000000000af60        0x0 ../count_binary_bsp//libhal_bsp.a(alt_irq_entry.o)
 .bss           0x000000000000af60        0x0 ../count_binary_bsp//libhal_bsp.a(alt_irq_handler.o)
 .bss           0x000000000000af60        0x0 ../count_binary_bsp//libhal_bsp.a(alt_irq_vars.o)
 .bss           0x000000000000af60        0x0 ../count_binary_bsp//libhal_bsp.a(alt_open.o)
 .bss           0x000000000000af60        0x0 ../count_binary_bsp//libhal_bsp.a(alt_release_fd.o)
 .bss           0x000000000000af60        0x0 ../count_binary_bsp//libhal_bsp.a(alt_tick.o)
 .bss           0x000000000000af60        0x0 ../count_binary_bsp//libhal_bsp.a(altera_nios2_qsys_irq.o)
 .bss           0x000000000000af60        0x0 ../count_binary_bsp//libhal_bsp.a(alt_exception_entry.o)
 .bss           0x000000000000af60        0x0 ../count_binary_bsp//libhal_bsp.a(alt_find_dev.o)
 .bss           0x000000000000af60        0x0 ../count_binary_bsp//libhal_bsp.a(alt_find_file.o)
 .bss           0x000000000000af60        0x0 ../count_binary_bsp//libhal_bsp.a(alt_get_fd.o)
 .bss           0x000000000000af60        0x0 ../count_binary_bsp//libhal_bsp.a(alt_icache_flush.o)
 .bss           0x000000000000af60        0x0 /opt/intel/18.1/nios2eds/bin/gnu/H-x86_64-pc-linux-gnu/bin/../lib/gcc/nios2-elf/5.3.0/../../../../../H-x86_64-pc-linux-gnu/nios2-elf/lib/mno-hw-mul/libsmallc.a(lib_a-exit.o)
 .bss           0x000000000000af60        0x0 /opt/intel/18.1/nios2eds/bin/gnu/H-x86_64-pc-linux-gnu/bin/../lib/gcc/nios2-elf/5.3.0/../../../../../H-x86_64-pc-linux-gnu/nios2-elf/lib/mno-hw-mul/libsmallc.a(lib_a-memcmp.o)
 .bss           0x000000000000af60        0x0 /opt/intel/18.1/nios2eds/bin/gnu/H-x86_64-pc-linux-gnu/bin/../lib/gcc/nios2-elf/5.3.0/../../../../../H-x86_64-pc-linux-gnu/nios2-elf/lib/mno-hw-mul/libsmallc.a(lib_a-__call_atexit.o)
 .bss           0x000000000000af60        0x0 ../count_binary_bsp//libhal_bsp.a(alt_exit.o)
 *(COMMON)
 COMMON         0x000000000000af60      0x100 ../count_binary_bsp//libhal_bsp.a(alt_irq_handler.o)
                0x000000000000af60                alt_irq
                0x000000000000b060                . = ALIGN (0x4)
                0x000000000000b060                __bss_end = ABSOLUTE (.)

.onchip_mem     0x000000000000b060        0x0
                [!provide]                        PROVIDE (_alt_partition_onchip_mem_start, ABSOLUTE (.))
 *(.onchip_mem .onchip_mem. onchip_mem.*)
                0x000000000000b060                . = ALIGN (0x4)
                [!provide]                        PROVIDE (_alt_partition_onchip_mem_end, ABSOLUTE (.))
                0x000000000000b060                _end = ABSOLUTE (.)
                0x000000000000b060                end = ABSOLUTE (.)
                0x000000000000b060                __alt_stack_base = ABSOLUTE (.)
                [!provide]                        PROVIDE (_alt_partition_onchip_mem_load_addr, LOADADDR (.onchip_mem))

.stab
 *(.stab)

.stabstr
 *(.stabstr)

.stab.excl
 *(.stab.excl)

.stab.exclstr
 *(.stab.exclstr)

.stab.index
 *(.stab.index)

.stab.indexstr
 *(.stab.indexstr)

.comment        0x0000000000000000       0x23
 *(.comment)
 .comment       0x0000000000000000       0x23 obj/default/count_binary.o
                                         0x24 (size before relaxing)
 .comment       0x0000000000000023       0x24 /opt/intel/18.1/nios2eds/bin/gnu/H-x86_64-pc-linux-gnu/bin/../lib/gcc/nios2-elf/5.3.0/../../../../../H-x86_64-pc-linux-gnu/nios2-elf/lib/mno-hw-mul/libsmallc.a(lib_a-printf.o)
 .comment       0x0000000000000023       0x24 /opt/intel/18.1/nios2eds/bin/gnu/H-x86_64-pc-linux-gnu/bin/../lib/gcc/nios2-elf/5.3.0/../../../../../H-x86_64-pc-linux-gnu/nios2-elf/lib/mno-hw-mul/libsmallc.a(lib_a-putchar.o)
 .comment       0x0000000000000023       0x24 /opt/intel/18.1/nios2eds/bin/gnu/H-x86_64-pc-linux-gnu/bin/../lib/gcc/nios2-elf/5.3.0/../../../../../H-x86_64-pc-linux-gnu/nios2-elf/lib/mno-hw-mul/libsmallc.a(lib_a-puts.o)
 .comment       0x0000000000000023       0x24 /opt/intel/18.1/nios2eds/bin/gnu/H-x86_64-pc-linux-gnu/bin/../lib/gcc/nios2-elf/5.3.0/../../../../../H-x86_64-pc-linux-gnu/nios2-elf/lib/mno-hw-mul/libsmallc.a(lib_a-strlen.o)
 .comment       0x0000000000000023       0x24 /opt/intel/18.1/nios2eds/bin/gnu/H-x86_64-pc-linux-gnu/bin/../lib/gcc/nios2-elf/5.3.0/../../../../../H-x86_64-pc-linux-gnu/nios2-elf/lib/mno-hw-mul/libsmallc.a(lib_a-vfprintf.o)
 .comment       0x0000000000000023       0x24 /opt/intel/18.1/nios2eds/bin/gnu/H-x86_64-pc-linux-gnu/bin/../lib/gcc/nios2-elf/5.3.0/../../../../../H-x86_64-pc-linux-gnu/nios2-elf/lib/mno-hw-mul/libsmallc.a(lib_a-fvwrite_small_dev.o)
 .comment       0x0000000000000023       0x24 /opt/intel/18.1/nios2eds/bin/gnu/H-x86_64-pc-linux-gnu/bin/../lib/gcc/nios2-elf/5.3.0/../../../../../H-x86_64-pc-linux-gnu/nios2-elf/lib/mno-hw-mul/libsmallc.a(lib_a-impure.o)
 .comment       0x0000000000000023       0x24 /opt/intel/18.1/nios2eds/bin/gnu/H-x86_64-pc-linux-gnu/bin/../lib/gcc/nios2-elf/5.3.0/../../../../../H-x86_64-pc-linux-gnu/nios2-elf/lib/mno-hw-mul/libsmallc.a(lib_a-putc.o)
 .comment       0x0000000000000023       0x24 /opt/intel/18.1/nios2eds/bin/gnu/H-x86_64-pc-linux-gnu/bin/../lib/gcc/nios2-elf/5.3.0/../../../../../H-x86_64-pc-linux-gnu/nios2-elf/lib/mno-hw-mul/libsmallc.a(lib_a-writer.o)
 .comment       0x0000000000000023       0x24 /opt/intel/18.1/nios2eds/bin/gnu/H-x86_64-pc-linux-gnu/bin/../lib/gcc/nios2-elf/5.3.0/../../../../../H-x86_64-pc-linux-gnu/nios2-elf/lib/mno-hw-mul/libsmallc.a(lib_a-int_errno.o)
 .comment       0x0000000000000023       0x24 /opt/intel/18.1/nios2eds/bin/gnu/H-x86_64-pc-linux-gnu/bin/../lib/gcc/nios2-elf/5.3.0/mno-hw-mul/libgcc.a(lib2-divmod.o)
 .comment       0x0000000000000023       0x24 /opt/intel/18.1/nios2eds/bin/gnu/H-x86_64-pc-linux-gnu/bin/../lib/gcc/nios2-elf/5.3.0/mno-hw-mul/libgcc.a(lib2-mul.o)
 .comment       0x0000000000000023       0x24 ../count_binary_bsp//libhal_bsp.a(alt_load.o)
 .comment       0x0000000000000023       0x24 ../count_binary_bsp//libhal_bsp.a(alt_main.o)
 .comment       0x0000000000000023       0x24 ../count_binary_bsp//libhal_bsp.a(alt_usleep.o)
 .comment       0x0000000000000023       0x24 ../count_binary_bsp//libhal_bsp.a(alt_write.o)
 .comment       0x0000000000000023       0x24 ../count_binary_bsp//libhal_bsp.a(alt_sys_init.o)
 .comment       0x0000000000000023       0x24 ../count_binary_bsp//libhal_bsp.a(altera_avalon_jtag_uart_fd.o)
 .comment       0x0000000000000023       0x24 ../count_binary_bsp//libhal_bsp.a(altera_avalon_jtag_uart_read.o)
 .comment       0x0000000000000023       0x24 ../count_binary_bsp//libhal_bsp.a(altera_avalon_jtag_uart_write.o)
 .comment       0x0000000000000023       0x24 ../count_binary_bsp//libhal_bsp.a(altera_avalon_timer_sc.o)
 .comment       0x0000000000000023       0x24 ../count_binary_bsp//libhal_bsp.a(alt_busy_sleep.o)
 .comment       0x0000000000000023       0x24 ../count_binary_bsp//libhal_bsp.a(alt_close.o)
 .comment       0x0000000000000023       0x24 ../count_binary_bsp//libhal_bsp.a(alt_dcache_flush_all.o)
 .comment       0x0000000000000023       0x24 ../count_binary_bsp//libhal_bsp.a(alt_dev.o)
 .comment       0x0000000000000023       0x24 ../count_binary_bsp//libhal_bsp.a(alt_dev_llist_insert.o)
 .comment       0x0000000000000023       0x24 ../count_binary_bsp//libhal_bsp.a(alt_errno.o)
 .comment       0x0000000000000023       0x24 ../count_binary_bsp//libhal_bsp.a(alt_icache_flush_all.o)
 .comment       0x0000000000000023       0x24 ../count_binary_bsp//libhal_bsp.a(alt_iic.o)
 .comment       0x0000000000000023       0x24 ../count_binary_bsp//libhal_bsp.a(alt_iic_isr_register.o)
 .comment       0x0000000000000023       0x24 ../count_binary_bsp//libhal_bsp.a(alt_io_redirect.o)
 .comment       0x0000000000000023       0x24 ../count_binary_bsp//libhal_bsp.a(alt_irq_handler.o)
 .comment       0x0000000000000023       0x24 ../count_binary_bsp//libhal_bsp.a(alt_irq_vars.o)
 .comment       0x0000000000000023       0x24 ../count_binary_bsp//libhal_bsp.a(alt_open.o)
 .comment       0x0000000000000023       0x24 ../count_binary_bsp//libhal_bsp.a(alt_release_fd.o)
 .comment       0x0000000000000023       0x24 ../count_binary_bsp//libhal_bsp.a(alt_tick.o)
 .comment       0x0000000000000023       0x24 ../count_binary_bsp//libhal_bsp.a(altera_nios2_qsys_irq.o)
 .comment       0x0000000000000023       0x24 ../count_binary_bsp//libhal_bsp.a(alt_find_dev.o)
 .comment       0x0000000000000023       0x24 ../count_binary_bsp//libhal_bsp.a(alt_find_file.o)
 .comment       0x0000000000000023       0x24 ../count_binary_bsp//libhal_bsp.a(alt_get_fd.o)
 .comment       0x0000000000000023       0x24 ../count_binary_bsp//libhal_bsp.a(alt_icache_flush.o)
 .comment       0x0000000000000023       0x24 /opt/intel/18.1/nios2eds/bin/gnu/H-x86_64-pc-linux-gnu/bin/../lib/gcc/nios2-elf/5.3.0/../../../../../H-x86_64-pc-linux-gnu/nios2-elf/lib/mno-hw-mul/libsmallc.a(lib_a-exit.o)
 .comment       0x0000000000000023       0x24 /opt/intel/18.1/nios2eds/bin/gnu/H-x86_64-pc-linux-gnu/bin/../lib/gcc/nios2-elf/5.3.0/../../../../../H-x86_64-pc-linux-gnu/nios2-elf/lib/mno-hw-mul/libsmallc.a(lib_a-memcmp.o)
 .comment       0x0000000000000023       0x24 /opt/intel/18.1/nios2eds/bin/gnu/H-x86_64-pc-linux-gnu/bin/../lib/gcc/nios2-elf/5.3.0/../../../../../H-x86_64-pc-linux-gnu/nios2-elf/lib/mno-hw-mul/libsmallc.a(lib_a-__call_atexit.o)
 .comment       0x0000000000000023       0x24 ../count_binary_bsp//libhal_bsp.a(alt_exit.o)

.debug
 *(.debug)

.line
 *(.line)

.debug_srcinfo
 *(.debug_srcinfo)

.debug_sfnames
 *(.debug_sfnames)

.debug_aranges  0x0000000000000000      0x660
 *(.debug_aranges)
 .debug_aranges
                0x0000000000000000       0x28 ../count_binary_bsp//obj/HAL/src/crt0.o
 .debug_aranges
                0x0000000000000028       0x20 obj/default/count_binary.o
 .debug_aranges
                0x0000000000000048       0x28 /opt/intel/18.1/nios2eds/bin/gnu/H-x86_64-pc-linux-gnu/bin/../lib/gcc/nios2-elf/5.3.0/../../../../../H-x86_64-pc-linux-gnu/nios2-elf/lib/mno-hw-mul/libsmallc.a(lib_a-printf.o)
 .debug_aranges
                0x0000000000000070       0x28 /opt/intel/18.1/nios2eds/bin/gnu/H-x86_64-pc-linux-gnu/bin/../lib/gcc/nios2-elf/5.3.0/../../../../../H-x86_64-pc-linux-gnu/nios2-elf/lib/mno-hw-mul/libsmallc.a(lib_a-putchar.o)
 .debug_aranges
                0x0000000000000098       0x28 /opt/intel/18.1/nios2eds/bin/gnu/H-x86_64-pc-linux-gnu/bin/../lib/gcc/nios2-elf/5.3.0/../../../../../H-x86_64-pc-linux-gnu/nios2-elf/lib/mno-hw-mul/libsmallc.a(lib_a-puts.o)
 .debug_aranges
                0x00000000000000c0       0x20 /opt/intel/18.1/nios2eds/bin/gnu/H-x86_64-pc-linux-gnu/bin/../lib/gcc/nios2-elf/5.3.0/../../../../../H-x86_64-pc-linux-gnu/nios2-elf/lib/mno-hw-mul/libsmallc.a(lib_a-strlen.o)
 .debug_aranges
                0x00000000000000e0       0x30 /opt/intel/18.1/nios2eds/bin/gnu/H-x86_64-pc-linux-gnu/bin/../lib/gcc/nios2-elf/5.3.0/../../../../../H-x86_64-pc-linux-gnu/nios2-elf/lib/mno-hw-mul/libsmallc.a(lib_a-vfprintf.o)
 .debug_aranges
                0x0000000000000110       0x20 /opt/intel/18.1/nios2eds/bin/gnu/H-x86_64-pc-linux-gnu/bin/../lib/gcc/nios2-elf/5.3.0/../../../../../H-x86_64-pc-linux-gnu/nios2-elf/lib/mno-hw-mul/libsmallc.a(lib_a-fvwrite_small_dev.o)
 .debug_aranges
                0x0000000000000130       0x18 /opt/intel/18.1/nios2eds/bin/gnu/H-x86_64-pc-linux-gnu/bin/../lib/gcc/nios2-elf/5.3.0/../../../../../H-x86_64-pc-linux-gnu/nios2-elf/lib/mno-hw-mul/libsmallc.a(lib_a-impure.o)
 .debug_aranges
                0x0000000000000148       0x28 /opt/intel/18.1/nios2eds/bin/gnu/H-x86_64-pc-linux-gnu/bin/../lib/gcc/nios2-elf/5.3.0/../../../../../H-x86_64-pc-linux-gnu/nios2-elf/lib/mno-hw-mul/libsmallc.a(lib_a-putc.o)
 .debug_aranges
                0x0000000000000170       0x20 /opt/intel/18.1/nios2eds/bin/gnu/H-x86_64-pc-linux-gnu/bin/../lib/gcc/nios2-elf/5.3.0/../../../../../H-x86_64-pc-linux-gnu/nios2-elf/lib/mno-hw-mul/libsmallc.a(lib_a-writer.o)
 .debug_aranges
                0x0000000000000190       0x18 /opt/intel/18.1/nios2eds/bin/gnu/H-x86_64-pc-linux-gnu/bin/../lib/gcc/nios2-elf/5.3.0/../../../../../H-x86_64-pc-linux-gnu/nios2-elf/lib/mno-hw-mul/libsmallc.a(lib_a-int_errno.o)
 .debug_aranges
                0x00000000000001a8       0x20 /opt/intel/18.1/nios2eds/bin/gnu/H-x86_64-pc-linux-gnu/bin/../lib/gcc/nios2-elf/5.3.0/mno-hw-mul/libgcc.a(lib2-divmod.o)
 .debug_aranges
                0x00000000000001c8       0x20 /opt/intel/18.1/nios2eds/bin/gnu/H-x86_64-pc-linux-gnu/bin/../lib/gcc/nios2-elf/5.3.0/mno-hw-mul/libgcc.a(lib2-mul.o)
 .debug_aranges
                0x00000000000001e8       0x20 ../count_binary_bsp//libhal_bsp.a(alt_load.o)
 .debug_aranges
                0x0000000000000208       0x20 ../count_binary_bsp//libhal_bsp.a(alt_main.o)
 .debug_aranges
                0x0000000000000228       0x20 ../count_binary_bsp//libhal_bsp.a(alt_usleep.o)
 .debug_aranges
                0x0000000000000248       0x20 ../count_binary_bsp//libhal_bsp.a(alt_write.o)
 .debug_aranges
                0x0000000000000268       0x20 ../count_binary_bsp//libhal_bsp.a(alt_sys_init.o)
 .debug_aranges
                0x0000000000000288       0x20 ../count_binary_bsp//libhal_bsp.a(altera_avalon_jtag_uart_fd.o)
 .debug_aranges
                0x00000000000002a8       0x20 ../count_binary_bsp//libhal_bsp.a(altera_avalon_jtag_uart_read.o)
 .debug_aranges
                0x00000000000002c8       0x20 ../count_binary_bsp//libhal_bsp.a(altera_avalon_jtag_uart_write.o)
 .debug_aranges
                0x00000000000002e8       0x20 ../count_binary_bsp//libhal_bsp.a(altera_avalon_timer_sc.o)
 .debug_aranges
                0x0000000000000308       0x20 ../count_binary_bsp//libhal_bsp.a(alt_busy_sleep.o)
 .debug_aranges
                0x0000000000000328       0x20 ../count_binary_bsp//libhal_bsp.a(alt_close.o)
 .debug_aranges
                0x0000000000000348       0x20 ../count_binary_bsp//libhal_bsp.a(alt_dcache_flush_all.o)
 .debug_aranges
                0x0000000000000368       0x20 ../count_binary_bsp//libhal_bsp.a(alt_dev.o)
 .debug_aranges
                0x0000000000000388       0x20 ../count_binary_bsp//libhal_bsp.a(alt_dev_llist_insert.o)
 .debug_aranges
                0x00000000000003a8       0x18 ../count_binary_bsp//libhal_bsp.a(alt_errno.o)
 .debug_aranges
                0x00000000000003c0       0x20 ../count_binary_bsp//libhal_bsp.a(alt_icache_flush_all.o)
 .debug_aranges
                0x00000000000003e0       0x20 ../count_binary_bsp//libhal_bsp.a(alt_iic.o)
 .debug_aranges
                0x0000000000000400       0x20 ../count_binary_bsp//libhal_bsp.a(alt_iic_isr_register.o)
 .debug_aranges
                0x0000000000000420       0x20 ../count_binary_bsp//libhal_bsp.a(alt_io_redirect.o)
 .debug_aranges
                0x0000000000000440       0x30 ../count_binary_bsp//libhal_bsp.a(alt_irq_entry.o)
 .debug_aranges
                0x0000000000000470       0x20 ../count_binary_bsp//libhal_bsp.a(alt_irq_handler.o)
 .debug_aranges
                0x0000000000000490       0x18 ../count_binary_bsp//libhal_bsp.a(alt_irq_vars.o)
 .debug_aranges
                0x00000000000004a8       0x20 ../count_binary_bsp//libhal_bsp.a(alt_open.o)
 .debug_aranges
                0x00000000000004c8       0x20 ../count_binary_bsp//libhal_bsp.a(alt_release_fd.o)
 .debug_aranges
                0x00000000000004e8       0x20 ../count_binary_bsp//libhal_bsp.a(alt_tick.o)
 .debug_aranges
                0x0000000000000508       0x20 ../count_binary_bsp//libhal_bsp.a(altera_nios2_qsys_irq.o)
 .debug_aranges
                0x0000000000000528       0x38 ../count_binary_bsp//libhal_bsp.a(alt_exception_entry.o)
 .debug_aranges
                0x0000000000000560       0x20 ../count_binary_bsp//libhal_bsp.a(alt_find_dev.o)
 .debug_aranges
                0x0000000000000580       0x20 ../count_binary_bsp//libhal_bsp.a(alt_find_file.o)
 .debug_aranges
                0x00000000000005a0       0x20 ../count_binary_bsp//libhal_bsp.a(alt_get_fd.o)
 .debug_aranges
                0x00000000000005c0       0x20 ../count_binary_bsp//libhal_bsp.a(alt_icache_flush.o)
 .debug_aranges
                0x00000000000005e0       0x20 /opt/intel/18.1/nios2eds/bin/gnu/H-x86_64-pc-linux-gnu/bin/../lib/gcc/nios2-elf/5.3.0/../../../../../H-x86_64-pc-linux-gnu/nios2-elf/lib/mno-hw-mul/libsmallc.a(lib_a-exit.o)
 .debug_aranges
                0x0000000000000600       0x20 /opt/intel/18.1/nios2eds/bin/gnu/H-x86_64-pc-linux-gnu/bin/../lib/gcc/nios2-elf/5.3.0/../../../../../H-x86_64-pc-linux-gnu/nios2-elf/lib/mno-hw-mul/libsmallc.a(lib_a-memcmp.o)
 .debug_aranges
                0x0000000000000620       0x20 /opt/intel/18.1/nios2eds/bin/gnu/H-x86_64-pc-linux-gnu/bin/../lib/gcc/nios2-elf/5.3.0/../../../../../H-x86_64-pc-linux-gnu/nios2-elf/lib/mno-hw-mul/libsmallc.a(lib_a-__call_atexit.o)
 .debug_aranges
                0x0000000000000640       0x20 ../count_binary_bsp//libhal_bsp.a(alt_exit.o)

.debug_pubnames
 *(.debug_pubnames)

.debug_info     0x0000000000000000     0x90cd
 *(.debug_info .gnu.linkonce.wi.*)
 .debug_info    0x0000000000000000       0x9e ../count_binary_bsp//obj/HAL/src/crt0.o
 .debug_info    0x000000000000009e      0x9e2 obj/default/count_binary.o
 .debug_info    0x0000000000000a80      0x699 /opt/intel/18.1/nios2eds/bin/gnu/H-x86_64-pc-linux-gnu/bin/../lib/gcc/nios2-elf/5.3.0/../../../../../H-x86_64-pc-linux-gnu/nios2-elf/lib/mno-hw-mul/libsmallc.a(lib_a-printf.o)
 .debug_info    0x0000000000001119      0x62a /opt/intel/18.1/nios2eds/bin/gnu/H-x86_64-pc-linux-gnu/bin/../lib/gcc/nios2-elf/5.3.0/../../../../../H-x86_64-pc-linux-gnu/nios2-elf/lib/mno-hw-mul/libsmallc.a(lib_a-putchar.o)
 .debug_info    0x0000000000001743      0x66d /opt/intel/18.1/nios2eds/bin/gnu/H-x86_64-pc-linux-gnu/bin/../lib/gcc/nios2-elf/5.3.0/../../../../../H-x86_64-pc-linux-gnu/nios2-elf/lib/mno-hw-mul/libsmallc.a(lib_a-puts.o)
 .debug_info    0x0000000000001db0       0xc9 /opt/intel/18.1/nios2eds/bin/gnu/H-x86_64-pc-linux-gnu/bin/../lib/gcc/nios2-elf/5.3.0/../../../../../H-x86_64-pc-linux-gnu/nios2-elf/lib/mno-hw-mul/libsmallc.a(lib_a-strlen.o)
 .debug_info    0x0000000000001e79      0xb2b /opt/intel/18.1/nios2eds/bin/gnu/H-x86_64-pc-linux-gnu/bin/../lib/gcc/nios2-elf/5.3.0/../../../../../H-x86_64-pc-linux-gnu/nios2-elf/lib/mno-hw-mul/libsmallc.a(lib_a-vfprintf.o)
 .debug_info    0x00000000000029a4      0x62b /opt/intel/18.1/nios2eds/bin/gnu/H-x86_64-pc-linux-gnu/bin/../lib/gcc/nios2-elf/5.3.0/../../../../../H-x86_64-pc-linux-gnu/nios2-elf/lib/mno-hw-mul/libsmallc.a(lib_a-fvwrite_small_dev.o)
 .debug_info    0x0000000000002fcf      0x5a9 /opt/intel/18.1/nios2eds/bin/gnu/H-x86_64-pc-linux-gnu/bin/../lib/gcc/nios2-elf/5.3.0/../../../../../H-x86_64-pc-linux-gnu/nios2-elf/lib/mno-hw-mul/libsmallc.a(lib_a-impure.o)
 .debug_info    0x0000000000003578      0x672 /opt/intel/18.1/nios2eds/bin/gnu/H-x86_64-pc-linux-gnu/bin/../lib/gcc/nios2-elf/5.3.0/../../../../../H-x86_64-pc-linux-gnu/nios2-elf/lib/mno-hw-mul/libsmallc.a(lib_a-putc.o)
 .debug_info    0x0000000000003bea      0x630 /opt/intel/18.1/nios2eds/bin/gnu/H-x86_64-pc-linux-gnu/bin/../lib/gcc/nios2-elf/5.3.0/../../../../../H-x86_64-pc-linux-gnu/nios2-elf/lib/mno-hw-mul/libsmallc.a(lib_a-writer.o)
 .debug_info    0x000000000000421a       0x8a /opt/intel/18.1/nios2eds/bin/gnu/H-x86_64-pc-linux-gnu/bin/../lib/gcc/nios2-elf/5.3.0/../../../../../H-x86_64-pc-linux-gnu/nios2-elf/lib/mno-hw-mul/libsmallc.a(lib_a-int_errno.o)
 .debug_info    0x00000000000042a4      0x2c6 /opt/intel/18.1/nios2eds/bin/gnu/H-x86_64-pc-linux-gnu/bin/../lib/gcc/nios2-elf/5.3.0/mno-hw-mul/libgcc.a(lib2-divmod.o)
 .debug_info    0x000000000000456a       0xb4 /opt/intel/18.1/nios2eds/bin/gnu/H-x86_64-pc-linux-gnu/bin/../lib/gcc/nios2-elf/5.3.0/mno-hw-mul/libgcc.a(lib2-mul.o)
 .debug_info    0x000000000000461e      0x145 ../count_binary_bsp//libhal_bsp.a(alt_load.o)
 .debug_info    0x0000000000004763      0x131 ../count_binary_bsp//libhal_bsp.a(alt_main.o)
 .debug_info    0x0000000000004894       0xb0 ../count_binary_bsp//libhal_bsp.a(alt_usleep.o)
 .debug_info    0x0000000000004944      0x4b7 ../count_binary_bsp//libhal_bsp.a(alt_write.o)
 .debug_info    0x0000000000004dfb      0x3df ../count_binary_bsp//libhal_bsp.a(alt_sys_init.o)
 .debug_info    0x00000000000051da      0x3a7 ../count_binary_bsp//libhal_bsp.a(altera_avalon_jtag_uart_fd.o)
 .debug_info    0x0000000000005581      0x1b2 ../count_binary_bsp//libhal_bsp.a(altera_avalon_jtag_uart_read.o)
 .debug_info    0x0000000000005733      0x195 ../count_binary_bsp//libhal_bsp.a(altera_avalon_jtag_uart_write.o)
 .debug_info    0x00000000000058c8      0x226 ../count_binary_bsp//libhal_bsp.a(altera_avalon_timer_sc.o)
 .debug_info    0x0000000000005aee       0xd7 ../count_binary_bsp//libhal_bsp.a(alt_busy_sleep.o)
 .debug_info    0x0000000000005bc5      0x321 ../count_binary_bsp//libhal_bsp.a(alt_close.o)
 .debug_info    0x0000000000005ee6       0x92 ../count_binary_bsp//libhal_bsp.a(alt_dcache_flush_all.o)
 .debug_info    0x0000000000005f78      0x49c ../count_binary_bsp//libhal_bsp.a(alt_dev.o)
 .debug_info    0x0000000000006414      0x1a9 ../count_binary_bsp//libhal_bsp.a(alt_dev_llist_insert.o)
 .debug_info    0x00000000000065bd       0xa6 ../count_binary_bsp//libhal_bsp.a(alt_errno.o)
 .debug_info    0x0000000000006663       0x92 ../count_binary_bsp//libhal_bsp.a(alt_icache_flush_all.o)
 .debug_info    0x00000000000066f5      0x350 ../count_binary_bsp//libhal_bsp.a(alt_iic.o)
 .debug_info    0x0000000000006a45      0x1ef ../count_binary_bsp//libhal_bsp.a(alt_iic_isr_register.o)
 .debug_info    0x0000000000006c34      0x4a5 ../count_binary_bsp//libhal_bsp.a(alt_io_redirect.o)
 .debug_info    0x00000000000070d9       0xa7 ../count_binary_bsp//libhal_bsp.a(alt_irq_entry.o)
 .debug_info    0x0000000000007180      0x187 ../count_binary_bsp//libhal_bsp.a(alt_irq_handler.o)
 .debug_info    0x0000000000007307       0x88 ../count_binary_bsp//libhal_bsp.a(alt_irq_vars.o)
 .debug_info    0x000000000000738f      0x3bb ../count_binary_bsp//libhal_bsp.a(alt_open.o)
 .debug_info    0x000000000000774a      0x2b0 ../count_binary_bsp//libhal_bsp.a(alt_release_fd.o)
 .debug_info    0x00000000000079fa      0x299 ../count_binary_bsp//libhal_bsp.a(alt_tick.o)
 .debug_info    0x0000000000007c93       0x92 ../count_binary_bsp//libhal_bsp.a(altera_nios2_qsys_irq.o)
 .debug_info    0x0000000000007d25       0xad ../count_binary_bsp//libhal_bsp.a(alt_exception_entry.o)
 .debug_info    0x0000000000007dd2      0x2e9 ../count_binary_bsp//libhal_bsp.a(alt_find_dev.o)
 .debug_info    0x00000000000080bb      0x2e6 ../count_binary_bsp//libhal_bsp.a(alt_find_file.o)
 .debug_info    0x00000000000083a1      0x310 ../count_binary_bsp//libhal_bsp.a(alt_get_fd.o)
 .debug_info    0x00000000000086b1       0xdc ../count_binary_bsp//libhal_bsp.a(alt_icache_flush.o)
 .debug_info    0x000000000000878d       0xe5 /opt/intel/18.1/nios2eds/bin/gnu/H-x86_64-pc-linux-gnu/bin/../lib/gcc/nios2-elf/5.3.0/../../../../../H-x86_64-pc-linux-gnu/nios2-elf/lib/mno-hw-mul/libsmallc.a(lib_a-exit.o)
 .debug_info    0x0000000000008872       0xf4 /opt/intel/18.1/nios2eds/bin/gnu/H-x86_64-pc-linux-gnu/bin/../lib/gcc/nios2-elf/5.3.0/../../../../../H-x86_64-pc-linux-gnu/nios2-elf/lib/mno-hw-mul/libsmallc.a(lib_a-memcmp.o)
 .debug_info    0x0000000000008966      0x67b /opt/intel/18.1/nios2eds/bin/gnu/H-x86_64-pc-linux-gnu/bin/../lib/gcc/nios2-elf/5.3.0/../../../../../H-x86_64-pc-linux-gnu/nios2-elf/lib/mno-hw-mul/libsmallc.a(lib_a-__call_atexit.o)
 .debug_info    0x0000000000008fe1       0xec ../count_binary_bsp//libhal_bsp.a(alt_exit.o)

.debug_abbrev   0x0000000000000000     0x3017
 *(.debug_abbrev)
 .debug_abbrev  0x0000000000000000       0x12 ../count_binary_bsp//obj/HAL/src/crt0.o
 .debug_abbrev  0x0000000000000012      0x259 obj/default/count_binary.o
 .debug_abbrev  0x000000000000026b      0x1ee /opt/intel/18.1/nios2eds/bin/gnu/H-x86_64-pc-linux-gnu/bin/../lib/gcc/nios2-elf/5.3.0/../../../../../H-x86_64-pc-linux-gnu/nios2-elf/lib/mno-hw-mul/libsmallc.a(lib_a-printf.o)
 .debug_abbrev  0x0000000000000459      0x1c0 /opt/intel/18.1/nios2eds/bin/gnu/H-x86_64-pc-linux-gnu/bin/../lib/gcc/nios2-elf/5.3.0/../../../../../H-x86_64-pc-linux-gnu/nios2-elf/lib/mno-hw-mul/libsmallc.a(lib_a-putchar.o)
 .debug_abbrev  0x0000000000000619      0x1d6 /opt/intel/18.1/nios2eds/bin/gnu/H-x86_64-pc-linux-gnu/bin/../lib/gcc/nios2-elf/5.3.0/../../../../../H-x86_64-pc-linux-gnu/nios2-elf/lib/mno-hw-mul/libsmallc.a(lib_a-puts.o)
 .debug_abbrev  0x00000000000007ef       0x7f /opt/intel/18.1/nios2eds/bin/gnu/H-x86_64-pc-linux-gnu/bin/../lib/gcc/nios2-elf/5.3.0/../../../../../H-x86_64-pc-linux-gnu/nios2-elf/lib/mno-hw-mul/libsmallc.a(lib_a-strlen.o)
 .debug_abbrev  0x000000000000086e      0x2a1 /opt/intel/18.1/nios2eds/bin/gnu/H-x86_64-pc-linux-gnu/bin/../lib/gcc/nios2-elf/5.3.0/../../../../../H-x86_64-pc-linux-gnu/nios2-elf/lib/mno-hw-mul/libsmallc.a(lib_a-vfprintf.o)
 .debug_abbrev  0x0000000000000b0f      0x1bc /opt/intel/18.1/nios2eds/bin/gnu/H-x86_64-pc-linux-gnu/bin/../lib/gcc/nios2-elf/5.3.0/../../../../../H-x86_64-pc-linux-gnu/nios2-elf/lib/mno-hw-mul/libsmallc.a(lib_a-fvwrite_small_dev.o)
 .debug_abbrev  0x0000000000000ccb      0x14a /opt/intel/18.1/nios2eds/bin/gnu/H-x86_64-pc-linux-gnu/bin/../lib/gcc/nios2-elf/5.3.0/../../../../../H-x86_64-pc-linux-gnu/nios2-elf/lib/mno-hw-mul/libsmallc.a(lib_a-impure.o)
 .debug_abbrev  0x0000000000000e15      0x1bd /opt/intel/18.1/nios2eds/bin/gnu/H-x86_64-pc-linux-gnu/bin/../lib/gcc/nios2-elf/5.3.0/../../../../../H-x86_64-pc-linux-gnu/nios2-elf/lib/mno-hw-mul/libsmallc.a(lib_a-putc.o)
 .debug_abbrev  0x0000000000000fd2      0x1a6 /opt/intel/18.1/nios2eds/bin/gnu/H-x86_64-pc-linux-gnu/bin/../lib/gcc/nios2-elf/5.3.0/../../../../../H-x86_64-pc-linux-gnu/nios2-elf/lib/mno-hw-mul/libsmallc.a(lib_a-writer.o)
 .debug_abbrev  0x0000000000001178       0x37 /opt/intel/18.1/nios2eds/bin/gnu/H-x86_64-pc-linux-gnu/bin/../lib/gcc/nios2-elf/5.3.0/../../../../../H-x86_64-pc-linux-gnu/nios2-elf/lib/mno-hw-mul/libsmallc.a(lib_a-int_errno.o)
 .debug_abbrev  0x00000000000011af      0x10e /opt/intel/18.1/nios2eds/bin/gnu/H-x86_64-pc-linux-gnu/bin/../lib/gcc/nios2-elf/5.3.0/mno-hw-mul/libgcc.a(lib2-divmod.o)
 .debug_abbrev  0x00000000000012bd       0x6f /opt/intel/18.1/nios2eds/bin/gnu/H-x86_64-pc-linux-gnu/bin/../lib/gcc/nios2-elf/5.3.0/mno-hw-mul/libgcc.a(lib2-mul.o)
 .debug_abbrev  0x000000000000132c       0x9f ../count_binary_bsp//libhal_bsp.a(alt_load.o)
 .debug_abbrev  0x00000000000013cb       0xba ../count_binary_bsp//libhal_bsp.a(alt_main.o)
 .debug_abbrev  0x0000000000001485       0x60 ../count_binary_bsp//libhal_bsp.a(alt_usleep.o)
 .debug_abbrev  0x00000000000014e5      0x133 ../count_binary_bsp//libhal_bsp.a(alt_write.o)
 .debug_abbrev  0x0000000000001618      0x157 ../count_binary_bsp//libhal_bsp.a(alt_sys_init.o)
 .debug_abbrev  0x000000000000176f       0xf7 ../count_binary_bsp//libhal_bsp.a(altera_avalon_jtag_uart_fd.o)
 .debug_abbrev  0x0000000000001866       0xd5 ../count_binary_bsp//libhal_bsp.a(altera_avalon_jtag_uart_read.o)
 .debug_abbrev  0x000000000000193b       0xd5 ../count_binary_bsp//libhal_bsp.a(altera_avalon_jtag_uart_write.o)
 .debug_abbrev  0x0000000000001a10      0x155 ../count_binary_bsp//libhal_bsp.a(altera_avalon_timer_sc.o)
 .debug_abbrev  0x0000000000001b65       0x7e ../count_binary_bsp//libhal_bsp.a(alt_busy_sleep.o)
 .debug_abbrev  0x0000000000001be3      0x11f ../count_binary_bsp//libhal_bsp.a(alt_close.o)
 .debug_abbrev  0x0000000000001d02       0x42 ../count_binary_bsp//libhal_bsp.a(alt_dcache_flush_all.o)
 .debug_abbrev  0x0000000000001d44       0xd9 ../count_binary_bsp//libhal_bsp.a(alt_dev.o)
 .debug_abbrev  0x0000000000001e1d      0x114 ../count_binary_bsp//libhal_bsp.a(alt_dev_llist_insert.o)
 .debug_abbrev  0x0000000000001f31       0x5a ../count_binary_bsp//libhal_bsp.a(alt_errno.o)
 .debug_abbrev  0x0000000000001f8b       0x42 ../count_binary_bsp//libhal_bsp.a(alt_icache_flush_all.o)
 .debug_abbrev  0x0000000000001fcd      0x163 ../count_binary_bsp//libhal_bsp.a(alt_iic.o)
 .debug_abbrev  0x0000000000002130      0x169 ../count_binary_bsp//libhal_bsp.a(alt_iic_isr_register.o)
 .debug_abbrev  0x0000000000002299      0x114 ../count_binary_bsp//libhal_bsp.a(alt_io_redirect.o)
 .debug_abbrev  0x00000000000023ad       0x12 ../count_binary_bsp//libhal_bsp.a(alt_irq_entry.o)
 .debug_abbrev  0x00000000000023bf      0x122 ../count_binary_bsp//libhal_bsp.a(alt_irq_handler.o)
 .debug_abbrev  0x00000000000024e1       0x40 ../count_binary_bsp//libhal_bsp.a(alt_irq_vars.o)
 .debug_abbrev  0x0000000000002521      0x148 ../count_binary_bsp//libhal_bsp.a(alt_open.o)
 .debug_abbrev  0x0000000000002669       0xde ../count_binary_bsp//libhal_bsp.a(alt_release_fd.o)
 .debug_abbrev  0x0000000000002747      0x15a ../count_binary_bsp//libhal_bsp.a(alt_tick.o)
 .debug_abbrev  0x00000000000028a1       0x42 ../count_binary_bsp//libhal_bsp.a(altera_nios2_qsys_irq.o)
 .debug_abbrev  0x00000000000028e3       0x12 ../count_binary_bsp//libhal_bsp.a(alt_exception_entry.o)
 .debug_abbrev  0x00000000000028f5       0xf0 ../count_binary_bsp//libhal_bsp.a(alt_find_dev.o)
 .debug_abbrev  0x00000000000029e5       0xf0 ../count_binary_bsp//libhal_bsp.a(alt_find_file.o)
 .debug_abbrev  0x0000000000002ad5      0x10d ../count_binary_bsp//libhal_bsp.a(alt_get_fd.o)
 .debug_abbrev  0x0000000000002be2       0x8c ../count_binary_bsp//libhal_bsp.a(alt_icache_flush.o)
 .debug_abbrev  0x0000000000002c6e       0x8b /opt/intel/18.1/nios2eds/bin/gnu/H-x86_64-pc-linux-gnu/bin/../lib/gcc/nios2-elf/5.3.0/../../../../../H-x86_64-pc-linux-gnu/nios2-elf/lib/mno-hw-mul/libsmallc.a(lib_a-exit.o)
 .debug_abbrev  0x0000000000002cf9       0x7f /opt/intel/18.1/nios2eds/bin/gnu/H-x86_64-pc-linux-gnu/bin/../lib/gcc/nios2-elf/5.3.0/../../../../../H-x86_64-pc-linux-gnu/nios2-elf/lib/mno-hw-mul/libsmallc.a(lib_a-memcmp.o)
 .debug_abbrev  0x0000000000002d78      0x1f6 /opt/intel/18.1/nios2eds/bin/gnu/H-x86_64-pc-linux-gnu/bin/../lib/gcc/nios2-elf/5.3.0/../../../../../H-x86_64-pc-linux-gnu/nios2-elf/lib/mno-hw-mul/libsmallc.a(lib_a-__call_atexit.o)
 .debug_abbrev  0x0000000000002f6e       0xa9 ../count_binary_bsp//libhal_bsp.a(alt_exit.o)

.debug_line     0x0000000000000000     0x3448
 *(.debug_line)
 .debug_line    0x0000000000000000       0x6c ../count_binary_bsp//obj/HAL/src/crt0.o
 .debug_line    0x000000000000006c      0x20b obj/default/count_binary.o
 .debug_line    0x0000000000000277      0x203 /opt/intel/18.1/nios2eds/bin/gnu/H-x86_64-pc-linux-gnu/bin/../lib/gcc/nios2-elf/5.3.0/../../../../../H-x86_64-pc-linux-gnu/nios2-elf/lib/mno-hw-mul/libsmallc.a(lib_a-printf.o)
 .debug_line    0x000000000000047a      0x1e9 /opt/intel/18.1/nios2eds/bin/gnu/H-x86_64-pc-linux-gnu/bin/../lib/gcc/nios2-elf/5.3.0/../../../../../H-x86_64-pc-linux-gnu/nios2-elf/lib/mno-hw-mul/libsmallc.a(lib_a-putchar.o)
 .debug_line    0x0000000000000663      0x206 /opt/intel/18.1/nios2eds/bin/gnu/H-x86_64-pc-linux-gnu/bin/../lib/gcc/nios2-elf/5.3.0/../../../../../H-x86_64-pc-linux-gnu/nios2-elf/lib/mno-hw-mul/libsmallc.a(lib_a-puts.o)
 .debug_line    0x0000000000000869      0x15c /opt/intel/18.1/nios2eds/bin/gnu/H-x86_64-pc-linux-gnu/bin/../lib/gcc/nios2-elf/5.3.0/../../../../../H-x86_64-pc-linux-gnu/nios2-elf/lib/mno-hw-mul/libsmallc.a(lib_a-strlen.o)
 .debug_line    0x00000000000009c5      0x351 /opt/intel/18.1/nios2eds/bin/gnu/H-x86_64-pc-linux-gnu/bin/../lib/gcc/nios2-elf/5.3.0/../../../../../H-x86_64-pc-linux-gnu/nios2-elf/lib/mno-hw-mul/libsmallc.a(lib_a-vfprintf.o)
 .debug_line    0x0000000000000d16      0x1f0 /opt/intel/18.1/nios2eds/bin/gnu/H-x86_64-pc-linux-gnu/bin/../lib/gcc/nios2-elf/5.3.0/../../../../../H-x86_64-pc-linux-gnu/nios2-elf/lib/mno-hw-mul/libsmallc.a(lib_a-fvwrite_small_dev.o)
 .debug_line    0x0000000000000f06      0x156 /opt/intel/18.1/nios2eds/bin/gnu/H-x86_64-pc-linux-gnu/bin/../lib/gcc/nios2-elf/5.3.0/../../../../../H-x86_64-pc-linux-gnu/nios2-elf/lib/mno-hw-mul/libsmallc.a(lib_a-impure.o)
 .debug_line    0x000000000000105c      0x202 /opt/intel/18.1/nios2eds/bin/gnu/H-x86_64-pc-linux-gnu/bin/../lib/gcc/nios2-elf/5.3.0/../../../../../H-x86_64-pc-linux-gnu/nios2-elf/lib/mno-hw-mul/libsmallc.a(lib_a-putc.o)
 .debug_line    0x000000000000125e      0x1ed /opt/intel/18.1/nios2eds/bin/gnu/H-x86_64-pc-linux-gnu/bin/../lib/gcc/nios2-elf/5.3.0/../../../../../H-x86_64-pc-linux-gnu/nios2-elf/lib/mno-hw-mul/libsmallc.a(lib_a-writer.o)
 .debug_line    0x000000000000144b       0x5f /opt/intel/18.1/nios2eds/bin/gnu/H-x86_64-pc-linux-gnu/bin/../lib/gcc/nios2-elf/5.3.0/../../../../../H-x86_64-pc-linux-gnu/nios2-elf/lib/mno-hw-mul/libsmallc.a(lib_a-int_errno.o)
 .debug_line    0x00000000000014aa      0x105 /opt/intel/18.1/nios2eds/bin/gnu/H-x86_64-pc-linux-gnu/bin/../lib/gcc/nios2-elf/5.3.0/mno-hw-mul/libgcc.a(lib2-divmod.o)
 .debug_line    0x00000000000015af       0x80 /opt/intel/18.1/nios2eds/bin/gnu/H-x86_64-pc-linux-gnu/bin/../lib/gcc/nios2-elf/5.3.0/mno-hw-mul/libgcc.a(lib2-mul.o)
 .debug_line    0x000000000000162f       0x8e ../count_binary_bsp//libhal_bsp.a(alt_load.o)
 .debug_line    0x00000000000016bd       0x9e ../count_binary_bsp//libhal_bsp.a(alt_main.o)
 .debug_line    0x000000000000175b       0xab ../count_binary_bsp//libhal_bsp.a(alt_usleep.o)
 .debug_line    0x0000000000001806      0x1d7 ../count_binary_bsp//libhal_bsp.a(alt_write.o)
 .debug_line    0x00000000000019dd      0x142 ../count_binary_bsp//libhal_bsp.a(alt_sys_init.o)
 .debug_line    0x0000000000001b1f      0x112 ../count_binary_bsp//libhal_bsp.a(altera_avalon_jtag_uart_fd.o)
 .debug_line    0x0000000000001c31       0xfd ../count_binary_bsp//libhal_bsp.a(altera_avalon_jtag_uart_read.o)
 .debug_line    0x0000000000001d2e       0xf4 ../count_binary_bsp//libhal_bsp.a(altera_avalon_jtag_uart_write.o)
 .debug_line    0x0000000000001e22       0xfd ../count_binary_bsp//libhal_bsp.a(altera_avalon_timer_sc.o)
 .debug_line    0x0000000000001f1f       0xa1 ../count_binary_bsp//libhal_bsp.a(alt_busy_sleep.o)
 .debug_line    0x0000000000001fc0      0x163 ../count_binary_bsp//libhal_bsp.a(alt_close.o)
 .debug_line    0x0000000000002123       0x51 ../count_binary_bsp//libhal_bsp.a(alt_dcache_flush_all.o)
 .debug_line    0x0000000000002174       0xf6 ../count_binary_bsp//libhal_bsp.a(alt_dev.o)
 .debug_line    0x000000000000226a       0xcf ../count_binary_bsp//libhal_bsp.a(alt_dev_llist_insert.o)
 .debug_line    0x0000000000002339       0x51 ../count_binary_bsp//libhal_bsp.a(alt_errno.o)
 .debug_line    0x000000000000238a       0x50 ../count_binary_bsp//libhal_bsp.a(alt_icache_flush_all.o)
 .debug_line    0x00000000000023da       0xeb ../count_binary_bsp//libhal_bsp.a(alt_iic.o)
 .debug_line    0x00000000000024c5       0xdb ../count_binary_bsp//libhal_bsp.a(alt_iic_isr_register.o)
 .debug_line    0x00000000000025a0      0x133 ../count_binary_bsp//libhal_bsp.a(alt_io_redirect.o)
 .debug_line    0x00000000000026d3       0x6b ../count_binary_bsp//libhal_bsp.a(alt_irq_entry.o)
 .debug_line    0x000000000000273e       0xaa ../count_binary_bsp//libhal_bsp.a(alt_irq_handler.o)
 .debug_line    0x00000000000027e8       0x50 ../count_binary_bsp//libhal_bsp.a(alt_irq_vars.o)
 .debug_line    0x0000000000002838      0x12b ../count_binary_bsp//libhal_bsp.a(alt_open.o)
 .debug_line    0x0000000000002963       0xb0 ../count_binary_bsp//libhal_bsp.a(alt_release_fd.o)
 .debug_line    0x0000000000002a13       0xff ../count_binary_bsp//libhal_bsp.a(alt_tick.o)
 .debug_line    0x0000000000002b12       0x51 ../count_binary_bsp//libhal_bsp.a(altera_nios2_qsys_irq.o)
 .debug_line    0x0000000000002b63       0xab ../count_binary_bsp//libhal_bsp.a(alt_exception_entry.o)
 .debug_line    0x0000000000002c0e       0xb5 ../count_binary_bsp//libhal_bsp.a(alt_find_dev.o)
 .debug_line    0x0000000000002cc3       0xd1 ../count_binary_bsp//libhal_bsp.a(alt_find_file.o)
 .debug_line    0x0000000000002d94       0xd7 ../count_binary_bsp//libhal_bsp.a(alt_get_fd.o)
 .debug_line    0x0000000000002e6b       0x81 ../count_binary_bsp//libhal_bsp.a(alt_icache_flush.o)
 .debug_line    0x0000000000002eec      0x159 /opt/intel/18.1/nios2eds/bin/gnu/H-x86_64-pc-linux-gnu/bin/../lib/gcc/nios2-elf/5.3.0/../../../../../H-x86_64-pc-linux-gnu/nios2-elf/lib/mno-hw-mul/libsmallc.a(lib_a-exit.o)
 .debug_line    0x0000000000003045      0x160 /opt/intel/18.1/nios2eds/bin/gnu/H-x86_64-pc-linux-gnu/bin/../lib/gcc/nios2-elf/5.3.0/../../../../../H-x86_64-pc-linux-gnu/nios2-elf/lib/mno-hw-mul/libsmallc.a(lib_a-memcmp.o)
 .debug_line    0x00000000000031a5      0x232 /opt/intel/18.1/nios2eds/bin/gnu/H-x86_64-pc-linux-gnu/bin/../lib/gcc/nios2-elf/5.3.0/../../../../../H-x86_64-pc-linux-gnu/nios2-elf/lib/mno-hw-mul/libsmallc.a(lib_a-__call_atexit.o)
 .debug_line    0x00000000000033d7       0x71 ../count_binary_bsp//libhal_bsp.a(alt_exit.o)

.debug_frame    0x0000000000000000      0xcd0
 *(.debug_frame)
 .debug_frame   0x0000000000000000      0x134 obj/default/count_binary.o
 .debug_frame   0x0000000000000134       0x48 /opt/intel/18.1/nios2eds/bin/gnu/H-x86_64-pc-linux-gnu/bin/../lib/gcc/nios2-elf/5.3.0/../../../../../H-x86_64-pc-linux-gnu/nios2-elf/lib/mno-hw-mul/libsmallc.a(lib_a-printf.o)
 .debug_frame   0x000000000000017c       0x30 /opt/intel/18.1/nios2eds/bin/gnu/H-x86_64-pc-linux-gnu/bin/../lib/gcc/nios2-elf/5.3.0/../../../../../H-x86_64-pc-linux-gnu/nios2-elf/lib/mno-hw-mul/libsmallc.a(lib_a-putchar.o)
 .debug_frame   0x00000000000001ac       0x48 /opt/intel/18.1/nios2eds/bin/gnu/H-x86_64-pc-linux-gnu/bin/../lib/gcc/nios2-elf/5.3.0/../../../../../H-x86_64-pc-linux-gnu/nios2-elf/lib/mno-hw-mul/libsmallc.a(lib_a-puts.o)
 .debug_frame   0x00000000000001f4       0x20 /opt/intel/18.1/nios2eds/bin/gnu/H-x86_64-pc-linux-gnu/bin/../lib/gcc/nios2-elf/5.3.0/../../../../../H-x86_64-pc-linux-gnu/nios2-elf/lib/mno-hw-mul/libsmallc.a(lib_a-strlen.o)
 .debug_frame   0x0000000000000214       0x8c /opt/intel/18.1/nios2eds/bin/gnu/H-x86_64-pc-linux-gnu/bin/../lib/gcc/nios2-elf/5.3.0/../../../../../H-x86_64-pc-linux-gnu/nios2-elf/lib/mno-hw-mul/libsmallc.a(lib_a-vfprintf.o)
 .debug_frame   0x00000000000002a0       0x58 /opt/intel/18.1/nios2eds/bin/gnu/H-x86_64-pc-linux-gnu/bin/../lib/gcc/nios2-elf/5.3.0/../../../../../H-x86_64-pc-linux-gnu/nios2-elf/lib/mno-hw-mul/libsmallc.a(lib_a-fvwrite_small_dev.o)
 .debug_frame   0x00000000000002f8       0x50 /opt/intel/18.1/nios2eds/bin/gnu/H-x86_64-pc-linux-gnu/bin/../lib/gcc/nios2-elf/5.3.0/../../../../../H-x86_64-pc-linux-gnu/nios2-elf/lib/mno-hw-mul/libsmallc.a(lib_a-putc.o)
 .debug_frame   0x0000000000000348       0x38 /opt/intel/18.1/nios2eds/bin/gnu/H-x86_64-pc-linux-gnu/bin/../lib/gcc/nios2-elf/5.3.0/../../../../../H-x86_64-pc-linux-gnu/nios2-elf/lib/mno-hw-mul/libsmallc.a(lib_a-writer.o)
 .debug_frame   0x0000000000000380       0x50 /opt/intel/18.1/nios2eds/bin/gnu/H-x86_64-pc-linux-gnu/bin/../lib/gcc/nios2-elf/5.3.0/mno-hw-mul/libgcc.a(lib2-divmod.o)
 .debug_frame   0x00000000000003d0       0x20 /opt/intel/18.1/nios2eds/bin/gnu/H-x86_64-pc-linux-gnu/bin/../lib/gcc/nios2-elf/5.3.0/mno-hw-mul/libgcc.a(lib2-mul.o)
 .debug_frame   0x00000000000003f0       0x5c ../count_binary_bsp//libhal_bsp.a(alt_load.o)
 .debug_frame   0x000000000000044c       0x2c ../count_binary_bsp//libhal_bsp.a(alt_main.o)
 .debug_frame   0x0000000000000478       0x38 ../count_binary_bsp//libhal_bsp.a(alt_usleep.o)
 .debug_frame   0x00000000000004b0       0x60 ../count_binary_bsp//libhal_bsp.a(alt_write.o)
 .debug_frame   0x0000000000000510       0x88 ../count_binary_bsp//libhal_bsp.a(alt_sys_init.o)
 .debug_frame   0x0000000000000598       0x60 ../count_binary_bsp//libhal_bsp.a(altera_avalon_jtag_uart_fd.o)
 .debug_frame   0x00000000000005f8       0x34 ../count_binary_bsp//libhal_bsp.a(altera_avalon_jtag_uart_read.o)
 .debug_frame   0x000000000000062c       0x34 ../count_binary_bsp//libhal_bsp.a(altera_avalon_jtag_uart_write.o)
 .debug_frame   0x0000000000000660       0x60 ../count_binary_bsp//libhal_bsp.a(altera_avalon_timer_sc.o)
 .debug_frame   0x00000000000006c0       0x38 ../count_binary_bsp//libhal_bsp.a(alt_busy_sleep.o)
 .debug_frame   0x00000000000006f8       0x60 ../count_binary_bsp//libhal_bsp.a(alt_close.o)
 .debug_frame   0x0000000000000758       0x34 ../count_binary_bsp//libhal_bsp.a(alt_dcache_flush_all.o)
 .debug_frame   0x000000000000078c       0x34 ../count_binary_bsp//libhal_bsp.a(alt_dev.o)
 .debug_frame   0x00000000000007c0       0x60 ../count_binary_bsp//libhal_bsp.a(alt_dev_llist_insert.o)
 .debug_frame   0x0000000000000820       0x38 ../count_binary_bsp//libhal_bsp.a(alt_icache_flush_all.o)
 .debug_frame   0x0000000000000858       0xa4 ../count_binary_bsp//libhal_bsp.a(alt_iic.o)
 .debug_frame   0x00000000000008fc       0x38 ../count_binary_bsp//libhal_bsp.a(alt_iic_isr_register.o)
 .debug_frame   0x0000000000000934       0x64 ../count_binary_bsp//libhal_bsp.a(alt_io_redirect.o)
 .debug_frame   0x0000000000000998       0x38 ../count_binary_bsp//libhal_bsp.a(alt_irq_handler.o)
 .debug_frame   0x00000000000009d0       0x8c ../count_binary_bsp//libhal_bsp.a(alt_open.o)
 .debug_frame   0x0000000000000a5c       0x3c ../count_binary_bsp//libhal_bsp.a(alt_release_fd.o)
 .debug_frame   0x0000000000000a98       0x5c ../count_binary_bsp//libhal_bsp.a(alt_tick.o)
 .debug_frame   0x0000000000000af4       0x34 ../count_binary_bsp//libhal_bsp.a(altera_nios2_qsys_irq.o)
 .debug_frame   0x0000000000000b28       0x38 ../count_binary_bsp//libhal_bsp.a(alt_find_dev.o)
 .debug_frame   0x0000000000000b60       0x38 ../count_binary_bsp//libhal_bsp.a(alt_find_file.o)
 .debug_frame   0x0000000000000b98       0x3c ../count_binary_bsp//libhal_bsp.a(alt_get_fd.o)
 .debug_frame   0x0000000000000bd4       0x34 ../count_binary_bsp//libhal_bsp.a(alt_icache_flush.o)
 .debug_frame   0x0000000000000c08       0x28 /opt/intel/18.1/nios2eds/bin/gnu/H-x86_64-pc-linux-gnu/bin/../lib/gcc/nios2-elf/5.3.0/../../../../../H-x86_64-pc-linux-gnu/nios2-elf/lib/mno-hw-mul/libsmallc.a(lib_a-exit.o)
 .debug_frame   0x0000000000000c30       0x20 /opt/intel/18.1/nios2eds/bin/gnu/H-x86_64-pc-linux-gnu/bin/../lib/gcc/nios2-elf/5.3.0/../../../../../H-x86_64-pc-linux-gnu/nios2-elf/lib/mno-hw-mul/libsmallc.a(lib_a-memcmp.o)
 .debug_frame   0x0000000000000c50       0x54 /opt/intel/18.1/nios2eds/bin/gnu/H-x86_64-pc-linux-gnu/bin/../lib/gcc/nios2-elf/5.3.0/../../../../../H-x86_64-pc-linux-gnu/nios2-elf/lib/mno-hw-mul/libsmallc.a(lib_a-__call_atexit.o)
 .debug_frame   0x0000000000000ca4       0x2c ../count_binary_bsp//libhal_bsp.a(alt_exit.o)

.debug_str      0x0000000000000000     0x1b14
 *(.debug_str)
 .debug_str     0x0000000000000000      0x4ff obj/default/count_binary.o
                                        0x59c (size before relaxing)
 .debug_str     0x00000000000004ff      0x1e1 /opt/intel/18.1/nios2eds/bin/gnu/H-x86_64-pc-linux-gnu/bin/../lib/gcc/nios2-elf/5.3.0/../../../../../H-x86_64-pc-linux-gnu/nios2-elf/lib/mno-hw-mul/libsmallc.a(lib_a-printf.o)
                                        0x505 (size before relaxing)
 .debug_str     0x00000000000006e0       0x58 /opt/intel/18.1/nios2eds/bin/gnu/H-x86_64-pc-linux-gnu/bin/../lib/gcc/nios2-elf/5.3.0/../../../../../H-x86_64-pc-linux-gnu/nios2-elf/lib/mno-hw-mul/libsmallc.a(lib_a-putchar.o)
                                        0x4c2 (size before relaxing)
 .debug_str     0x0000000000000738       0x63 /opt/intel/18.1/nios2eds/bin/gnu/H-x86_64-pc-linux-gnu/bin/../lib/gcc/nios2-elf/5.3.0/../../../../../H-x86_64-pc-linux-gnu/nios2-elf/lib/mno-hw-mul/libsmallc.a(lib_a-puts.o)
                                        0x4ce (size before relaxing)
 .debug_str     0x000000000000079b       0xd3 /opt/intel/18.1/nios2eds/bin/gnu/H-x86_64-pc-linux-gnu/bin/../lib/gcc/nios2-elf/5.3.0/../../../../../H-x86_64-pc-linux-gnu/nios2-elf/lib/mno-hw-mul/libsmallc.a(lib_a-strlen.o)
                                        0x1e6 (size before relaxing)
 .debug_str     0x000000000000086e      0x1f8 /opt/intel/18.1/nios2eds/bin/gnu/H-x86_64-pc-linux-gnu/bin/../lib/gcc/nios2-elf/5.3.0/../../../../../H-x86_64-pc-linux-gnu/nios2-elf/lib/mno-hw-mul/libsmallc.a(lib_a-vfprintf.o)
                                        0x680 (size before relaxing)
 .debug_str     0x0000000000000a66       0x63 /opt/intel/18.1/nios2eds/bin/gnu/H-x86_64-pc-linux-gnu/bin/../lib/gcc/nios2-elf/5.3.0/../../../../../H-x86_64-pc-linux-gnu/nios2-elf/lib/mno-hw-mul/libsmallc.a(lib_a-fvwrite_small_dev.o)
                                        0x4d5 (size before relaxing)
 .debug_str     0x0000000000000ac9       0xf0 /opt/intel/18.1/nios2eds/bin/gnu/H-x86_64-pc-linux-gnu/bin/../lib/gcc/nios2-elf/5.3.0/../../../../../H-x86_64-pc-linux-gnu/nios2-elf/lib/mno-hw-mul/libsmallc.a(lib_a-impure.o)
                                        0x4bf (size before relaxing)
 .debug_str     0x0000000000000bb9       0x46 /opt/intel/18.1/nios2eds/bin/gnu/H-x86_64-pc-linux-gnu/bin/../lib/gcc/nios2-elf/5.3.0/../../../../../H-x86_64-pc-linux-gnu/nios2-elf/lib/mno-hw-mul/libsmallc.a(lib_a-putc.o)
                                        0x4cc (size before relaxing)
 .debug_str     0x0000000000000bff       0x45 /opt/intel/18.1/nios2eds/bin/gnu/H-x86_64-pc-linux-gnu/bin/../lib/gcc/nios2-elf/5.3.0/../../../../../H-x86_64-pc-linux-gnu/nios2-elf/lib/mno-hw-mul/libsmallc.a(lib_a-writer.o)
                                        0x4b9 (size before relaxing)
 .debug_str     0x0000000000000c44       0x3f /opt/intel/18.1/nios2eds/bin/gnu/H-x86_64-pc-linux-gnu/bin/../lib/gcc/nios2-elf/5.3.0/../../../../../H-x86_64-pc-linux-gnu/nios2-elf/lib/mno-hw-mul/libsmallc.a(lib_a-int_errno.o)
                                        0x1d9 (size before relaxing)
 .debug_str     0x0000000000000c83      0x188 /opt/intel/18.1/nios2eds/bin/gnu/H-x86_64-pc-linux-gnu/bin/../lib/gcc/nios2-elf/5.3.0/mno-hw-mul/libgcc.a(lib2-divmod.o)
                                        0x1d3 (size before relaxing)
 .debug_str     0x0000000000000e0b       0x40 /opt/intel/18.1/nios2eds/bin/gnu/H-x86_64-pc-linux-gnu/bin/../lib/gcc/nios2-elf/5.3.0/mno-hw-mul/libgcc.a(lib2-mul.o)
                                        0x194 (size before relaxing)
 .debug_str     0x0000000000000e4b      0x15b ../count_binary_bsp//libhal_bsp.a(alt_load.o)
                                        0x23f (size before relaxing)
 .debug_str     0x0000000000000fa6       0x70 ../count_binary_bsp//libhal_bsp.a(alt_main.o)
                                        0x1ca (size before relaxing)
 .debug_str     0x0000000000001016       0x27 ../count_binary_bsp//libhal_bsp.a(alt_usleep.o)
                                        0x175 (size before relaxing)
 .debug_str     0x000000000000103d      0x152 ../count_binary_bsp//libhal_bsp.a(alt_write.o)
                                        0x325 (size before relaxing)
 .debug_str     0x000000000000118f      0x136 ../count_binary_bsp//libhal_bsp.a(alt_sys_init.o)
                                        0x337 (size before relaxing)
 .debug_str     0x00000000000012c5       0x77 ../count_binary_bsp//libhal_bsp.a(altera_avalon_jtag_uart_fd.o)
                                        0x302 (size before relaxing)
 .debug_str     0x000000000000133c       0x48 ../count_binary_bsp//libhal_bsp.a(altera_avalon_jtag_uart_read.o)
                                        0x24c (size before relaxing)
 .debug_str     0x0000000000001384       0x4a ../count_binary_bsp//libhal_bsp.a(altera_avalon_jtag_uart_write.o)
                                        0x242 (size before relaxing)
 .debug_str     0x00000000000013ce       0xb6 ../count_binary_bsp//libhal_bsp.a(altera_avalon_timer_sc.o)
                                        0x278 (size before relaxing)
 .debug_str     0x0000000000001484       0x42 ../count_binary_bsp//libhal_bsp.a(alt_busy_sleep.o)
                                        0x198 (size before relaxing)
 .debug_str     0x00000000000014c6       0x1b ../count_binary_bsp//libhal_bsp.a(alt_close.o)
                                        0x238 (size before relaxing)
 .debug_str     0x00000000000014e1       0x34 ../count_binary_bsp//libhal_bsp.a(alt_dcache_flush_all.o)
                                        0x182 (size before relaxing)
 .debug_str     0x0000000000001515       0x50 ../count_binary_bsp//libhal_bsp.a(alt_dev.o)
                                        0x332 (size before relaxing)
 .debug_str     0x0000000000001565       0x4b ../count_binary_bsp//libhal_bsp.a(alt_dev_llist_insert.o)
                                        0x1f9 (size before relaxing)
 .debug_str     0x00000000000015b0       0x14 ../count_binary_bsp//libhal_bsp.a(alt_errno.o)
                                        0x172 (size before relaxing)
 .debug_str     0x00000000000015c4       0x34 ../count_binary_bsp//libhal_bsp.a(alt_icache_flush_all.o)
                                        0x182 (size before relaxing)
 .debug_str     0x00000000000015f8       0xc4 ../count_binary_bsp//libhal_bsp.a(alt_iic.o)
                                        0x26b (size before relaxing)
 .debug_str     0x00000000000016bc       0x4c ../count_binary_bsp//libhal_bsp.a(alt_iic_isr_register.o)
                                        0x215 (size before relaxing)
 .debug_str     0x0000000000001708       0x56 ../count_binary_bsp//libhal_bsp.a(alt_io_redirect.o)
                                        0x343 (size before relaxing)
 .debug_str     0x000000000000175e       0x3a ../count_binary_bsp//libhal_bsp.a(alt_irq_handler.o)
                                        0x1c4 (size before relaxing)
 .debug_str     0x0000000000001798       0x17 ../count_binary_bsp//libhal_bsp.a(alt_irq_vars.o)
                                        0x167 (size before relaxing)
 .debug_str     0x00000000000017af       0x2f ../count_binary_bsp//libhal_bsp.a(alt_open.o)
                                        0x278 (size before relaxing)
 .debug_str     0x00000000000017de       0x28 ../count_binary_bsp//libhal_bsp.a(alt_release_fd.o)
                                        0x200 (size before relaxing)
 .debug_str     0x0000000000001806       0x78 ../count_binary_bsp//libhal_bsp.a(alt_tick.o)
                                        0x27f (size before relaxing)
 .debug_str     0x000000000000187e       0x3b ../count_binary_bsp//libhal_bsp.a(altera_nios2_qsys_irq.o)
                                        0x189 (size before relaxing)
 .debug_str     0x00000000000018b9       0x24 ../count_binary_bsp//libhal_bsp.a(alt_find_dev.o)
                                        0x219 (size before relaxing)
 .debug_str     0x00000000000018dd       0x26 ../count_binary_bsp//libhal_bsp.a(alt_find_file.o)
                                        0x227 (size before relaxing)
 .debug_str     0x0000000000001903       0x30 ../count_binary_bsp//libhal_bsp.a(alt_get_fd.o)
                                        0x249 (size before relaxing)
 .debug_str     0x0000000000001933       0x2c ../count_binary_bsp//libhal_bsp.a(alt_icache_flush.o)
                                        0x188 (size before relaxing)
 .debug_str     0x000000000000195f       0xe2 /opt/intel/18.1/nios2eds/bin/gnu/H-x86_64-pc-linux-gnu/bin/../lib/gcc/nios2-elf/5.3.0/../../../../../H-x86_64-pc-linux-gnu/nios2-elf/lib/mno-hw-mul/libsmallc.a(lib_a-exit.o)
                                        0x1f1 (size before relaxing)
 .debug_str     0x0000000000001a41       0x44 /opt/intel/18.1/nios2eds/bin/gnu/H-x86_64-pc-linux-gnu/bin/../lib/gcc/nios2-elf/5.3.0/../../../../../H-x86_64-pc-linux-gnu/nios2-elf/lib/mno-hw-mul/libsmallc.a(lib_a-memcmp.o)
                                        0x1e0 (size before relaxing)
 .debug_str     0x0000000000001a85       0x65 /opt/intel/18.1/nios2eds/bin/gnu/H-x86_64-pc-linux-gnu/bin/../lib/gcc/nios2-elf/5.3.0/../../../../../H-x86_64-pc-linux-gnu/nios2-elf/lib/mno-hw-mul/libsmallc.a(lib_a-__call_atexit.o)
                                        0x4ec (size before relaxing)
 .debug_str     0x0000000000001aea       0x2a ../count_binary_bsp//libhal_bsp.a(alt_exit.o)
                                        0x17e (size before relaxing)

.debug_loc      0x0000000000000000     0x1535
 *(.debug_loc)
 .debug_loc     0x0000000000000000       0xc6 /opt/intel/18.1/nios2eds/bin/gnu/H-x86_64-pc-linux-gnu/bin/../lib/gcc/nios2-elf/5.3.0/../../../../../H-x86_64-pc-linux-gnu/nios2-elf/lib/mno-hw-mul/libsmallc.a(lib_a-printf.o)
 .debug_loc     0x00000000000000c6       0x81 /opt/intel/18.1/nios2eds/bin/gnu/H-x86_64-pc-linux-gnu/bin/../lib/gcc/nios2-elf/5.3.0/../../../../../H-x86_64-pc-linux-gnu/nios2-elf/lib/mno-hw-mul/libsmallc.a(lib_a-putchar.o)
 .debug_loc     0x0000000000000147       0x97 /opt/intel/18.1/nios2eds/bin/gnu/H-x86_64-pc-linux-gnu/bin/../lib/gcc/nios2-elf/5.3.0/../../../../../H-x86_64-pc-linux-gnu/nios2-elf/lib/mno-hw-mul/libsmallc.a(lib_a-puts.o)
 .debug_loc     0x00000000000001de       0x1e /opt/intel/18.1/nios2eds/bin/gnu/H-x86_64-pc-linux-gnu/bin/../lib/gcc/nios2-elf/5.3.0/../../../../../H-x86_64-pc-linux-gnu/nios2-elf/lib/mno-hw-mul/libsmallc.a(lib_a-strlen.o)
 .debug_loc     0x00000000000001fc      0x954 /opt/intel/18.1/nios2eds/bin/gnu/H-x86_64-pc-linux-gnu/bin/../lib/gcc/nios2-elf/5.3.0/../../../../../H-x86_64-pc-linux-gnu/nios2-elf/lib/mno-hw-mul/libsmallc.a(lib_a-vfprintf.o)
 .debug_loc     0x0000000000000b50      0x110 /opt/intel/18.1/nios2eds/bin/gnu/H-x86_64-pc-linux-gnu/bin/../lib/gcc/nios2-elf/5.3.0/../../../../../H-x86_64-pc-linux-gnu/nios2-elf/lib/mno-hw-mul/libsmallc.a(lib_a-fvwrite_small_dev.o)
 .debug_loc     0x0000000000000c60       0xc6 /opt/intel/18.1/nios2eds/bin/gnu/H-x86_64-pc-linux-gnu/bin/../lib/gcc/nios2-elf/5.3.0/../../../../../H-x86_64-pc-linux-gnu/nios2-elf/lib/mno-hw-mul/libsmallc.a(lib_a-putc.o)
 .debug_loc     0x0000000000000d26       0xa5 /opt/intel/18.1/nios2eds/bin/gnu/H-x86_64-pc-linux-gnu/bin/../lib/gcc/nios2-elf/5.3.0/../../../../../H-x86_64-pc-linux-gnu/nios2-elf/lib/mno-hw-mul/libsmallc.a(lib_a-writer.o)
 .debug_loc     0x0000000000000dcb      0x4ce /opt/intel/18.1/nios2eds/bin/gnu/H-x86_64-pc-linux-gnu/bin/../lib/gcc/nios2-elf/5.3.0/mno-hw-mul/libgcc.a(lib2-divmod.o)
 .debug_loc     0x0000000000001299       0x93 /opt/intel/18.1/nios2eds/bin/gnu/H-x86_64-pc-linux-gnu/bin/../lib/gcc/nios2-elf/5.3.0/mno-hw-mul/libgcc.a(lib2-mul.o)
 .debug_loc     0x000000000000132c       0x1e /opt/intel/18.1/nios2eds/bin/gnu/H-x86_64-pc-linux-gnu/bin/../lib/gcc/nios2-elf/5.3.0/../../../../../H-x86_64-pc-linux-gnu/nios2-elf/lib/mno-hw-mul/libsmallc.a(lib_a-exit.o)
 .debug_loc     0x000000000000134a       0x94 /opt/intel/18.1/nios2eds/bin/gnu/H-x86_64-pc-linux-gnu/bin/../lib/gcc/nios2-elf/5.3.0/../../../../../H-x86_64-pc-linux-gnu/nios2-elf/lib/mno-hw-mul/libsmallc.a(lib_a-memcmp.o)
 .debug_loc     0x00000000000013de      0x157 /opt/intel/18.1/nios2eds/bin/gnu/H-x86_64-pc-linux-gnu/bin/../lib/gcc/nios2-elf/5.3.0/../../../../../H-x86_64-pc-linux-gnu/nios2-elf/lib/mno-hw-mul/libsmallc.a(lib_a-__call_atexit.o)

.debug_macinfo
 *(.debug_macinfo)

.debug_weaknames
 *(.debug_weaknames)

.debug_funcnames
 *(.debug_funcnames)

.debug_typenames
 *(.debug_typenames)

.debug_varnames
 *(.debug_varnames)

.debug_alt_sim_info
                0x0000000000000000       0x50
 *(.debug_alt_sim_info)
 .debug_alt_sim_info
                0x0000000000000000       0x20 ../count_binary_bsp//obj/HAL/src/crt0.o
 .debug_alt_sim_info
                0x0000000000000020       0x30 ../count_binary_bsp//libhal_bsp.a(alt_busy_sleep.o)
                0x000000000000d000                __alt_data_end = 0xd000
                0x000000000000d000                PROVIDE (__alt_stack_pointer, __alt_data_end)
                [!provide]                        PROVIDE (__alt_stack_limit, __alt_stack_base)
                [!provide]                        PROVIDE (__alt_heap_start, end)
                [!provide]                        PROVIDE (__alt_heap_limit, 0xd000)
OUTPUT(count_binary.elf elf32-littlenios2)

.debug_ranges   0x0000000000000000      0x2b8
 .debug_ranges  0x0000000000000000       0x20 ../count_binary_bsp//obj/HAL/src/crt0.o
 .debug_ranges  0x0000000000000020       0x18 /opt/intel/18.1/nios2eds/bin/gnu/H-x86_64-pc-linux-gnu/bin/../lib/gcc/nios2-elf/5.3.0/../../../../../H-x86_64-pc-linux-gnu/nios2-elf/lib/mno-hw-mul/libsmallc.a(lib_a-printf.o)
 .debug_ranges  0x0000000000000038       0x18 /opt/intel/18.1/nios2eds/bin/gnu/H-x86_64-pc-linux-gnu/bin/../lib/gcc/nios2-elf/5.3.0/../../../../../H-x86_64-pc-linux-gnu/nios2-elf/lib/mno-hw-mul/libsmallc.a(lib_a-putchar.o)