Archive member included to satisfy reference by file (symbol)

/opt/intelFPGA/18.1/nios2eds/bin/gnu/H-x86_64-pc-linux-gnu/bin/../lib/gcc/nios2-elf/5.3.0/../../../../../H-x86_64-pc-linux-gnu/nios2-elf/lib/libsmallc.a(lib_a-printf.o)
                              obj/default/count_binary.o (printf)
/opt/intelFPGA/18.1/nios2eds/bin/gnu/H-x86_64-pc-linux-gnu/bin/../lib/gcc/nios2-elf/5.3.0/../../../../../H-x86_64-pc-linux-gnu/nios2-elf/lib/libsmallc.a(lib_a-puts.o)
                              obj/default/count_binary.o (puts)
/opt/intelFPGA/18.1/nios2eds/bin/gnu/H-x86_64-pc-linux-gnu/bin/../lib/gcc/nios2-elf/5.3.0/../../../../../H-x86_64-pc-linux-gnu/nios2-elf/lib/libsmallc.a(lib_a-strlen.o)
                              /opt/intelFPGA/18.1/nios2eds/bin/gnu/H-x86_64-pc-linux-gnu/bin/../lib/gcc/nios2-elf/5.3.0/../../../../../H-x86_64-pc-linux-gnu/nios2-elf/lib/libsmallc.a(lib_a-puts.o) (strlen)
/opt/intelFPGA/18.1/nios2eds/bin/gnu/H-x86_64-pc-linux-gnu/bin/../lib/gcc/nios2-elf/5.3.0/../../../../../H-x86_64-pc-linux-gnu/nios2-elf/lib/libsmallc.a(lib_a-vfprintf.o)
                              /opt/intelFPGA/18.1/nios2eds/bin/gnu/H-x86_64-pc-linux-gnu/bin/../lib/gcc/nios2-elf/5.3.0/../../../../../H-x86_64-pc-linux-gnu/nios2-elf/lib/libsmallc.a(lib_a-printf.o) (___vfprintf_internal_r)
/opt/intelFPGA/18.1/nios2eds/bin/gnu/H-x86_64-pc-linux-gnu/bin/../lib/gcc/nios2-elf/5.3.0/../../../../../H-x86_64-pc-linux-gnu/nios2-elf/lib/libsmallc.a(lib_a-fvwrite_small_dev.o)
                              /opt/intelFPGA/18.1/nios2eds/bin/gnu/H-x86_64-pc-linux-gnu/bin/../lib/gcc/nios2-elf/5.3.0/../../../../../H-x86_64-pc-linux-gnu/nios2-elf/lib/libsmallc.a(lib_a-printf.o) (__sfvwrite_small_dev)
/opt/intelFPGA/18.1/nios2eds/bin/gnu/H-x86_64-pc-linux-gnu/bin/../lib/gcc/nios2-elf/5.3.0/../../../../../H-x86_64-pc-linux-gnu/nios2-elf/lib/libsmallc.a(lib_a-impure.o)
                              /opt/intelFPGA/18.1/nios2eds/bin/gnu/H-x86_64-pc-linux-gnu/bin/../lib/gcc/nios2-elf/5.3.0/../../../../../H-x86_64-pc-linux-gnu/nios2-elf/lib/libsmallc.a(lib_a-printf.o) (_impure_ptr)
/opt/intelFPGA/18.1/nios2eds/bin/gnu/H-x86_64-pc-linux-gnu/bin/../lib/gcc/nios2-elf/5.3.0/../../../../../H-x86_64-pc-linux-gnu/nios2-elf/lib/libsmallc.a(lib_a-writer.o)
                              /opt/intelFPGA/18.1/nios2eds/bin/gnu/H-x86_64-pc-linux-gnu/bin/../lib/gcc/nios2-elf/5.3.0/../../../../../H-x86_64-pc-linux-gnu/nios2-elf/lib/libsmallc.a(lib_a-fvwrite_small_dev.o) (_write_r)
/opt/intelFPGA/18.1/nios2eds/bin/gnu/H-x86_64-pc-linux-gnu/bin/../lib/gcc/nios2-elf/5.3.0/../../../../../H-x86_64-pc-linux-gnu/nios2-elf/lib/libsmallc.a(lib_a-int_errno.o)
                              /opt/intelFPGA/18.1/nios2eds/bin/gnu/H-x86_64-pc-linux-gnu/bin/../lib/gcc/nios2-elf/5.3.0/../../../../../H-x86_64-pc-linux-gnu/nios2-elf/lib/libsmallc.a(lib_a-writer.o) (errno)
/opt/intelFPGA/18.1/nios2eds/bin/gnu/H-x86_64-pc-linux-gnu/bin/../lib/gcc/nios2-elf/5.3.0/libgcc.a(lib2-divmod.o)
                              /opt/intelFPGA/18.1/nios2eds/bin/gnu/H-x86_64-pc-linux-gnu/bin/../lib/gcc/nios2-elf/5.3.0/../../../../../H-x86_64-pc-linux-gnu/nios2-elf/lib/libsmallc.a(lib_a-vfprintf.o) (__udivsi3)
../count_binary_aula_bsp//libhal_bsp.a(alt_load.o)
                              ../count_binary_aula_bsp//obj/HAL/src/crt0.o (alt_load)
../count_binary_aula_bsp//libhal_bsp.a(alt_main.o)
                              ../count_binary_aula_bsp//obj/HAL/src/crt0.o (alt_main)
../count_binary_aula_bsp//libhal_bsp.a(alt_usleep.o)
                              obj/default/count_binary.o (usleep)
../count_binary_aula_bsp//libhal_bsp.a(alt_write.o)
                              /opt/intelFPGA/18.1/nios2eds/bin/gnu/H-x86_64-pc-linux-gnu/bin/../lib/gcc/nios2-elf/5.3.0/../../../../../H-x86_64-pc-linux-gnu/nios2-elf/lib/libsmallc.a(lib_a-writer.o) (write)
../count_binary_aula_bsp//libhal_bsp.a(alt_sys_init.o)
                              ../count_binary_aula_bsp//libhal_bsp.a(alt_main.o) (alt_irq_init)
../count_binary_aula_bsp//libhal_bsp.a(altera_avalon_jtag_uart_fd.o)
                              ../count_binary_aula_bsp//libhal_bsp.a(alt_sys_init.o) (altera_avalon_jtag_uart_read_fd)
../count_binary_aula_bsp//libhal_bsp.a(altera_avalon_jtag_uart_read.o)
                              ../count_binary_aula_bsp//libhal_bsp.a(altera_avalon_jtag_uart_fd.o) (altera_avalon_jtag_uart_read)
../count_binary_aula_bsp//libhal_bsp.a(altera_avalon_jtag_uart_write.o)
                              ../count_binary_aula_bsp//libhal_bsp.a(altera_avalon_jtag_uart_fd.o) (altera_avalon_jtag_uart_write)
../count_binary_aula_bsp//libhal_bsp.a(altera_avalon_timer_sc.o)
                              ../count_binary_aula_bsp//libhal_bsp.a(alt_sys_init.o) (alt_avalon_timer_sc_init)
../count_binary_aula_bsp//libhal_bsp.a(alt_busy_sleep.o)
                              ../count_binary_aula_bsp//libhal_bsp.a(alt_usleep.o) (alt_busy_sleep)
../count_binary_aula_bsp//libhal_bsp.a(alt_close.o)
[...]
Memory Configuration

Name             Origin             Length             Attributes
reset            0x0000000000008000 0x0000000000000020
onchip_mem       0x0000000000008020 0x0000000000004fe0
*default*        0x0000000000000000 0xffffffffffffffff

Linker script and memory map

LOAD ../count_binary_aula_bsp//obj/HAL/src/crt0.o
LOAD obj/default/count_binary.o
LOAD obj/default/main.o
LOAD /opt/intelFPGA/18.1/nios2eds/bin/gnu/H-x86_64-pc-linux-gnu/bin/../lib/gcc/nios2-elf/5.3.0/../../../../../H-x86_64-pc-linux-gnu/nios2-elf/lib/libstdc++.a
LOAD /opt/intelFPGA/18.1/nios2eds/bin/gnu/H-x86_64-pc-linux-gnu/bin/../lib/gcc/nios2-elf/5.3.0/../../../../../H-x86_64-pc-linux-gnu/nios2-elf/lib/libm.a
LOAD /opt/intelFPGA/18.1/nios2eds/bin/gnu/H-x86_64-pc-linux-gnu/bin/../lib/gcc/nios2-elf/5.3.0/libgcc.a
START GROUP
LOAD /opt/intelFPGA/18.1/nios2eds/bin/gnu/H-x86_64-pc-linux-gnu/bin/../lib/gcc/nios2-elf/5.3.0/../../../../../H-x86_64-pc-linux-gnu/nios2-elf/lib/libsmallc.a
LOAD /opt/intelFPGA/18.1/nios2eds/bin/gnu/H-x86_64-pc-linux-gnu/bin/../lib/gcc/nios2-elf/5.3.0/libgcc.a
LOAD ../count_binary_aula_bsp//libhal_bsp.a
LOAD /opt/intelFPGA/18.1/nios2eds/bin/gnu/H-x86_64-pc-linux-gnu/bin/../lib/gcc/nios2-elf/5.3.0/../../../../../H-x86_64-pc-linux-gnu/nios2-elf/lib/libm.a
END GROUP
LOAD /opt/intelFPGA/18.1/nios2eds/bin/gnu/H-x86_64-pc-linux-gnu/bin/../lib/gcc/nios2-elf/5.3.0/libgcc.a
                0x0000000000008000                __alt_mem_onchip_mem = 0x8000

.entry          0x0000000000008000       0x20
 *(.entry)
 .entry         0x0000000000008000       0x20 ../count_binary_aula_bsp//obj/HAL/src/crt0.o
                0x0000000000008000                __reset

.exceptions     0x0000000000008020      0x224
                0x0000000000008020                PROVIDE (__ram_exceptions_start, ABSOLUTE (.))
                0x0000000000008020                . = ALIGN (0x20)
 *(.irq)
 *(.exceptions.entry.label)
 .exceptions.entry.label
                0x0000000000008020        0x0 ../count_binary_aula_bsp//libhal_bsp.a(alt_irq_entry.o)
                0x0000000000008020                alt_irq_entry
 .exceptions.entry.label
                0x0000000000008020        0x0 ../count_binary_aula_bsp//libhal_bsp.a(alt_exception_entry.o)
                0x0000000000008020                alt_exception
 *(.exceptions.entry.user)
 *(.exceptions.entry.ecc_fatal)
 *(.exceptions.entry)
 .exceptions.entry
                0x0000000000008020       0x54 ../count_binary_aula_bsp//libhal_bsp.a(alt_exception_entry.o)
 *(.exceptions.irqtest.user)
 *(.exceptions.irqtest)
 .exceptions.irqtest
                0x0000000000008074       0x10 ../count_binary_aula_bsp//libhal_bsp.a(alt_irq_entry.o)
 *(.exceptions.irqhandler.user)
 *(.exceptions.irqhandler)
 .exceptions.irqhandler
                0x0000000000008084        0x4 ../count_binary_aula_bsp//libhal_bsp.a(alt_irq_entry.o)
 *(.exceptions.irqreturn.user)
 *(.exceptions.irqreturn)
 .exceptions.irqreturn
                0x0000000000008088        0x4 ../count_binary_aula_bsp//libhal_bsp.a(alt_irq_entry.o)
 *(.exceptions.notirq.label)
 .exceptions.notirq.label
                0x000000000000808c        0x0 ../count_binary_aula_bsp//libhal_bsp.a(alt_irq_entry.o)
 *(.exceptions.notirq.user)
 *(.exceptions.notirq)
 .exceptions.notirq
                0x000000000000808c        0x8 ../count_binary_aula_bsp//libhal_bsp.a(alt_exception_entry.o)
 *(.exceptions.soft.user)
 *(.exceptions.soft)
 *(.exceptions.unknown.user)
 *(.exceptions.unknown)
 .exceptions.unknown
                0x0000000000008094       0x14 ../count_binary_aula_bsp//libhal_bsp.a(alt_exception_entry.o)
 *(.exceptions.exit.label)
 .exceptions.exit.label
                0x00000000000080a8        0x0 ../count_binary_aula_bsp//libhal_bsp.a(alt_irq_entry.o)
 .exceptions.exit.label
                0x00000000000080a8        0x0 ../count_binary_aula_bsp//libhal_bsp.a(alt_exception_entry.o)
 *(.exceptions.exit.user)
 *(.exceptions.exit)
 .exceptions.exit
                0x00000000000080a8       0x54 ../count_binary_aula_bsp//libhal_bsp.a(alt_exception_entry.o)
 *(.exceptions)
 .exceptions    0x00000000000080fc       0xd4 ../count_binary_aula_bsp//libhal_bsp.a(alt_irq_handler.o)
                0x00000000000080fc                alt_irq_handler
 .exceptions    0x00000000000081d0       0x74 ../count_binary_aula_bsp//libhal_bsp.a(alt_instruction_exception_entry.o)
                0x00000000000081d0                alt_instruction_exception_entry
                0x0000000000008244                PROVIDE (__ram_exceptions_end, ABSOLUTE (.))
                0x0000000000008020                PROVIDE (__flash_exceptions_start, LOADADDR (.exceptions))

.text           0x0000000000008244     0x2334
                [!provide]                        PROVIDE (stext, ABSOLUTE (.))
 *(.interp)
 *(.hash)
 *(.dynsym)
 *(.dynstr)
 *(.gnu.version)
 *(.gnu.version_d)
 *(.gnu.version_r)
 *(.rel.init)
 *(.rela.init)
 *(.rel.text .rel.text.* .rel.gnu.linkonce.t.*)
 *(.rela.text .rela.text.* .rela.gnu.linkonce.t.*)
 *(.rel.fini)
 *(.rela.fini)
 *(.rel.rodata .rel.rodata.* .rel.gnu.linkonce.r.*)
 *(.rela.rodata .rela.rodata.* .rela.gnu.linkonce.r.*)
 *(.rel.data .rel.data.* .rel.gnu.linkonce.d.*)
 *(.rela.data .rela.data.* .rela.gnu.linkonce.d.*)
 *(.rel.tdata .rel.tdata.* .rel.gnu.linkonce.td.*)
 *(.rela.tdata .rela.tdata.* .rela.gnu.linkonce.td.*)
 *(.rel.tbss .rel.tbss.* .rel.gnu.linkonce.tb.*)
 *(.rela.tbss .rela.tbss.* .rela.gnu.linkonce.tb.*)
 *(.rel.ctors)
 *(.rela.ctors)
 *(.rel.dtors)
 *(.rela.dtors)
 *(.rel.got)
 *(.rela.got)
 *(.rel.sdata .rel.sdata.* .rel.gnu.linkonce.s.*)
 *(.rela.sdata .rela.sdata.* .rela.gnu.linkonce.s.*)
 *(.rel.sbss .rel.sbss.* .rel.gnu.linkonce.sb.*)
 *(.rela.sbss .rela.sbss.* .rela.gnu.linkonce.sb.*)
 *(.rel.sdata2 .rel.sdata2.* .rel.gnu.linkonce.s2.*)
 *(.rela.sdata2 .rela.sdata2.* .rela.gnu.linkonce.s2.*)
 *(.rel.sbss2 .rel.sbss2.* .rel.gnu.linkonce.sb2.*)
 *(.rela.sbss2 .rela.sbss2.* .rela.gnu.linkonce.sb2.*)
 *(.rel.bss .rel.bss.* .rel.gnu.linkonce.b.*)
 *(.rela.bss .rela.bss.* .rela.gnu.linkonce.b.*)
 *(.rel.plt)
 *(.rela.plt)
 *(.rel.dyn)
 *(.init)
 *(.plt)
 *(.text .stub .text.* .gnu.linkonce.t.*)
 .text          0x0000000000008244       0x3c ../count_binary_aula_bsp//obj/HAL/src/crt0.o
                0x0000000000008244                _start
 .text          0x0000000000008280       0xac obj/default/count_binary.o
                0x00000000000082d8                main
 .text          0x000000000000832c       0x58 obj/default/main.o
 .text          0x0000000000008384        0x0 /opt/intelFPGA/18.1/nios2eds/bin/gnu/H-x86_64-pc-linux-gnu/bin/../lib/gcc/nios2-elf/5.3.0/../../../../../H-x86_64-pc-linux-gnu/nios2-elf/lib/libsmallc.a(lib_a-printf.o)
 .text._printf_r
                0x0000000000008384       0x3c /opt/intelFPGA/18.1/nios2eds/bin/gnu/H-x86_64-pc-linux-gnu/bin/../lib/gcc/nios2-elf/5.3.0/../../../../../H-x86_64-pc-linux-gnu/nios2-elf/lib/libsmallc.a(lib_a-printf.o)
                0x0000000000008384                _printf_r
 .text.printf   0x00000000000083c0       0x4c /opt/intelFPGA/18.1/nios2eds/bin/gnu/H-x86_64-pc-linux-gnu/bin/../lib/gcc/nios2-elf/5.3.0/../../../../../H-x86_64-pc-linux-gnu/nios2-elf/lib/libsmallc.a(lib_a-printf.o)
                0x00000000000083c0                printf
 .text          0x000000000000840c        0x0 /opt/intelFPGA/18.1/nios2eds/bin/gnu/H-x86_64-pc-linux-gnu/bin/../lib/gcc/nios2-elf/5.3.0/../../../../../H-x86_64-pc-linux-gnu/nios2-elf/lib/libsmallc.a(lib_a-puts.o)
 .text._puts_r  0x000000000000840c       0x80 /opt/intelFPGA/18.1/nios2eds/bin/gnu/H-x86_64-pc-linux-gnu/bin/../lib/gcc/nios2-elf/5.3.0/../../../../../H-x86_64-pc-linux-gnu/nios2-elf/lib/libsmallc.a(lib_a-puts.o)
                0x000000000000840c                _puts_r
 .text.puts     0x000000000000848c       0x14 /opt/intelFPGA/18.1/nios2eds/bin/gnu/H-x86_64-pc-linux-gnu/bin/../lib/gcc/nios2-elf/5.3.0/../../../../../H-x86_64-pc-linux-gnu/nios2-elf/lib/libsmallc.a(lib_a-puts.o)
                0x000000000000848c                puts
 .text          0x00000000000084a0        0x0 /opt/intelFPGA/18.1/nios2eds/bin/gnu/H-x86_64-pc-linux-gnu/bin/../lib/gcc/nios2-elf/5.3.0/../../../../../H-x86_64-pc-linux-gnu/nios2-elf/lib/libsmallc.a(lib_a-strlen.o)
 .text.strlen   0x00000000000084a0       0x1c /opt/intelFPGA/18.1/nios2eds/bin/gnu/H-x86_64-pc-linux-gnu/bin/../lib/gcc/nios2-elf/5.3.0/../../../../../H-x86_64-pc-linux-gnu/nios2-elf/lib/libsmallc.a(lib_a-strlen.o)
                0x00000000000084a0                strlen
 .text          0x00000000000084bc        0x0 /opt/intelFPGA/18.1/nios2eds/bin/gnu/H-x86_64-pc-linux-gnu/bin/../lib/gcc/nios2-elf/5.3.0/../../../../../H-x86_64-pc-linux-gnu/nios2-elf/lib/libsmallc.a(lib_a-vfprintf.o)
 .text.print_repeat
                0x00000000000084bc       0x6c /opt/intelFPGA/18.1/nios2eds/bin/gnu/H-x86_64-pc-linux-gnu/bin/../lib/gcc/nios2-elf/5.3.0/../../../../../H-x86_64-pc-linux-gnu/nios2-elf/lib/libsmallc.a(lib_a-vfprintf.o)
 .text.___vfprintf_internal_r
                0x0000000000008528      0x524 /opt/intelFPGA/18.1/nios2eds/bin/gnu/H-x86_64-pc-linux-gnu/bin/../lib/gcc/nios2-elf/5.3.0/../../../../../H-x86_64-pc-linux-gnu/nios2-elf/lib/libsmallc.a(lib_a-vfprintf.o)
                0x0000000000008528                ___vfprintf_internal_r
 .text.__vfprintf_internal
                0x0000000000008a4c       0x1c /opt/intelFPGA/18.1/nios2eds/bin/gnu/H-x86_64-pc-linux-gnu/bin/../lib/gcc/nios2-elf/5.3.0/../../../../../H-x86_64-pc-linux-gnu/nios2-elf/lib/libsmallc.a(lib_a-vfprintf.o)
                0x0000000000008a4c                __vfprintf_internal
 .text          0x0000000000008a68        0x0 /opt/intelFPGA/18.1/nios2eds/bin/gnu/H-x86_64-pc-linux-gnu/bin/../lib/gcc/nios2-elf/5.3.0/../../../../../H-x86_64-pc-linux-gnu/nios2-elf/lib/libsmallc.a(lib_a-fvwrite_small_dev.o)
 .text.__sfvwrite_small_dev
                0x0000000000008a68       0xb8 /opt/intelFPGA/18.1/nios2eds/bin/gnu/H-x86_64-pc-linux-gnu/bin/../lib/gcc/nios2-elf/5.3.0/../../../../../H-x86_64-pc-linux-gnu/nios2-elf/lib/libsmallc.a(lib_a-fvwrite_small_dev.o)
                0x0000000000008a68                __sfvwrite_small_dev
 .text          0x0000000000008b20        0x0 /opt/intelFPGA/18.1/nios2eds/bin/gnu/H-x86_64-pc-linux-gnu/bin/../lib/gcc/nios2-elf/5.3.0/../../../../../H-x86_64-pc-linux-gnu/nios2-elf/lib/libsmallc.a(lib_a-impure.o)
 .text          0x0000000000008b20        0x0 /opt/intelFPGA/18.1/nios2eds/bin/gnu/H-x86_64-pc-linux-gnu/bin/../lib/gcc/nios2-elf/5.3.0/../../../../../H-x86_64-pc-linux-gnu/nios2-elf/lib/libsmallc.a(lib_a-writer.o)
 .text._write_r
                0x0000000000008b20       0x58 /opt/intelFPGA/18.1/nios2eds/bin/gnu/H-x86_64-pc-linux-gnu/bin/../lib/gcc/nios2-elf/5.3.0/../../../../../H-x86_64-pc-linux-gnu/nios2-elf/lib/libsmallc.a(lib_a-writer.o)
                0x0000000000008b20                _write_r
 .text          0x0000000000008b78        0x0 /opt/intelFPGA/18.1/nios2eds/bin/gnu/H-x86_64-pc-linux-gnu/bin/../lib/gcc/nios2-elf/5.3.0/../../../../../H-x86_64-pc-linux-gnu/nios2-elf/lib/libsmallc.a(lib_a-int_errno.o)
 .text          0x0000000000008b78      0x1b4 /opt/intelFPGA/18.1/nios2eds/bin/gnu/H-x86_64-pc-linux-gnu/bin/../lib/gcc/nios2-elf/5.3.0/libgcc.a(lib2-divmod.o)
                0x0000000000008b78                __divsi3
                0x0000000000008bfc                __modsi3
                0x0000000000008c70                __udivsi3
                0x0000000000008cd4                __umodsi3
 .text          0x0000000000008d2c       0xec ../count_binary_aula_bsp//libhal_bsp.a(alt_load.o)
                0x0000000000008d94                alt_load
 .text          0x0000000000008e18       0x6c ../count_binary_aula_bsp//libhal_bsp.a(alt_main.o)
                0x0000000000008e18                alt_main
 .text          0x0000000000008e84       0x30 ../count_binary_aula_bsp//libhal_bsp.a(alt_usleep.o)
                0x0000000000008e84                usleep
 .text          0x0000000000008eb4      0x134 ../count_binary_aula_bsp//libhal_bsp.a(alt_write.o)
                0x0000000000008ef0                write
 .text          0x0000000000008fe8       0xbc ../count_binary_aula_bsp//libhal_bsp.a(alt_sys_init.o)
                0x000000000000901c                alt_irq_init
                0x0000000000009054                alt_sys_init
 .text          0x00000000000090a4       0xc0 ../count_binary_aula_bsp//libhal_bsp.a(altera_avalon_jtag_uart_fd.o)
                0x00000000000090a4                altera_avalon_jtag_uart_read_fd
                0x0000000000009104                altera_avalon_jtag_uart_write_fd
 .text          0x0000000000009164       0xec ../count_binary_aula_bsp//libhal_bsp.a(altera_avalon_jtag_uart_read.o)
                0x0000000000009164                altera_avalon_jtag_uart_read
 .text          0x0000000000009250       0x94 ../count_binary_aula_bsp//libhal_bsp.a(altera_avalon_jtag_uart_write.o)
                0x0000000000009250                altera_avalon_jtag_uart_write
 .text          0x00000000000092e4       0xf4 ../count_binary_aula_bsp//libhal_bsp.a(altera_avalon_timer_sc.o)
                0x000000000000935c                alt_avalon_timer_sc_init
 .text          0x00000000000093d8      0x158 ../count_binary_aula_bsp//libhal_bsp.a(alt_busy_sleep.o)
                0x00000000000093d8                alt_busy_sleep
 .text          0x0000000000009530      0x10c ../count_binary_aula_bsp//libhal_bsp.a(alt_close.o)
                0x000000000000956c                close
 .text          0x000000000000963c       0x20 ../count_binary_aula_bsp//libhal_bsp.a(alt_dcache_flush_all.o)
                0x000000000000963c                alt_dcache_flush_all
 .text          0x000000000000965c       0x2c ../count_binary_aula_bsp//libhal_bsp.a(alt_dev.o)
 .text          0x0000000000009688       0xe0 ../count_binary_aula_bsp//libhal_bsp.a(alt_dev_llist_insert.o)
                0x00000000000096c4                alt_dev_llist_insert
 .text          0x0000000000009768        0x0 ../count_binary_aula_bsp//libhal_bsp.a(alt_errno.o)
 .text          0x0000000000009768       0x34 ../count_binary_aula_bsp//libhal_bsp.a(alt_icache_flush_all.o)
                0x0000000000009768                alt_icache_flush_all
 .text          0x000000000000979c      0x1b0 ../count_binary_aula_bsp//libhal_bsp.a(alt_iic.o)
                0x000000000000979c                alt_ic_isr_register
                0x00000000000097ec                alt_ic_irq_enable
                0x0000000000009874                alt_ic_irq_disable
                0x0000000000009900                alt_ic_irq_enabled
 .text          0x000000000000994c       0xf0 ../count_binary_aula_bsp//libhal_bsp.a(alt_iic_isr_register.o)
                0x000000000000994c                alt_iic_isr_register
 .text          0x0000000000009a3c      0x140 ../count_binary_aula_bsp//libhal_bsp.a(alt_io_redirect.o)
                0x0000000000009b00                alt_io_redirect
 .text          0x0000000000009b7c        0x0 ../count_binary_aula_bsp//libhal_bsp.a(alt_irq_entry.o)
 .text          0x0000000000009b7c        0x0 ../count_binary_aula_bsp//libhal_bsp.a(alt_irq_handler.o)
 .text          0x0000000000009b7c        0x0 ../count_binary_aula_bsp//libhal_bsp.a(alt_irq_vars.o)
 .text          0x0000000000009b7c      0x254 ../count_binary_aula_bsp//libhal_bsp.a(alt_open.o)
                0x0000000000009c7c                open
 .text          0x0000000000009dd0       0x64 ../count_binary_aula_bsp//libhal_bsp.a(alt_release_fd.o)
                0x0000000000009dd0                alt_release_fd
 .text          0x0000000000009e34      0x1a4 ../count_binary_aula_bsp//libhal_bsp.a(alt_tick.o)
                0x0000000000009e34                alt_alarm_stop
                0x0000000000009ed0                alt_tick
 .text          0x0000000000009fd8       0x24 ../count_binary_aula_bsp//libhal_bsp.a(altera_nios2_gen2_irq.o)
                0x0000000000009fd8                altera_nios2_gen2_irq_init
 .text          0x0000000000009ffc        0x0 ../count_binary_aula_bsp//libhal_bsp.a(alt_exception_entry.o)
 .text          0x0000000000009ffc       0x90 ../count_binary_aula_bsp//libhal_bsp.a(alt_find_dev.o)
                0x0000000000009ffc                alt_find_dev
 .text          0x000000000000a08c      0x108 ../count_binary_aula_bsp//libhal_bsp.a(alt_find_file.o)
                0x000000000000a08c                alt_find_file
 .text          0x000000000000a194       0xa4 ../count_binary_aula_bsp//libhal_bsp.a(alt_get_fd.o)
                0x000000000000a194                alt_get_fd
 .text          0x000000000000a238       0x90 ../count_binary_aula_bsp//libhal_bsp.a(alt_icache_flush.o)
                0x000000000000a238                alt_icache_flush
 .text          0x000000000000a2c8       0x9c ../count_binary_aula_bsp//libhal_bsp.a(alt_instruction_exception_entry.o)
                0x000000000000a2c8                alt_exception_cause_generated_bad_addr
 .text          0x000000000000a364        0x0 /opt/intelFPGA/18.1/nios2eds/bin/gnu/H-x86_64-pc-linux-gnu/bin/../lib/gcc/nios2-elf/5.3.0/../../../../../H-x86_64-pc-linux-gnu/nios2-elf/lib/libsmallc.a(lib_a-exit.o)
 .text.exit     0x000000000000a364       0x20 /opt/intelFPGA/18.1/nios2eds/bin/gnu/H-x86_64-pc-linux-gnu/bin/../lib/gcc/nios2-elf/5.3.0/../../../../../H-x86_64-pc-linux-gnu/nios2-elf/lib/libsmallc.a(lib_a-exit.o)
                0x000000000000a364                exit
 .text          0x000000000000a384        0x0 /opt/intelFPGA/18.1/nios2eds/bin/gnu/H-x86_64-pc-linux-gnu/bin/../lib/gcc/nios2-elf/5.3.0/../../../../../H-x86_64-pc-linux-gnu/nios2-elf/lib/libsmallc.a(lib_a-memcmp.o)
 .text.memcmp   0x000000000000a384       0x30 /opt/intelFPGA/18.1/nios2eds/bin/gnu/H-x86_64-pc-linux-gnu/bin/../lib/gcc/nios2-elf/5.3.0/../../../../../H-x86_64-pc-linux-gnu/nios2-elf/lib/libsmallc.a(lib_a-memcmp.o)
                0x000000000000a384                memcmp
 .text          0x000000000000a3b4        0x0 /opt/intelFPGA/18.1/nios2eds/bin/gnu/H-x86_64-pc-linux-gnu/bin/../lib/gcc/nios2-elf/5.3.0/../../../../../H-x86_64-pc-linux-gnu/nios2-elf/lib/libsmallc.a(lib_a-__call_atexit.o)
 .text.__call_exitprocs
                0x000000000000a3b4      0x190 /opt/intelFPGA/18.1/nios2eds/bin/gnu/H-x86_64-pc-linux-gnu/bin/../lib/gcc/nios2-elf/5.3.0/../../../../../H-x86_64-pc-linux-gnu/nios2-elf/lib/libsmallc.a(lib_a-__call_atexit.o)
                0x000000000000a3b4                __call_exitprocs
 .text          0x000000000000a544       0x34 ../count_binary_aula_bsp//libhal_bsp.a(alt_exit.o)
                0x000000000000a544                _exit
 *(.gnu.warning.*)
 *(.fini)
                [!provide]                        PROVIDE (__etext, ABSOLUTE (.))
                [!provide]                        PROVIDE (_etext, ABSOLUTE (.))
                [!provide]                        PROVIDE (etext, ABSOLUTE (.))
 *(.eh_frame_hdr)
                0x000000000000a578                . = ALIGN (0x4)
                [!provide]                        PROVIDE (__preinit_array_start, ABSOLUTE (.))
 *(.preinit_array)
                [!provide]                        PROVIDE (__preinit_array_end, ABSOLUTE (.))
                [!provide]                        PROVIDE (__init_array_start, ABSOLUTE (.))
 *(.init_array)
                [!provide]                        PROVIDE (__init_array_end, ABSOLUTE (.))
                [!provide]                        PROVIDE (__fini_array_start, ABSOLUTE (.))
 *(.fini_array)
                [!provide]                        PROVIDE (__fini_array_end, ABSOLUTE (.))
 *(.eh_frame)
 *(.gcc_except_table .gcc_except_table.*)
 *(.dynamic)
                [!provide]                        PROVIDE (__CTOR_LIST__, ABSOLUTE (.))
 *(.ctors)
 *(SORT(.ctors.*))
                [!provide]                        PROVIDE (__CTOR_END__, ABSOLUTE (.))
                [!provide]                        PROVIDE (__DTOR_LIST__, ABSOLUTE (.))
 *(.dtors)
 *(SORT(.dtors.*))
                [!provide]                        PROVIDE (__DTOR_END__, ABSOLUTE (.))
 *(.jcr)
                0x000000000000a578                . = ALIGN (0x4)

.rodata         0x000000000000a578      0x12c
                0x000000000000a578                PROVIDE (__ram_rodata_start, ABSOLUTE (.))
                0x000000000000a578                . = ALIGN (0x4)
 *(.rodata .rodata.* .gnu.linkonce.r.*)
 .rodata        0x000000000000a578       0x85 obj/default/count_binary.o
 *fill*         0x000000000000a5fd        0x3 
 .rodata        0x000000000000a600       0x73 obj/default/main.o
 *fill*         0x000000000000a673        0x1 
 .rodata.str1.4
                0x000000000000a674        0x4 /opt/intelFPGA/18.1/nios2eds/bin/gnu/H-x86_64-pc-linux-gnu/bin/../lib/gcc/nios2-elf/5.3.0/../../../../../H-x86_64-pc-linux-gnu/nios2-elf/lib/libsmallc.a(lib_a-puts.o)
                                          0x2 (size before relaxing)
 .rodata        0x000000000000a678        0xf ../count_binary_aula_bsp//libhal_bsp.a(alt_main.o)
 *fill*         0x000000000000a687        0x1 
 .rodata        0x000000000000a688        0xf ../count_binary_aula_bsp//libhal_bsp.a(alt_sys_init.o)
 *fill*         0x000000000000a697        0x1 
 .rodata        0x000000000000a698        0xa ../count_binary_aula_bsp//libhal_bsp.a(alt_dev.o)
 *(.rodata1)
                0x000000000000a6a4                . = ALIGN (0x4)
 *fill*         0x000000000000a6a2        0x2 
                0x000000000000a6a4                PROVIDE (__ram_rodata_end, ABSOLUTE (.))
                0x000000000000a578                PROVIDE (__flash_rodata_start, LOADADDR (.rodata))

.rwdata         0x000000000000a6a4      0x2e0 load address 0x000000000000a984
                0x000000000000a6a4                PROVIDE (__ram_rwdata_start, ABSOLUTE (.))
                0x000000000000a6a4                . = ALIGN (0x4)
 *(.got.plt)
 *(.got)
 *(.data1)
 *(.data .data.* .gnu.linkonce.d.*)
 .data          0x000000000000a6a4        0x0 ../count_binary_aula_bsp//obj/HAL/src/crt0.o
 .data          0x000000000000a6a4        0x0 obj/default/count_binary.o
 .data          0x000000000000a6a4        0x0 obj/default/main.o
 .data          0x000000000000a6a4        0x0 /opt/intelFPGA/18.1/nios2eds/bin/gnu/H-x86_64-pc-linux-gnu/bin/../lib/gcc/nios2-elf/5.3.0/../../../../../H-x86_64-pc-linux-gnu/nios2-elf/lib/libsmallc.a(lib_a-printf.o)
 .data          0x000000000000a6a4        0x0 /opt/intelFPGA/18.1/nios2eds/bin/gnu/H-x86_64-pc-linux-gnu/bin/../lib/gcc/nios2-elf/5.3.0/../../../../../H-x86_64-pc-linux-gnu/nios2-elf/lib/libsmallc.a(lib_a-puts.o)
 .data          0x000000000000a6a4        0x0 /opt/intelFPGA/18.1/nios2eds/bin/gnu/H-x86_64-pc-linux-gnu/bin/../lib/gcc/nios2-elf/5.3.0/../../../../../H-x86_64-pc-linux-gnu/nios2-elf/lib/libsmallc.a(lib_a-strlen.o)
 .data          0x000000000000a6a4        0x0 /opt/intelFPGA/18.1/nios2eds/bin/gnu/H-x86_64-pc-linux-gnu/bin/../lib/gcc/nios2-elf/5.3.0/../../../../../H-x86_64-pc-linux-gnu/nios2-elf/lib/libsmallc.a(lib_a-vfprintf.o)
 .data          0x000000000000a6a4        0x0 /opt/intelFPGA/18.1/nios2eds/bin/gnu/H-x86_64-pc-linux-gnu/bin/../lib/gcc/nios2-elf/5.3.0/../../../../../H-x86_64-pc-linux-gnu/nios2-elf/lib/libsmallc.a(lib_a-fvwrite_small_dev.o)
 .data          0x000000000000a6a4        0x0 /opt/intelFPGA/18.1/nios2eds/bin/gnu/H-x86_64-pc-linux-gnu/bin/../lib/gcc/nios2-elf/5.3.0/../../../../../H-x86_64-pc-linux-gnu/nios2-elf/lib/libsmallc.a(lib_a-impure.o)
 .data.impure_data
                0x000000000000a6a4       0xe0 /opt/intelFPGA/18.1/nios2eds/bin/gnu/H-x86_64-pc-linux-gnu/bin/../lib/gcc/nios2-elf/5.3.0/../../../../../H-x86_64-pc-linux-gnu/nios2-elf/lib/libsmallc.a(lib_a-impure.o)
 .data          0x000000000000a784        0x0 /opt/intelFPGA/18.1/nios2eds/bin/gnu/H-x86_64-pc-linux-gnu/bin/../lib/gcc/nios2-elf/5.3.0/../../../../../H-x86_64-pc-linux-gnu/nios2-elf/lib/libsmallc.a(lib_a-writer.o)
 .data          0x000000000000a784        0x0 /opt/intelFPGA/18.1/nios2eds/bin/gnu/H-x86_64-pc-linux-gnu/bin/../lib/gcc/nios2-elf/5.3.0/../../../../../H-x86_64-pc-linux-gnu/nios2-elf/lib/libsmallc.a(lib_a-int_errno.o)
 .data          0x000000000000a784        0x0 /opt/intelFPGA/18.1/nios2eds/bin/gnu/H-x86_64-pc-linux-gnu/bin/../lib/gcc/nios2-elf/5.3.0/libgcc.a(lib2-divmod.o)
 .data          0x000000000000a784        0x0 ../count_binary_aula_bsp//libhal_bsp.a(alt_load.o)
 .data          0x000000000000a784        0x0 ../count_binary_aula_bsp//libhal_bsp.a(alt_main.o)
 .data          0x000000000000a784        0x0 ../count_binary_aula_bsp//libhal_bsp.a(alt_usleep.o)
 .data          0x000000000000a784        0x0 ../count_binary_aula_bsp//libhal_bsp.a(alt_write.o)
 .data          0x000000000000a784       0x2c ../count_binary_aula_bsp//libhal_bsp.a(alt_sys_init.o)
 .data          0x000000000000a7b0        0x0 ../count_binary_aula_bsp//libhal_bsp.a(altera_avalon_jtag_uart_fd.o)
 .data          0x000000000000a7b0        0x0 ../count_binary_aula_bsp//libhal_bsp.a(altera_avalon_jtag_uart_read.o)
 .data          0x000000000000a7b0        0x0 ../count_binary_aula_bsp//libhal_bsp.a(altera_avalon_jtag_uart_write.o)
 .data          0x000000000000a7b0        0x0 ../count_binary_aula_bsp//libhal_bsp.a(altera_avalon_timer_sc.o)
 .data          0x000000000000a7b0        0x0 ../count_binary_aula_bsp//libhal_bsp.a(alt_busy_sleep.o)
 .data          0x000000000000a7b0        0x0 ../count_binary_aula_bsp//libhal_bsp.a(alt_close.o)
 .data          0x000000000000a7b0        0x0 ../count_binary_aula_bsp//libhal_bsp.a(alt_dcache_flush_all.o)
 .data          0x000000000000a7b0      0x1a8 ../count_binary_aula_bsp//libhal_bsp.a(alt_dev.o)
                0x000000000000a7b0                alt_dev_null
                0x000000000000a7d8                alt_fd_list
 .data          0x000000000000a958        0x0 ../count_binary_aula_bsp//libhal_bsp.a(alt_dev_llist_insert.o)
 .data          0x000000000000a958        0x0 ../count_binary_aula_bsp//libhal_bsp.a(alt_errno.o)
 .data          0x000000000000a958        0x0 ../count_binary_aula_bsp//libhal_bsp.a(alt_icache_flush_all.o)
 .data          0x000000000000a958        0x0 ../count_binary_aula_bsp//libhal_bsp.a(alt_iic.o)
 .data          0x000000000000a958        0x0 ../count_binary_aula_bsp//libhal_bsp.a(alt_iic_isr_register.o)
 .data          0x000000000000a958        0x0 ../count_binary_aula_bsp//libhal_bsp.a(alt_io_redirect.o)
 .data          0x000000000000a958        0x0 ../count_binary_aula_bsp//libhal_bsp.a(alt_irq_entry.o)
 .data          0x000000000000a958        0x0 ../count_binary_aula_bsp//libhal_bsp.a(alt_irq_handler.o)
 .data          0x000000000000a958        0x0 ../count_binary_aula_bsp//libhal_bsp.a(alt_irq_vars.o)
 .data          0x000000000000a958        0x0 ../count_binary_aula_bsp//libhal_bsp.a(alt_open.o)
 .data          0x000000000000a958        0x0 ../count_binary_aula_bsp//libhal_bsp.a(alt_release_fd.o)
 .data          0x000000000000a958        0x0 ../count_binary_aula_bsp//libhal_bsp.a(alt_tick.o)
 .data          0x000000000000a958        0x0 ../count_binary_aula_bsp//libhal_bsp.a(altera_nios2_gen2_irq.o)
 .data          0x000000000000a958        0x0 ../count_binary_aula_bsp//libhal_bsp.a(alt_exception_entry.o)
 .data          0x000000000000a958        0x0 ../count_binary_aula_bsp//libhal_bsp.a(alt_find_dev.o)
 .data          0x000000000000a958        0x0 ../count_binary_aula_bsp//libhal_bsp.a(alt_find_file.o)
 .data          0x000000000000a958        0x0 ../count_binary_aula_bsp//libhal_bsp.a(alt_get_fd.o)
 .data          0x000000000000a958        0x0 ../count_binary_aula_bsp//libhal_bsp.a(alt_icache_flush.o)
 .data          0x000000000000a958        0x0 ../count_binary_aula_bsp//libhal_bsp.a(alt_instruction_exception_entry.o)
 .data          0x000000000000a958        0x0 /opt/intelFPGA/18.1/nios2eds/bin/gnu/H-x86_64-pc-linux-gnu/bin/../lib/gcc/nios2-elf/5.3.0/../../../../../H-x86_64-pc-linux-gnu/nios2-elf/lib/libsmallc.a(lib_a-exit.o)
 .data          0x000000000000a958        0x0 /opt/intelFPGA/18.1/nios2eds/bin/gnu/H-x86_64-pc-linux-gnu/bin/../lib/gcc/nios2-elf/5.3.0/../../../../../H-x86_64-pc-linux-gnu/nios2-elf/lib/libsmallc.a(lib_a-memcmp.o)
 .data          0x000000000000a958        0x0 /opt/intelFPGA/18.1/nios2eds/bin/gnu/H-x86_64-pc-linux-gnu/bin/../lib/gcc/nios2-elf/5.3.0/../../../../../H-x86_64-pc-linux-gnu/nios2-elf/lib/libsmallc.a(lib_a-__call_atexit.o)
 .data          0x000000000000a958        0x0 ../count_binary_aula_bsp//libhal_bsp.a(alt_exit.o)
                0x0000000000012958                _gp = ABSOLUTE ((. + 0x8000))
                [!provide]                        PROVIDE (gp, _gp)
 *(.rwdata .rwdata.*)
 *(.sdata .sdata.* .gnu.linkonce.s.*)
 .sdata._global_impure_ptr
                0x000000000000a958        0x4 /opt/intelFPGA/18.1/nios2eds/bin/gnu/H-x86_64-pc-linux-gnu/bin/../lib/gcc/nios2-elf/5.3.0/../../../../../H-x86_64-pc-linux-gnu/nios2-elf/lib/libsmallc.a(lib_a-impure.o)
                0x000000000000a958                _global_impure_ptr
 .sdata._impure_ptr
                0x000000000000a95c        0x4 /opt/intelFPGA/18.1/nios2eds/bin/gnu/H-x86_64-pc-linux-gnu/bin/../lib/gcc/nios2-elf/5.3.0/../../../../../H-x86_64-pc-linux-gnu/nios2-elf/lib/libsmallc.a(lib_a-impure.o)
                0x000000000000a95c                _impure_ptr
 .sdata         0x000000000000a960       0x14 ../count_binary_aula_bsp//libhal_bsp.a(alt_dev.o)
                0x000000000000a960                alt_fs_list
                0x000000000000a968                alt_dev_list
                0x000000000000a970                alt_max_fd
 .sdata         0x000000000000a974        0x4 ../count_binary_aula_bsp//libhal_bsp.a(alt_errno.o)
                0x000000000000a974                alt_errno
 .sdata         0x000000000000a978        0x4 ../count_binary_aula_bsp//libhal_bsp.a(alt_irq_vars.o)
                0x000000000000a978                alt_priority_mask
 .sdata         0x000000000000a97c        0x8 ../count_binary_aula_bsp//libhal_bsp.a(alt_tick.o)
                0x000000000000a97c                alt_alarm_list
 *(.sdata2 .sdata2.* .gnu.linkonce.s2.*)
                0x000000000000a984                . = ALIGN (0x4)
                0x000000000000a984                _edata = ABSOLUTE (.)
                [!provide]                        PROVIDE (edata, ABSOLUTE (.))
                0x000000000000a984                PROVIDE (__ram_rwdata_end, ABSOLUTE (.))
                0x000000000000a984                PROVIDE (__flash_rwdata_start, LOADADDR (.rwdata))

.bss            0x000000000000ac64      0x124
                0x000000000000ac64                __bss_start = ABSOLUTE (.)
                [!provide]                        PROVIDE (__sbss_start, ABSOLUTE (.))
                [!provide]                        PROVIDE (___sbss_start, ABSOLUTE (.))
 *(.dynsbss)
 *(.sbss .sbss.* .gnu.linkonce.sb.*)
 .sbss          0x000000000000ac64        0x2 obj/default/count_binary.o
 *fill*         0x000000000000ac66        0x2 
 .sbss          0x000000000000ac68        0x4 /opt/intelFPGA/18.1/nios2eds/bin/gnu/H-x86_64-pc-linux-gnu/bin/../lib/gcc/nios2-elf/5.3.0/../../../../../H-x86_64-pc-linux-gnu/nios2-elf/lib/libsmallc.a(lib_a-int_errno.o)
                0x000000000000ac68                errno
 .sbss          0x000000000000ac6c        0xc ../count_binary_aula_bsp//libhal_bsp.a(alt_main.o)
                0x000000000000ac6c                alt_argc
                0x000000000000ac70                alt_argv
                0x000000000000ac74                alt_envp
 .sbss          0x000000000000ac78        0x4 ../count_binary_aula_bsp//libhal_bsp.a(alt_irq_vars.o)
                0x000000000000ac78                alt_irq_active
 .sbss          0x000000000000ac7c        0x8 ../count_binary_aula_bsp//libhal_bsp.a(alt_tick.o)
                0x000000000000ac7c                _alt_tick_rate
                0x000000000000ac80                _alt_nticks
 .sbss          0x000000000000ac84        0x4 ../count_binary_aula_bsp//libhal_bsp.a(alt_instruction_exception_entry.o)
                0x000000000000ac84                alt_instruction_exception_handler
 *(.sbss2 .sbss2.* .gnu.linkonce.sb2.*)
 *(.scommon)
                [!provide]                        PROVIDE (__sbss_end, ABSOLUTE (.))
                [!provide]                        PROVIDE (___sbss_end, ABSOLUTE (.))
 *(.dynbss)
 *(.bss .bss.* .gnu.linkonce.b.*)
 .bss           0x000000000000ac88        0x0 ../count_binary_aula_bsp//obj/HAL/src/crt0.o
 .bss           0x000000000000ac88        0x0 obj/default/count_binary.o
 .bss           0x000000000000ac88        0x0 obj/default/main.o
 .bss           0x000000000000ac88        0x0 /opt/intelFPGA/18.1/nios2eds/bin/gnu/H-x86_64-pc-linux-gnu/bin/../lib/gcc/nios2-elf/5.3.0/../../../../../H-x86_64-pc-linux-gnu/nios2-elf/lib/libsmallc.a(lib_a-printf.o)
 .bss           0x000000000000ac88        0x0 /opt/intelFPGA/18.1/nios2eds/bin/gnu/H-x86_64-pc-linux-gnu/bin/../lib/gcc/nios2-elf/5.3.0/../../../../../H-x86_64-pc-linux-gnu/nios2-elf/lib/libsmallc.a(lib_a-puts.o)
 .bss           0x000000000000ac88        0x0 /opt/intelFPGA/18.1/nios2eds/bin/gnu/H-x86_64-pc-linux-gnu/bin/../lib/gcc/nios2-elf/5.3.0/../../../../../H-x86_64-pc-linux-gnu/nios2-elf/lib/libsmallc.a(lib_a-strlen.o)
 .bss           0x000000000000ac88        0x0 /opt/intelFPGA/18.1/nios2eds/bin/gnu/H-x86_64-pc-linux-gnu/bin/../lib/gcc/nios2-elf/5.3.0/../../../../../H-x86_64-pc-linux-gnu/nios2-elf/lib/libsmallc.a(lib_a-vfprintf.o)
 .bss           0x000000000000ac88        0x0 /opt/intelFPGA/18.1/nios2eds/bin/gnu/H-x86_64-pc-linux-gnu/bin/../lib/gcc/nios2-elf/5.3.0/../../../../../H-x86_64-pc-linux-gnu/nios2-elf/lib/libsmallc.a(lib_a-fvwrite_small_dev.o)
 .bss           0x000000000000ac88        0x0 /opt/intelFPGA/18.1/nios2eds/bin/gnu/H-x86_64-pc-linux-gnu/bin/../lib/gcc/nios2-elf/5.3.0/../../../../../H-x86_64-pc-linux-gnu/nios2-elf/lib/libsmallc.a(lib_a-impure.o)
 .bss           0x000000000000ac88        0x0 /opt/intelFPGA/18.1/nios2eds/bin/gnu/H-x86_64-pc-linux-gnu/bin/../lib/gcc/nios2-elf/5.3.0/../../../../../H-x86_64-pc-linux-gnu/nios2-elf/lib/libsmallc.a(lib_a-writer.o)
 .bss           0x000000000000ac88        0x0 /opt/intelFPGA/18.1/nios2eds/bin/gnu/H-x86_64-pc-linux-gnu/bin/../lib/gcc/nios2-elf/5.3.0/../../../../../H-x86_64-pc-linux-gnu/nios2-elf/lib/libsmallc.a(lib_a-int_errno.o)
 .bss           0x000000000000ac88        0x0 /opt/intelFPGA/18.1/nios2eds/bin/gnu/H-x86_64-pc-linux-gnu/bin/../lib/gcc/nios2-elf/5.3.0/libgcc.a(lib2-divmod.o)
 .bss           0x000000000000ac88        0x0 ../count_binary_aula_bsp//libhal_bsp.a(alt_load.o)
 .bss           0x000000000000ac88        0x0 ../count_binary_aula_bsp//libhal_bsp.a(alt_main.o)
 .bss           0x000000000000ac88        0x0 ../count_binary_aula_bsp//libhal_bsp.a(alt_usleep.o)
 .bss           0x000000000000ac88        0x0 ../count_binary_aula_bsp//libhal_bsp.a(alt_write.o)
 .bss           0x000000000000ac88        0x0 ../count_binary_aula_bsp//libhal_bsp.a(alt_sys_init.o)
 .bss           0x000000000000ac88        0x0 ../count_binary_aula_bsp//libhal_bsp.a(altera_avalon_jtag_uart_fd.o)
 .bss           0x000000000000ac88        0x0 ../count_binary_aula_bsp//libhal_bsp.a(altera_avalon_jtag_uart_read.o)
 .bss           0x000000000000ac88        0x0 ../count_binary_aula_bsp//libhal_bsp.a(altera_avalon_jtag_uart_write.o)
 .bss           0x000000000000ac88        0x0 ../count_binary_aula_bsp//libhal_bsp.a(altera_avalon_timer_sc.o)
 .bss           0x000000000000ac88        0x0 ../count_binary_aula_bsp//libhal_bsp.a(alt_busy_sleep.o)
 .bss           0x000000000000ac88        0x0 ../count_binary_aula_bsp//libhal_bsp.a(alt_close.o)
 .bss           0x000000000000ac88        0x0 ../count_binary_aula_bsp//libhal_bsp.a(alt_dcache_flush_all.o)
 .bss           0x000000000000ac88        0x0 ../count_binary_aula_bsp//libhal_bsp.a(alt_dev.o)
 .bss           0x000000000000ac88        0x0 ../count_binary_aula_bsp//libhal_bsp.a(alt_dev_llist_insert.o)
 .bss           0x000000000000ac88        0x0 ../count_binary_aula_bsp//libhal_bsp.a(alt_errno.o)
 .bss           0x000000000000ac88        0x0 ../count_binary_aula_bsp//libhal_bsp.a(alt_icache_flush_all.o)
 .bss           0x000000000000ac88        0x0 ../count_binary_aula_bsp//libhal_bsp.a(alt_iic.o)
 .bss           0x000000000000ac88        0x0 ../count_binary_aula_bsp//libhal_bsp.a(alt_iic_isr_register.o)
 .bss           0x000000000000ac88        0x0 ../count_binary_aula_bsp//libhal_bsp.a(alt_io_redirect.o)
 .bss           0x000000000000ac88        0x0 ../count_binary_aula_bsp//libhal_bsp.a(alt_irq_entry.o)
 .bss           0x000000000000ac88        0x0 ../count_binary_aula_bsp//libhal_bsp.a(alt_irq_handler.o)
 .bss           0x000000000000ac88        0x0 ../count_binary_aula_bsp//libhal_bsp.a(alt_irq_vars.o)
 .bss           0x000000000000ac88        0x0 ../count_binary_aula_bsp//libhal_bsp.a(alt_open.o)
 .bss           0x000000000000ac88        0x0 ../count_binary_aula_bsp//libhal_bsp.a(alt_release_fd.o)
 .bss           0x000000000000ac88        0x0 ../count_binary_aula_bsp//libhal_bsp.a(alt_tick.o)
 .bss           0x000000000000ac88        0x0 ../count_binary_aula_bsp//libhal_bsp.a(altera_nios2_gen2_irq.o)
 .bss           0x000000000000ac88        0x0 ../count_binary_aula_bsp//libhal_bsp.a(alt_exception_entry.o)
 .bss           0x000000000000ac88        0x0 ../count_binary_aula_bsp//libhal_bsp.a(alt_find_dev.o)
 .bss           0x000000000000ac88        0x0 ../count_binary_aula_bsp//libhal_bsp.a(alt_find_file.o)
 .bss           0x000000000000ac88        0x0 ../count_binary_aula_bsp//libhal_bsp.a(alt_get_fd.o)
 .bss           0x000000000000ac88        0x0 ../count_binary_aula_bsp//libhal_bsp.a(alt_icache_flush.o)
 .bss           0x000000000000ac88        0x0 ../count_binary_aula_bsp//libhal_bsp.a(alt_instruction_exception_entry.o)
 .bss           0x000000000000ac88        0x0 /opt/intelFPGA/18.1/nios2eds/bin/gnu/H-x86_64-pc-linux-gnu/bin/../lib/gcc/nios2-elf/5.3.0/../../../../../H-x86_64-pc-linux-gnu/nios2-elf/lib/libsmallc.a(lib_a-exit.o)
 .bss           0x000000000000ac88        0x0 /opt/intelFPGA/18.1/nios2eds/bin/gnu/H-x86_64-pc-linux-gnu/bin/../lib/gcc/nios2-elf/5.3.0/../../../../../H-x86_64-pc-linux-gnu/nios2-elf/lib/libsmallc.a(lib_a-memcmp.o)
 .bss           0x000000000000ac88        0x0 /opt/intelFPGA/18.1/nios2eds/bin/gnu/H-x86_64-pc-linux-gnu/bin/../lib/gcc/nios2-elf/5.3.0/../../../../../H-x86_64-pc-linux-gnu/nios2-elf/lib/libsmallc.a(lib_a-__call_atexit.o)
 .bss           0x000000000000ac88        0x0 ../count_binary_aula_bsp//libhal_bsp.a(alt_exit.o)
 *(COMMON)
 COMMON         0x000000000000ac88      0x100 ../count_binary_aula_bsp//libhal_bsp.a(alt_irq_handler.o)
                0x000000000000ac88                alt_irq
                0x000000000000ad88                . = ALIGN (0x4)
                0x000000000000ad88                __bss_end = ABSOLUTE (.)

.onchip_mem     0x000000000000ad88        0x0
                [!provide]                        PROVIDE (_alt_partition_onchip_mem_start, ABSOLUTE (.))
 *(.onchip_mem .onchip_mem. onchip_mem.*)
                0x000000000000ad88                . = ALIGN (0x4)
                [!provide]                        PROVIDE (_alt_partition_onchip_mem_end, ABSOLUTE (.))
                0x000000000000ad88                _end = ABSOLUTE (.)
                0x000000000000ad88                end = ABSOLUTE (.)
                0x000000000000ad88                __alt_stack_base = ABSOLUTE (.)
                [!provide]                        PROVIDE (_alt_partition_onchip_mem_load_addr, LOADADDR (.onchip_mem))

.stab
 *(.stab)

.stabstr
 *(.stabstr)

.stab.excl
 *(.stab.excl)

.stab.exclstr
 *(.stab.exclstr)

.stab.index
 *(.stab.index)

.stab.indexstr
 *(.stab.indexstr)

.comment        0x0000000000000000       0x23
 *(.comment)
 .comment       0x0000000000000000       0x23 obj/default/count_binary.o
                                         0x24 (size before relaxing)
 .comment       0x0000000000000023       0x24 obj/default/main.o
 .comment       0x0000000000000023       0x24 /opt/intelFPGA/18.1/nios2eds/bin/gnu/H-x86_64-pc-linux-gnu/bin/../lib/gcc/nios2-elf/5.3.0/../../../../../H-x86_64-pc-linux-gnu/nios2-elf/lib/libsmallc.a(lib_a-printf.o)
 .comment       0x0000000000000023       0x24 /opt/intelFPGA/18.1/nios2eds/bin/gnu/H-x86_64-pc-linux-gnu/bin/../lib/gcc/nios2-elf/5.3.0/../../../../../H-x86_64-pc-linux-gnu/nios2-elf/lib/libsmallc.a(lib_a-puts.o)
 .comment       0x0000000000000023       0x24 /opt/intelFPGA/18.1/nios2eds/bin/gnu/H-x86_64-pc-linux-gnu/bin/../lib/gcc/nios2-elf/5.3.0/../../../../../H-x86_64-pc-linux-gnu/nios2-elf/lib/libsmallc.a(lib_a-strlen.o)
 .comment       0x0000000000000023       0x24 /opt/intelFPGA/18.1/nios2eds/bin/gnu/H-x86_64-pc-linux-gnu/bin/../lib/gcc/nios2-elf/5.3.0/../../../../../H-x86_64-pc-linux-gnu/nios2-elf/lib/libsmallc.a(lib_a-vfprintf.o)
 .comment       0x0000000000000023       0x24 /opt/intelFPGA/18.1/nios2eds/bin/gnu/H-x86_64-pc-linux-gnu/bin/../lib/gcc/nios2-elf/5.3.0/../../../../../H-x86_64-pc-linux-gnu/nios2-elf/lib/libsmallc.a(lib_a-fvwrite_small_dev.o)
 .comment       0x0000000000000023       0x24 /opt/intelFPGA/18.1/nios2eds/bin/gnu/H-x86_64-pc-linux-gnu/bin/../lib/gcc/nios2-elf/5.3.0/../../../../../H-x86_64-pc-linux-gnu/nios2-elf/lib/libsmallc.a(lib_a-impure.o)
 .comment       0x0000000000000023       0x24 /opt/intelFPGA/18.1/nios2eds/bin/gnu/H-x86_64-pc-linux-gnu/bin/../lib/gcc/nios2-elf/5.3.0/../../../../../H-x86_64-pc-linux-gnu/nios2-elf/lib/libsmallc.a(lib_a-writer.o)
 .comment       0x0000000000000023       0x24 /opt/intelFPGA/18.1/nios2eds/bin/gnu/H-x86_64-pc-linux-gnu/bin/../lib/gcc/nios2-elf/5.3.0/../../../../../H-x86_64-pc-linux-gnu/nios2-elf/lib/libsmallc.a(lib_a-int_errno.o)
 .comment       0x0000000000000023       0x24 /opt/intelFPGA/18.1/nios2eds/bin/gnu/H-x86_64-pc-linux-gnu/bin/../lib/gcc/nios2-elf/5.3.0/libgcc.a(lib2-divmod.o)
 .comment       0x0000000000000023       0x24 ../count_binary_aula_bsp//libhal_bsp.a(alt_load.o)
 .comment       0x0000000000000023       0x24 ../count_binary_aula_bsp//libhal_bsp.a(alt_main.o)
 .comment       0x0000000000000023       0x24 ../count_binary_aula_bsp//libhal_bsp.a(alt_usleep.o)
 .comment       0x0000000000000023       0x24 ../count_binary_aula_bsp//libhal_bsp.a(alt_write.o)
 .comment       0x0000000000000023       0x24 ../count_binary_aula_bsp//libhal_bsp.a(alt_sys_init.o)
 .comment       0x0000000000000023       0x24 ../count_binary_aula_bsp//libhal_bsp.a(altera_avalon_jtag_uart_fd.o)
 .comment       0x0000000000000023       0x24 ../count_binary_aula_bsp//libhal_bsp.a(altera_avalon_jtag_uart_read.o)
 .comment       0x0000000000000023       0x24 ../count_binary_aula_bsp//libhal_bsp.a(altera_avalon_jtag_uart_write.o)
 .comment       0x0000000000000023       0x24 ../count_binary_aula_bsp//libhal_bsp.a(altera_avalon_timer_sc.o)
 .comment       0x0000000000000023       0x24 ../count_binary_aula_bsp//libhal_bsp.a(alt_busy_sleep.o)
 .comment       0x0000000000000023       0x24 ../count_binary_aula_bsp//libhal_bsp.a(alt_close.o)
 .comment       0x0000000000000023       0x24 ../count_binary_aula_bsp//libhal_bsp.a(alt_dcache_flush_all.o)
 .comment       0x0000000000000023       0x24 ../count_binary_aula_bsp//libhal_bsp.a(alt_dev.o)
 .comment       0x0000000000000023       0x24 ../count_binary_aula_bsp//libhal_bsp.a(alt_dev_llist_insert.o)
 .comment       0x0000000000000023       0x24 ../count_binary_aula_bsp//libhal_bsp.a(alt_errno.o)
 .comment       0x0000000000000023       0x24 ../count_binary_aula_bsp//libhal_bsp.a(alt_icache_flush_all.o)
 .comment       0x0000000000000023       0x24 ../count_binary_aula_bsp//libhal_bsp.a(alt_iic.o)
 .comment       0x0000000000000023       0x24 ../count_binary_aula_bsp//libhal_bsp.a(alt_iic_isr_register.o)
 .comment       0x0000000000000023       0x24 ../count_binary_aula_bsp//libhal_bsp.a(alt_io_redirect.o)
 .comment       0x0000000000000023       0x24 ../count_binary_aula_bsp//libhal_bsp.a(alt_irq_handler.o)
 .comment       0x0000000000000023       0x24 ../count_binary_aula_bsp//libhal_bsp.a(alt_irq_vars.o)
 .comment       0x0000000000000023       0x24 ../count_binary_aula_bsp//libhal_bsp.a(alt_open.o)
 .comment       0x0000000000000023       0x24 ../count_binary_aula_bsp//libhal_bsp.a(alt_release_fd.o)
 .comment       0x0000000000000023       0x24 ../count_binary_aula_bsp//libhal_bsp.a(alt_tick.o)
 .comment       0x0000000000000023       0x24 ../count_binary_aula_bsp//libhal_bsp.a(altera_nios2_gen2_irq.o)
 .comment       0x0000000000000023       0x24 ../count_binary_aula_bsp//libhal_bsp.a(alt_find_dev.o)
 .comment       0x0000000000000023       0x24 ../count_binary_aula_bsp//libhal_bsp.a(alt_find_file.o)
 .comment       0x0000000000000023       0x24 ../count_binary_aula_bsp//libhal_bsp.a(alt_get_fd.o)
 .comment       0x0000000000000023       0x24 ../count_binary_aula_bsp//libhal_bsp.a(alt_icache_flush.o)
 .comment       0x0000000000000023       0x24 ../count_binary_aula_bsp//libhal_bsp.a(alt_instruction_exception_entry.o)
 .comment       0x0000000000000023       0x24 /opt/intelFPGA/18.1/nios2eds/bin/gnu/H-x86_64-pc-linux-gnu/bin/../lib/gcc/nios2-elf/5.3.0/../../../../../H-x86_64-pc-linux-gnu/nios2-elf/lib/libsmallc.a(lib_a-exit.o)
 .comment       0x0000000000000023       0x24 /opt/intelFPGA/18.1/nios2eds/bin/gnu/H-x86_64-pc-linux-gnu/bin/../lib/gcc/nios2-elf/5.3.0/../../../../../H-x86_64-pc-linux-gnu/nios2-elf/lib/libsmallc.a(lib_a-memcmp.o)
 .comment       0x0000000000000023       0x24 /opt/intelFPGA/18.1/nios2eds/bin/gnu/H-x86_64-pc-linux-gnu/bin/../lib/gcc/nios2-elf/5.3.0/../../../../../H-x86_64-pc-linux-gnu/nios2-elf/lib/libsmallc.a(lib_a-__call_atexit.o)
 .comment       0x0000000000000023       0x24 ../count_binary_aula_bsp//libhal_bsp.a(alt_exit.o)

.debug
 *(.debug)

.line
 *(.line)

.debug_srcinfo
 *(.debug_srcinfo)

.debug_sfnames
 *(.debug_sfnames)

.debug_aranges  0x0000000000000000      0x638
 *(.debug_aranges)
 .debug_aranges
                0x0000000000000000       0x28 ../count_binary_aula_bsp//obj/HAL/src/crt0.o
 .debug_aranges
                0x0000000000000028       0x20 obj/default/count_binary.o
 .debug_aranges
                0x0000000000000048       0x20 obj/default/main.o
 .debug_aranges
                0x0000000000000068       0x28 /opt/intelFPGA/18.1/nios2eds/bin/gnu/H-x86_64-pc-linux-gnu/bin/../lib/gcc/nios2-elf/5.3.0/../../../../../H-x86_64-pc-linux-gnu/nios2-elf/lib/libsmallc.a(lib_a-printf.o)
 .debug_aranges
                0x0000000000000090       0x28 /opt/intelFPGA/18.1/nios2eds/bin/gnu/H-x86_64-pc-linux-gnu/bin/../lib/gcc/nios2-elf/5.3.0/../../../../../H-x86_64-pc-linux-gnu/nios2-elf/lib/libsmallc.a(lib_a-puts.o)
 .debug_aranges
                0x00000000000000b8       0x20 /opt/intelFPGA/18.1/nios2eds/bin/gnu/H-x86_64-pc-linux-gnu/bin/../lib/gcc/nios2-elf/5.3.0/../../../../../H-x86_64-pc-linux-gnu/nios2-elf/lib/libsmallc.a(lib_a-strlen.o)
 .debug_aranges
                0x00000000000000d8       0x30 /opt/intelFPGA/18.1/nios2eds/bin/gnu/H-x86_64-pc-linux-gnu/bin/../lib/gcc/nios2-elf/5.3.0/../../../../../H-x86_64-pc-linux-gnu/nios2-elf/lib/libsmallc.a(lib_a-vfprintf.o)
 .debug_aranges
                0x0000000000000108       0x20 /opt/intelFPGA/18.1/nios2eds/bin/gnu/H-x86_64-pc-linux-gnu/bin/../lib/gcc/nios2-elf/5.3.0/../../../../../H-x86_64-pc-linux-gnu/nios2-elf/lib/libsmallc.a(lib_a-fvwrite_small_dev.o)
 .debug_aranges
                0x0000000000000128       0x18 /opt/intelFPGA/18.1/nios2eds/bin/gnu/H-x86_64-pc-linux-gnu/bin/../lib/gcc/nios2-elf/5.3.0/../../../../../H-x86_64-pc-linux-gnu/nios2-elf/lib/libsmallc.a(lib_a-impure.o)
 .debug_aranges
                0x0000000000000140       0x20 /opt/intelFPGA/18.1/nios2eds/bin/gnu/H-x86_64-pc-linux-gnu/bin/../lib/gcc/nios2-elf/5.3.0/../../../../../H-x86_64-pc-linux-gnu/nios2-elf/lib/libsmallc.a(lib_a-writer.o)
 .debug_aranges
                0x0000000000000160       0x18 /opt/intelFPGA/18.1/nios2eds/bin/gnu/H-x86_64-pc-linux-gnu/bin/../lib/gcc/nios2-elf/5.3.0/../../../../../H-x86_64-pc-linux-gnu/nios2-elf/lib/libsmallc.a(lib_a-int_errno.o)
 .debug_aranges
                0x0000000000000178       0x20 /opt/intelFPGA/18.1/nios2eds/bin/gnu/H-x86_64-pc-linux-gnu/bin/../lib/gcc/nios2-elf/5.3.0/libgcc.a(lib2-divmod.o)
 .debug_aranges
                0x0000000000000198       0x20 ../count_binary_aula_bsp//libhal_bsp.a(alt_load.o)
 .debug_aranges
                0x00000000000001b8       0x20 ../count_binary_aula_bsp//libhal_bsp.a(alt_main.o)
 .debug_aranges
                0x00000000000001d8       0x20 ../count_binary_aula_bsp//libhal_bsp.a(alt_usleep.o)
 .debug_aranges
                0x00000000000001f8       0x20 ../count_binary_aula_bsp//libhal_bsp.a(alt_write.o)
 .debug_aranges
                0x0000000000000218       0x20 ../count_binary_aula_bsp//libhal_bsp.a(alt_sys_init.o)
 .debug_aranges
                0x0000000000000238       0x20 ../count_binary_aula_bsp//libhal_bsp.a(altera_avalon_jtag_uart_fd.o)
 .debug_aranges
                0x0000000000000258       0x20 ../count_binary_aula_bsp//libhal_bsp.a(altera_avalon_jtag_uart_read.o)
 .debug_aranges
                0x0000000000000278       0x20 ../count_binary_aula_bsp//libhal_bsp.a(altera_avalon_jtag_uart_write.o)
 .debug_aranges
                0x0000000000000298       0x20 ../count_binary_aula_bsp//libhal_bsp.a(altera_avalon_timer_sc.o)
 .debug_aranges
                0x00000000000002b8       0x20 ../count_binary_aula_bsp//libhal_bsp.a(alt_busy_sleep.o)
 .debug_aranges
                0x00000000000002d8       0x20 ../count_binary_aula_bsp//libhal_bsp.a(alt_close.o)
 .debug_aranges
                0x00000000000002f8       0x20 ../count_binary_aula_bsp//libhal_bsp.a(alt_dcache_flush_all.o)
 .debug_aranges
                0x0000000000000318       0x20 ../count_binary_aula_bsp//libhal_bsp.a(alt_dev.o)
 .debug_aranges
                0x0000000000000338       0x20 ../count_binary_aula_bsp//libhal_bsp.a(alt_dev_llist_insert.o)
 .debug_aranges
                0x0000000000000358       0x18 ../count_binary_aula_bsp//libhal_bsp.a(alt_errno.o)
 .debug_aranges
                0x0000000000000370       0x20 ../count_binary_aula_bsp//libhal_bsp.a(alt_icache_flush_all.o)
 .debug_aranges
                0x0000000000000390       0x20 ../count_binary_aula_bsp//libhal_bsp.a(alt_iic.o)
 .debug_aranges
                0x00000000000003b0       0x20 ../count_binary_aula_bsp//libhal_bsp.a(alt_iic_isr_register.o)
 .debug_aranges
                0x00000000000003d0       0x20 ../count_binary_aula_bsp//libhal_bsp.a(alt_io_redirect.o)
 .debug_aranges
                0x00000000000003f0       0x30 ../count_binary_aula_bsp//libhal_bsp.a(alt_irq_entry.o)
 .debug_aranges
                0x0000000000000420       0x20 ../count_binary_aula_bsp//libhal_bsp.a(alt_irq_handler.o)
 .debug_aranges
                0x0000000000000440       0x18 ../count_binary_aula_bsp//libhal_bsp.a(alt_irq_vars.o)
 .debug_aranges
                0x0000000000000458       0x20 ../count_binary_aula_bsp//libhal_bsp.a(alt_open.o)
 .debug_aranges
                0x0000000000000478       0x20 ../count_binary_aula_bsp//libhal_bsp.a(alt_release_fd.o)
 .debug_aranges
                0x0000000000000498       0x20 ../count_binary_aula_bsp//libhal_bsp.a(alt_tick.o)
 .debug_aranges
                0x00000000000004b8       0x20 ../count_binary_aula_bsp//libhal_bsp.a(altera_nios2_gen2_irq.o)
 .debug_aranges
                0x00000000000004d8       0x38 ../count_binary_aula_bsp//libhal_bsp.a(alt_exception_entry.o)
 .debug_aranges
                0x0000000000000510       0x20 ../count_binary_aula_bsp//libhal_bsp.a(alt_find_dev.o)
 .debug_aranges
                0x0000000000000530       0x20 ../count_binary_aula_bsp//libhal_bsp.a(alt_find_file.o)
 .debug_aranges
                0x0000000000000550       0x20 ../count_binary_aula_bsp//libhal_bsp.a(alt_get_fd.o)
 .debug_aranges
                0x0000000000000570       0x20 ../count_binary_aula_bsp//libhal_bsp.a(alt_icache_flush.o)
 .debug_aranges
                0x0000000000000590       0x28 ../count_binary_aula_bsp//libhal_bsp.a(alt_instruction_exception_entry.o)
 .debug_aranges
                0x00000000000005b8       0x20 /opt/intelFPGA/18.1/nios2eds/bin/gnu/H-x86_64-pc-linux-gnu/bin/../lib/gcc/nios2-elf/5.3.0/../../../../../H-x86_64-pc-linux-gnu/nios2-elf/lib/libsmallc.a(lib_a-exit.o)
 .debug_aranges
                0x00000000000005d8       0x20 /opt/intelFPGA/18.1/nios2eds/bin/gnu/H-x86_64-pc-linux-gnu/bin/../lib/gcc/nios2-elf/5.3.0/../../../../../H-x86_64-pc-linux-gnu/nios2-elf/lib/libsmallc.a(lib_a-memcmp.o)
 .debug_aranges
                0x00000000000005f8       0x20 /opt/intelFPGA/18.1/nios2eds/bin/gnu/H-x86_64-pc-linux-gnu/bin/../lib/gcc/nios2-elf/5.3.0/../../../../../H-x86_64-pc-linux-gnu/nios2-elf/lib/libsmallc.a(lib_a-__call_atexit.o)
 .debug_aranges
                0x0000000000000618       0x20 ../count_binary_aula_bsp//libhal_bsp.a(alt_exit.o)

.debug_pubnames
 *(.debug_pubnames)

.debug_info     0x0000000000000000     0x7ce8
 *(.debug_info .gnu.linkonce.wi.*)
 .debug_info    0x0000000000000000       0x9b ../count_binary_aula_bsp//obj/HAL/src/crt0.o
 .debug_info    0x000000000000009b       0xdd obj/default/count_binary.o
 .debug_info    0x0000000000000178       0x92 obj/default/main.o
 .debug_info    0x000000000000020a      0x699 /opt/intelFPGA/18.1/nios2eds/bin/gnu/H-x86_64-pc-linux-gnu/bin/../lib/gcc/nios2-elf/5.3.0/../../../../../H-x86_64-pc-linux-gnu/nios2-elf/lib/libsmallc.a(lib_a-printf.o)
 .debug_info    0x00000000000008a3      0x66d /opt/intelFPGA/18.1/nios2eds/bin/gnu/H-x86_64-pc-linux-gnu/bin/../lib/gcc/nios2-elf/5.3.0/../../../../../H-x86_64-pc-linux-gnu/nios2-elf/lib/libsmallc.a(lib_a-puts.o)
 .debug_info    0x0000000000000f10       0xc9 /opt/intelFPGA/18.1/nios2eds/bin/gnu/H-x86_64-pc-linux-gnu/bin/../lib/gcc/nios2-elf/5.3.0/../../../../../H-x86_64-pc-linux-gnu/nios2-elf/lib/libsmallc.a(lib_a-strlen.o)
 .debug_info    0x0000000000000fd9      0xb2b /opt/intelFPGA/18.1/nios2eds/bin/gnu/H-x86_64-pc-linux-gnu/bin/../lib/gcc/nios2-elf/5.3.0/../../../../../H-x86_64-pc-linux-gnu/nios2-elf/lib/libsmallc.a(lib_a-vfprintf.o)
 .debug_info    0x0000000000001b04      0x62b /opt/intelFPGA/18.1/nios2eds/bin/gnu/H-x86_64-pc-linux-gnu/bin/../lib/gcc/nios2-elf/5.3.0/../../../../../H-x86_64-pc-linux-gnu/nios2-elf/lib/libsmallc.a(lib_a-fvwrite_small_dev.o)
 .debug_info    0x000000000000212f      0x5a9 /opt/intelFPGA/18.1/nios2eds/bin/gnu/H-x86_64-pc-linux-gnu/bin/../lib/gcc/nios2-elf/5.3.0/../../../../../H-x86_64-pc-linux-gnu/nios2-elf/lib/libsmallc.a(lib_a-impure.o)
 .debug_info    0x00000000000026d8      0x630 /opt/intelFPGA/18.1/nios2eds/bin/gnu/H-x86_64-pc-linux-gnu/bin/../lib/gcc/nios2-elf/5.3.0/../../../../../H-x86_64-pc-linux-gnu/nios2-elf/lib/libsmallc.a(lib_a-writer.o)
 .debug_info    0x0000000000002d08       0x8a /opt/intelFPGA/18.1/nios2eds/bin/gnu/H-x86_64-pc-linux-gnu/bin/../lib/gcc/nios2-elf/5.3.0/../../../../../H-x86_64-pc-linux-gnu/nios2-elf/lib/libsmallc.a(lib_a-int_errno.o)
 .debug_info    0x0000000000002d92      0x2c6 /opt/intelFPGA/18.1/nios2eds/bin/gnu/H-x86_64-pc-linux-gnu/bin/../lib/gcc/nios2-elf/5.3.0/libgcc.a(lib2-divmod.o)
 .debug_info    0x0000000000003058      0x145 ../count_binary_aula_bsp//libhal_bsp.a(alt_load.o)
 .debug_info    0x000000000000319d      0x131 ../count_binary_aula_bsp//libhal_bsp.a(alt_main.o)
 .debug_info    0x00000000000032ce       0xb0 ../count_binary_aula_bsp//libhal_bsp.a(alt_usleep.o)
 .debug_info    0x000000000000337e      0x4b7 ../count_binary_aula_bsp//libhal_bsp.a(alt_write.o)
 .debug_info    0x0000000000003835      0x3df ../count_binary_aula_bsp//libhal_bsp.a(alt_sys_init.o)
 .debug_info    0x0000000000003c14      0x3a7 ../count_binary_aula_bsp//libhal_bsp.a(altera_avalon_jtag_uart_fd.o)
 .debug_info    0x0000000000003fbb      0x1b2 ../count_binary_aula_bsp//libhal_bsp.a(altera_avalon_jtag_uart_read.o)
 .debug_info    0x000000000000416d      0x195 ../count_binary_aula_bsp//libhal_bsp.a(altera_avalon_jtag_uart_write.o)
 .debug_info    0x0000000000004302      0x226 ../count_binary_aula_bsp//libhal_bsp.a(altera_avalon_timer_sc.o)
 .debug_info    0x0000000000004528       0xd7 ../count_binary_aula_bsp//libhal_bsp.a(alt_busy_sleep.o)
 .debug_info    0x00000000000045ff      0x321 ../count_binary_aula_bsp//libhal_bsp.a(alt_close.o)
 .debug_info    0x0000000000004920       0x92 ../count_binary_aula_bsp//libhal_bsp.a(alt_dcache_flush_all.o)
 .debug_info    0x00000000000049b2      0x49c ../count_binary_aula_bsp//libhal_bsp.a(alt_dev.o)
 .debug_info    0x0000000000004e4e      0x1a9 ../count_binary_aula_bsp//libhal_bsp.a(alt_dev_llist_insert.o)
 .debug_info    0x0000000000004ff7       0xa6 ../count_binary_aula_bsp//libhal_bsp.a(alt_errno.o)
 .debug_info    0x000000000000509d       0x92 ../count_binary_aula_bsp//libhal_bsp.a(alt_icache_flush_all.o)
 .debug_info    0x000000000000512f      0x350 ../count_binary_aula_bsp//libhal_bsp.a(alt_iic.o)
 .debug_info    0x000000000000547f      0x1ef ../count_binary_aula_bsp//libhal_bsp.a(alt_iic_isr_register.o)
 .debug_info    0x000000000000566e      0x4a5 ../count_binary_aula_bsp//libhal_bsp.a(alt_io_redirect.o)
 .debug_info    0x0000000000005b13       0xa4 ../count_binary_aula_bsp//libhal_bsp.a(alt_irq_entry.o)
 .debug_info    0x0000000000005bb7      0x187 ../count_binary_aula_bsp//libhal_bsp.a(alt_irq_handler.o)
 .debug_info    0x0000000000005d3e       0x88 ../count_binary_aula_bsp//libhal_bsp.a(alt_irq_vars.o)
 .debug_info    0x0000000000005dc6      0x3bb ../count_binary_aula_bsp//libhal_bsp.a(alt_open.o)
 .debug_info    0x0000000000006181      0x2b0 ../count_binary_aula_bsp//libhal_bsp.a(alt_release_fd.o)
 .debug_info    0x0000000000006431      0x299 ../count_binary_aula_bsp//libhal_bsp.a(alt_tick.o)
 .debug_info    0x00000000000066ca       0x92 ../count_binary_aula_bsp//libhal_bsp.a(altera_nios2_gen2_irq.o)
 .debug_info    0x000000000000675c       0xaa ../count_binary_aula_bsp//libhal_bsp.a(alt_exception_entry.o)
 .debug_info    0x0000000000006806      0x2e9 ../count_binary_aula_bsp//libhal_bsp.a(alt_find_dev.o)
 .debug_info    0x0000000000006aef      0x2e6 ../count_binary_aula_bsp//libhal_bsp.a(alt_find_file.o)
 .debug_info    0x0000000000006dd5      0x310 ../count_binary_aula_bsp//libhal_bsp.a(alt_get_fd.o)
 .debug_info    0x00000000000070e5       0xdc ../count_binary_aula_bsp//libhal_bsp.a(alt_icache_flush.o)
 .debug_info    0x00000000000071c1      0x1e7 ../count_binary_aula_bsp//libhal_bsp.a(alt_instruction_exception_entry.o)
 .debug_info    0x00000000000073a8       0xe5 /opt/intelFPGA/18.1/nios2eds/bin/gnu/H-x86_64-pc-linux-gnu/bin/../lib/gcc/nios2-elf/5.3.0/../../../../../H-x86_64-pc-linux-gnu/nios2-elf/lib/libsmallc.a(lib_a-exit.o)
 .debug_info    0x000000000000748d       0xf4 /opt/intelFPGA/18.1/nios2eds/bin/gnu/H-x86_64-pc-linux-gnu/bin/../lib/gcc/nios2-elf/5.3.0/../../../../../H-x86_64-pc-linux-gnu/nios2-elf/lib/libsmallc.a(lib_a-memcmp.o)
 .debug_info    0x0000000000007581      0x67b /opt/intelFPGA/18.1/nios2eds/bin/gnu/H-x86_64-pc-linux-gnu/bin/../lib/gcc/nios2-elf/5.3.0/../../../../../H-x86_64-pc-linux-gnu/nios2-elf/lib/libsmallc.a(lib_a-__call_atexit.o)
 .debug_info    0x0000000000007bfc       0xec ../count_binary_aula_bsp//libhal_bsp.a(alt_exit.o)

.debug_abbrev   0x0000000000000000     0x2b62
 *(.debug_abbrev)
 .debug_abbrev  0x0000000000000000       0x12 ../count_binary_aula_bsp//obj/HAL/src/crt0.o
 .debug_abbrev  0x0000000000000012       0x76 obj/default/count_binary.o
 .debug_abbrev  0x0000000000000088       0x3e obj/default/main.o
 .debug_abbrev  0x00000000000000c6      0x1ee /opt/intelFPGA/18.1/nios2eds/bin/gnu/H-x86_64-pc-linux-gnu/bin/../lib/gcc/nios2-elf/5.3.0/../../../../../H-x86_64-pc-linux-gnu/nios2-elf/lib/libsmallc.a(lib_a-printf.o)
 .debug_abbrev  0x00000000000002b4      0x1d6 /opt/intelFPGA/18.1/nios2eds/bin/gnu/H-x86_64-pc-linux-gnu/bin/../lib/gcc/nios2-elf/5.3.0/../../../../../H-x86_64-pc-linux-gnu/nios2-elf/lib/libsmallc.a(lib_a-puts.o)
 .debug_abbrev  0x000000000000048a       0x7f /opt/intelFPGA/18.1/nios2eds/bin/gnu/H-x86_64-pc-linux-gnu/bin/../lib/gcc/nios2-elf/5.3.0/../../../../../H-x86_64-pc-linux-gnu/nios2-elf/lib/libsmallc.a(lib_a-strlen.o)
 .debug_abbrev  0x0000000000000509      0x2a1 /opt/intelFPGA/18.1/nios2eds/bin/gnu/H-x86_64-pc-linux-gnu/bin/../lib/gcc/nios2-elf/5.3.0/../../../../../H-x86_64-pc-linux-gnu/nios2-elf/lib/libsmallc.a(lib_a-vfprintf.o)
 .debug_abbrev  0x00000000000007aa      0x1bc /opt/intelFPGA/18.1/nios2eds/bin/gnu/H-x86_64-pc-linux-gnu/bin/../lib/gcc/nios2-elf/5.3.0/../../../../../H-x86_64-pc-linux-gnu/nios2-elf/lib/libsmallc.a(lib_a-fvwrite_small_dev.o)
 .debug_abbrev  0x0000000000000966      0x14a /opt/intelFPGA/18.1/nios2eds/bin/gnu/H-x86_64-pc-linux-gnu/bin/../lib/gcc/nios2-elf/5.3.0/../../../../../H-x86_64-pc-linux-gnu/nios2-elf/lib/libsmallc.a(lib_a-impure.o)
 .debug_abbrev  0x0000000000000ab0      0x1a6 /opt/intelFPGA/18.1/nios2eds/bin/gnu/H-x86_64-pc-linux-gnu/bin/../lib/gcc/nios2-elf/5.3.0/../../../../../H-x86_64-pc-linux-gnu/nios2-elf/lib/libsmallc.a(lib_a-writer.o)
 .debug_abbrev  0x0000000000000c56       0x37 /opt/intelFPGA/18.1/nios2eds/bin/gnu/H-x86_64-pc-linux-gnu/bin/../lib/gcc/nios2-elf/5.3.0/../../../../../H-x86_64-pc-linux-gnu/nios2-elf/lib/libsmallc.a(lib_a-int_errno.o)
 .debug_abbrev  0x0000000000000c8d      0x10e /opt/intelFPGA/18.1/nios2eds/bin/gnu/H-x86_64-pc-linux-gnu/bin/../lib/gcc/nios2-elf/5.3.0/libgcc.a(lib2-divmod.o)
 .debug_abbrev  0x0000000000000d9b       0x9f ../count_binary_aula_bsp//libhal_bsp.a(alt_load.o)
 .debug_abbrev  0x0000000000000e3a       0xba ../count_binary_aula_bsp//libhal_bsp.a(alt_main.o)
 .debug_abbrev  0x0000000000000ef4       0x60 ../count_binary_aula_bsp//libhal_bsp.a(alt_usleep.o)
 .debug_abbrev  0x0000000000000f54      0x133 ../count_binary_aula_bsp//libhal_bsp.a(alt_write.o)
 .debug_abbrev  0x0000000000001087      0x157 ../count_binary_aula_bsp//libhal_bsp.a(alt_sys_init.o)
 .debug_abbrev  0x00000000000011de       0xf7 ../count_binary_aula_bsp//libhal_bsp.a(altera_avalon_jtag_uart_fd.o)
 .debug_abbrev  0x00000000000012d5       0xd5 ../count_binary_aula_bsp//libhal_bsp.a(altera_avalon_jtag_uart_read.o)
 .debug_abbrev  0x00000000000013aa       0xd5 ../count_binary_aula_bsp//libhal_bsp.a(altera_avalon_jtag_uart_write.o)
 .debug_abbrev  0x000000000000147f      0x155 ../count_binary_aula_bsp//libhal_bsp.a(altera_avalon_timer_sc.o)
 .debug_abbrev  0x00000000000015d4       0x7e ../count_binary_aula_bsp//libhal_bsp.a(alt_busy_sleep.o)
 .debug_abbrev  0x0000000000001652      0x11f ../count_binary_aula_bsp//libhal_bsp.a(alt_close.o)
 .debug_abbrev  0x0000000000001771       0x42 ../count_binary_aula_bsp//libhal_bsp.a(alt_dcache_flush_all.o)
 .debug_abbrev  0x00000000000017b3       0xd9 ../count_binary_aula_bsp//libhal_bsp.a(alt_dev.o)
 .debug_abbrev  0x000000000000188c      0x114 ../count_binary_aula_bsp//libhal_bsp.a(alt_dev_llist_insert.o)
 .debug_abbrev  0x00000000000019a0       0x5a ../count_binary_aula_bsp//libhal_bsp.a(alt_errno.o)
 .debug_abbrev  0x00000000000019fa       0x42 ../count_binary_aula_bsp//libhal_bsp.a(alt_icache_flush_all.o)
 .debug_abbrev  0x0000000000001a3c      0x163 ../count_binary_aula_bsp//libhal_bsp.a(alt_iic.o)
 .debug_abbrev  0x0000000000001b9f      0x169 ../count_binary_aula_bsp//libhal_bsp.a(alt_iic_isr_register.o)
 .debug_abbrev  0x0000000000001d08      0x114 ../count_binary_aula_bsp//libhal_bsp.a(alt_io_redirect.o)
 .debug_abbrev  0x0000000000001e1c       0x12 ../count_binary_aula_bsp//libhal_bsp.a(alt_irq_entry.o)
 .debug_abbrev  0x0000000000001e2e      0x122 ../count_binary_aula_bsp//libhal_bsp.a(alt_irq_handler.o)
 .debug_abbrev  0x0000000000001f50       0x40 ../count_binary_aula_bsp//libhal_bsp.a(alt_irq_vars.o)
 .debug_abbrev  0x0000000000001f90      0x148 ../count_binary_aula_bsp//libhal_bsp.a(alt_open.o)
 .debug_abbrev  0x00000000000020d8       0xde ../count_binary_aula_bsp//libhal_bsp.a(alt_release_fd.o)
 .debug_abbrev  0x00000000000021b6      0x15a ../count_binary_aula_bsp//libhal_bsp.a(alt_tick.o)
 .debug_abbrev  0x0000000000002310       0x42 ../count_binary_aula_bsp//libhal_bsp.a(altera_nios2_gen2_irq.o)
 .debug_abbrev  0x0000000000002352       0x12 ../count_binary_aula_bsp//libhal_bsp.a(alt_exception_entry.o)
 .debug_abbrev  0x0000000000002364       0xf0 ../count_binary_aula_bsp//libhal_bsp.a(alt_find_dev.o)
 .debug_abbrev  0x0000000000002454       0xf0 ../count_binary_aula_bsp//libhal_bsp.a(alt_find_file.o)
 .debug_abbrev  0x0000000000002544      0x10d ../count_binary_aula_bsp//libhal_bsp.a(alt_get_fd.o)
 .debug_abbrev  0x0000000000002651       0x8c ../count_binary_aula_bsp//libhal_bsp.a(alt_icache_flush.o)
 .debug_abbrev  0x00000000000026dd       0xdc ../count_binary_aula_bsp//libhal_bsp.a(alt_instruction_exception_entry.o)
 .debug_abbrev  0x00000000000027b9       0x8b /opt/intelFPGA/18.1/nios2eds/bin/gnu/H-x86_64-pc-linux-gnu/bin/../lib/gcc/nios2-elf/5.3.0/../../../../../H-x86_64-pc-linux-gnu/nios2-elf/lib/libsmallc.a(lib_a-exit.o)
 .debug_abbrev  0x0000000000002844       0x7f /opt/intelFPGA/18.1/nios2eds/bin/gnu/H-x86_64-pc-linux-gnu/bin/../lib/gcc/nios2-elf/5.3.0/../../../../../H-x86_64-pc-linux-gnu/nios2-elf/lib/libsmallc.a(lib_a-memcmp.o)
 .debug_abbrev  0x00000000000028c3      0x1f6 /opt/intelFPGA/18.1/nios2eds/bin/gnu/H-x86_64-pc-linux-gnu/bin/../lib/gcc/nios2-elf/5.3.0/../../../../../H-x86_64-pc-linux-gnu/nios2-elf/lib/libsmallc.a(lib_a-__call_atexit.o)
 .debug_abbrev  0x0000000000002ab9       0xa9 ../count_binary_aula_bsp//libhal_bsp.a(alt_exit.o)

.debug_line     0x0000000000000000     0x2f48
 *(.debug_line)
 .debug_line    0x0000000000000000       0x6c ../count_binary_aula_bsp//obj/HAL/src/crt0.o
 .debug_line    0x000000000000006c       0x8f obj/default/count_binary.o
 .debug_line    0x00000000000000fb       0x3b obj/default/main.o
 .debug_line    0x0000000000000136      0x200 /opt/intelFPGA/18.1/nios2eds/bin/gnu/H-x86_64-pc-linux-gnu/bin/../lib/gcc/nios2-elf/5.3.0/../../../../../H-x86_64-pc-linux-gnu/nios2-elf/lib/libsmallc.a(lib_a-printf.o)
 .debug_line    0x0000000000000336      0x203 /opt/intelFPGA/18.1/nios2eds/bin/gnu/H-x86_64-pc-linux-gnu/bin/../lib/gcc/nios2-elf/5.3.0/../../../../../H-x86_64-pc-linux-gnu/nios2-elf/lib/libsmallc.a(lib_a-puts.o)
 .debug_line    0x0000000000000539      0x159 /opt/intelFPGA/18.1/nios2eds/bin/gnu/H-x86_64-pc-linux-gnu/bin/../lib/gcc/nios2-elf/5.3.0/../../../../../H-x86_64-pc-linux-gnu/nios2-elf/lib/libsmallc.a(lib_a-strlen.o)
 .debug_line    0x0000000000000692      0x34f /opt/intelFPGA/18.1/nios2eds/bin/gnu/H-x86_64-pc-linux-gnu/bin/../lib/gcc/nios2-elf/5.3.0/../../../../../H-x86_64-pc-linux-gnu/nios2-elf/lib/libsmallc.a(lib_a-vfprintf.o)
 .debug_line    0x00000000000009e1      0x1ed /opt/intelFPGA/18.1/nios2eds/bin/gnu/H-x86_64-pc-linux-gnu/bin/../lib/gcc/nios2-elf/5.3.0/../../../../../H-x86_64-pc-linux-gnu/nios2-elf/lib/libsmallc.a(lib_a-fvwrite_small_dev.o)
 .debug_line    0x0000000000000bce      0x153 /opt/intelFPGA/18.1/nios2eds/bin/gnu/H-x86_64-pc-linux-gnu/bin/../lib/gcc/nios2-elf/5.3.0/../../../../../H-x86_64-pc-linux-gnu/nios2-elf/lib/libsmallc.a(lib_a-impure.o)
 .debug_line    0x0000000000000d21      0x1ea /opt/intelFPGA/18.1/nios2eds/bin/gnu/H-x86_64-pc-linux-gnu/bin/../lib/gcc/nios2-elf/5.3.0/../../../../../H-x86_64-pc-linux-gnu/nios2-elf/lib/libsmallc.a(lib_a-writer.o)
 .debug_line    0x0000000000000f0b       0x5c /opt/intelFPGA/18.1/nios2eds/bin/gnu/H-x86_64-pc-linux-gnu/bin/../lib/gcc/nios2-elf/5.3.0/../../../../../H-x86_64-pc-linux-gnu/nios2-elf/lib/libsmallc.a(lib_a-int_errno.o)
 .debug_line    0x0000000000000f67      0x102 /opt/intelFPGA/18.1/nios2eds/bin/gnu/H-x86_64-pc-linux-gnu/bin/../lib/gcc/nios2-elf/5.3.0/libgcc.a(lib2-divmod.o)
 .debug_line    0x0000000000001069       0x8e ../count_binary_aula_bsp//libhal_bsp.a(alt_load.o)
 .debug_line    0x00000000000010f7       0x9e ../count_binary_aula_bsp//libhal_bsp.a(alt_main.o)
 .debug_line    0x0000000000001195       0xaf ../count_binary_aula_bsp//libhal_bsp.a(alt_usleep.o)
 .debug_line    0x0000000000001244      0x1df ../count_binary_aula_bsp//libhal_bsp.a(alt_write.o)
 .debug_line    0x0000000000001423      0x142 ../count_binary_aula_bsp//libhal_bsp.a(alt_sys_init.o)
 .debug_line    0x0000000000001565      0x112 ../count_binary_aula_bsp//libhal_bsp.a(altera_avalon_jtag_uart_fd.o)
 .debug_line    0x0000000000001677       0xfd ../count_binary_aula_bsp//libhal_bsp.a(altera_avalon_jtag_uart_read.o)
 .debug_line    0x0000000000001774       0xf4 ../count_binary_aula_bsp//libhal_bsp.a(altera_avalon_jtag_uart_write.o)
 .debug_line    0x0000000000001868       0xfd ../count_binary_aula_bsp//libhal_bsp.a(altera_avalon_timer_sc.o)
 .debug_line    0x0000000000001965       0xa0 ../count_binary_aula_bsp//libhal_bsp.a(alt_busy_sleep.o)
 .debug_line    0x0000000000001a05      0x167 ../count_binary_aula_bsp//libhal_bsp.a(alt_close.o)
 .debug_line    0x0000000000001b6c       0x51 ../count_binary_aula_bsp//libhal_bsp.a(alt_dcache_flush_all.o)
 .debug_line    0x0000000000001bbd       0xfa ../count_binary_aula_bsp//libhal_bsp.a(alt_dev.o)
 .debug_line    0x0000000000001cb7       0xcf ../count_binary_aula_bsp//libhal_bsp.a(alt_dev_llist_insert.o)
 .debug_line    0x0000000000001d86       0x51 ../count_binary_aula_bsp//libhal_bsp.a(alt_errno.o)
 .debug_line    0x0000000000001dd7       0x50 ../count_binary_aula_bsp//libhal_bsp.a(alt_icache_flush_all.o)
 .debug_line    0x0000000000001e27       0xeb ../count_binary_aula_bsp//libhal_bsp.a(alt_iic.o)
 .debug_line    0x0000000000001f12       0xdb ../count_binary_aula_bsp//libhal_bsp.a(alt_iic_isr_register.o)
 .debug_line    0x0000000000001fed      0x135 ../count_binary_aula_bsp//libhal_bsp.a(alt_io_redirect.o)
 .debug_line    0x0000000000002122       0x6b ../count_binary_aula_bsp//libhal_bsp.a(alt_irq_entry.o)
 .debug_line    0x000000000000218d       0xaa ../count_binary_aula_bsp//libhal_bsp.a(alt_irq_handler.o)
 .debug_line    0x0000000000002237       0x50 ../count_binary_aula_bsp//libhal_bsp.a(alt_irq_vars.o)
 .debug_line    0x0000000000002287      0x128 ../count_binary_aula_bsp//libhal_bsp.a(alt_open.o)
 .debug_line    0x00000000000023af       0xae ../count_binary_aula_bsp//libhal_bsp.a(alt_release_fd.o)
 .debug_line    0x000000000000245d       0xff ../count_binary_aula_bsp//libhal_bsp.a(alt_tick.o)
 .debug_line    0x000000000000255c       0x51 ../count_binary_aula_bsp//libhal_bsp.a(altera_nios2_gen2_irq.o)
 .debug_line    0x00000000000025ad       0xb3 ../count_binary_aula_bsp//libhal_bsp.a(alt_exception_entry.o)
 .debug_line    0x0000000000002660       0xb5 ../count_binary_aula_bsp//libhal_bsp.a(alt_find_dev.o)
 .debug_line    0x0000000000002715       0xd1 ../count_binary_aula_bsp//libhal_bsp.a(alt_find_file.o)
 .debug_line    0x00000000000027e6       0xd4 ../count_binary_aula_bsp//libhal_bsp.a(alt_get_fd.o)
 .debug_line    0x00000000000028ba       0x81 ../count_binary_aula_bsp//libhal_bsp.a(alt_icache_flush.o)
 .debug_line    0x000000000000293b       0xba ../count_binary_aula_bsp//libhal_bsp.a(alt_instruction_exception_entry.o)
 .debug_line    0x00000000000029f5      0x156 /opt/intelFPGA/18.1/nios2eds/bin/gnu/H-x86_64-pc-linux-gnu/bin/../lib/gcc/nios2-elf/5.3.0/../../../../../H-x86_64-pc-linux-gnu/nios2-elf/lib/libsmallc.a(lib_a-exit.o)
 .debug_line    0x0000000000002b4b      0x15d /opt/intelFPGA/18.1/nios2eds/bin/gnu/H-x86_64-pc-linux-gnu/bin/../lib/gcc/nios2-elf/5.3.0/../../../../../H-x86_64-pc-linux-gnu/nios2-elf/lib/libsmallc.a(lib_a-memcmp.o)
 .debug_line    0x0000000000002ca8      0x22f /opt/intelFPGA/18.1/nios2eds/bin/gnu/H-x86_64-pc-linux-gnu/bin/../lib/gcc/nios2-elf/5.3.0/../../../../../H-x86_64-pc-linux-gnu/nios2-elf/lib/libsmallc.a(lib_a-__call_atexit.o)
 .debug_line    0x0000000000002ed7       0x71 ../count_binary_aula_bsp//libhal_bsp.a(alt_exit.o)

.debug_frame    0x0000000000000000      0xbc8
 *(.debug_frame)
 .debug_frame   0x0000000000000000       0x54 obj/default/count_binary.o
 .debug_frame   0x0000000000000054       0x38 obj/default/main.o
 .debug_frame   0x000000000000008c       0x48 /opt/intelFPGA/18.1/nios2eds/bin/gnu/H-x86_64-pc-linux-gnu/bin/../lib/gcc/nios2-elf/5.3.0/../../../../../H-x86_64-pc-linux-gnu/nios2-elf/lib/libsmallc.a(lib_a-printf.o)
 .debug_frame   0x00000000000000d4       0x48 /opt/intelFPGA/18.1/nios2eds/bin/gnu/H-x86_64-pc-linux-gnu/bin/../lib/gcc/nios2-elf/5.3.0/../../../../../H-x86_64-pc-linux-gnu/nios2-elf/lib/libsmallc.a(lib_a-puts.o)
 .debug_frame   0x000000000000011c       0x20 /opt/intelFPGA/18.1/nios2eds/bin/gnu/H-x86_64-pc-linux-gnu/bin/../lib/gcc/nios2-elf/5.3.0/../../../../../H-x86_64-pc-linux-gnu/nios2-elf/lib/libsmallc.a(lib_a-strlen.o)
 .debug_frame   0x000000000000013c       0x8c /opt/intelFPGA/18.1/nios2eds/bin/gnu/H-x86_64-pc-linux-gnu/bin/../lib/gcc/nios2-elf/5.3.0/../../../../../H-x86_64-pc-linux-gnu/nios2-elf/lib/libsmallc.a(lib_a-vfprintf.o)
 .debug_frame   0x00000000000001c8       0x58 /opt/intelFPGA/18.1/nios2eds/bin/gnu/H-x86_64-pc-linux-gnu/bin/../lib/gcc/nios2-elf/5.3.0/../../../../../H-x86_64-pc-linux-gnu/nios2-elf/lib/libsmallc.a(lib_a-fvwrite_small_dev.o)
 .debug_frame   0x0000000000000220       0x38 /opt/intelFPGA/18.1/nios2eds/bin/gnu/H-x86_64-pc-linux-gnu/bin/../lib/gcc/nios2-elf/5.3.0/../../../../../H-x86_64-pc-linux-gnu/nios2-elf/lib/libsmallc.a(lib_a-writer.o)
 .debug_frame   0x0000000000000258       0x50 /opt/intelFPGA/18.1/nios2eds/bin/gnu/H-x86_64-pc-linux-gnu/bin/../lib/gcc/nios2-elf/5.3.0/libgcc.a(lib2-divmod.o)
 .debug_frame   0x00000000000002a8       0x5c ../count_binary_aula_bsp//libhal_bsp.a(alt_load.o)
 .debug_frame   0x0000000000000304       0x2c ../count_binary_aula_bsp//libhal_bsp.a(alt_main.o)
 .debug_frame   0x0000000000000330       0x38 ../count_binary_aula_bsp//libhal_bsp.a(alt_usleep.o)
 .debug_frame   0x0000000000000368       0x60 ../count_binary_aula_bsp//libhal_bsp.a(alt_write.o)
 .debug_frame   0x00000000000003c8       0x88 ../count_binary_aula_bsp//libhal_bsp.a(alt_sys_init.o)
 .debug_frame   0x0000000000000450       0x60 ../count_binary_aula_bsp//libhal_bsp.a(altera_avalon_jtag_uart_fd.o)
 .debug_frame   0x00000000000004b0       0x34 ../count_binary_aula_bsp//libhal_bsp.a(altera_avalon_jtag_uart_read.o)
 .debug_frame   0x00000000000004e4       0x34 ../count_binary_aula_bsp//libhal_bsp.a(altera_avalon_jtag_uart_write.o)
 .debug_frame   0x0000000000000518       0x60 ../count_binary_aula_bsp//libhal_bsp.a(altera_avalon_timer_sc.o)
 .debug_frame   0x0000000000000578       0x38 ../count_binary_aula_bsp//libhal_bsp.a(alt_busy_sleep.o)
 .debug_frame   0x00000000000005b0       0x60 ../count_binary_aula_bsp//libhal_bsp.a(alt_close.o)
 .debug_frame   0x0000000000000610       0x34 ../count_binary_aula_bsp//libhal_bsp.a(alt_dcache_flush_all.o)
 .debug_frame   0x0000000000000644       0x34 ../count_binary_aula_bsp//libhal_bsp.a(alt_dev.o)
 .debug_frame   0x0000000000000678       0x60 ../count_binary_aula_bsp//libhal_bsp.a(alt_dev_llist_insert.o)
 .debug_frame   0x00000000000006d8       0x38 ../count_binary_aula_bsp//libhal_bsp.a(alt_icache_flush_all.o)
 .debug_frame   0x0000000000000710       0xa4 ../count_binary_aula_bsp//libhal_bsp.a(alt_iic.o)
 .debug_frame   0x00000000000007b4       0x38 ../count_binary_aula_bsp//libhal_bsp.a(alt_iic_isr_register.o)
 .debug_frame   0x00000000000007ec       0x60 ../count_binary_aula_bsp//libhal_bsp.a(alt_io_redirect.o)
 .debug_frame   0x000000000000084c       0x38 ../count_binary_aula_bsp//libhal_bsp.a(alt_irq_handler.o)
 .debug_frame   0x0000000000000884       0x84 ../count_binary_aula_bsp//libhal_bsp.a(alt_open.o)
 .debug_frame   0x0000000000000908       0x34 ../count_binary_aula_bsp//libhal_bsp.a(alt_release_fd.o)
 .debug_frame   0x000000000000093c       0x5c ../count_binary_aula_bsp//libhal_bsp.a(alt_tick.o)
 .debug_frame   0x0000000000000998       0x34 ../count_binary_aula_bsp//libhal_bsp.a(altera_nios2_gen2_irq.o)
 .debug_frame   0x00000000000009cc       0x38 ../count_binary_aula_bsp//libhal_bsp.a(alt_find_dev.o)
 .debug_frame   0x0000000000000a04       0x38 ../count_binary_aula_bsp//libhal_bsp.a(alt_find_file.o)
 .debug_frame   0x0000000000000a3c       0x34 ../count_binary_aula_bsp//libhal_bsp.a(alt_get_fd.o)
 .debug_frame   0x0000000000000a70       0x34 ../count_binary_aula_bsp//libhal_bsp.a(alt_icache_flush.o)
 .debug_frame   0x0000000000000aa4       0x5c ../count_binary_aula_bsp//libhal_bsp.a(alt_instruction_exception_entry.o)
 .debug_frame   0x0000000000000b00       0x28 /opt/intelFPGA/18.1/nios2eds/bin/gnu/H-x86_64-pc-linux-gnu/bin/../lib/gcc/nios2-elf/5.3.0/../../../../../H-x86_64-pc-linux-gnu/nios2-elf/lib/libsmallc.a(lib_a-exit.o)
 .debug_frame   0x0000000000000b28       0x20 /opt/intelFPGA/18.1/nios2eds/bin/gnu/H-x86_64-pc-linux-gnu/bin/../lib/gcc/nios2-elf/5.3.0/../../../../../H-x86_64-pc-linux-gnu/nios2-elf/lib/libsmallc.a(lib_a-memcmp.o)
 .debug_frame   0x0000000000000b48       0x54 /opt/intelFPGA/18.1/nios2eds/bin/gnu/H-x86_64-pc-linux-gnu/bin/../lib/gcc/nios2-elf/5.3.0/../../../../../H-x86_64-pc-linux-gnu/nios2-elf/lib/libsmallc.a(lib_a-__call_atexit.o)
 .debug_frame   0x0000000000000b9c       0x2c ../count_binary_aula_bsp//libhal_bsp.a(alt_exit.o)

.debug_str      0x0000000000000000     0x1cc4
 *(.debug_str)
 .debug_str     0x0000000000000000      0x134 obj/default/count_binary.o
                                        0x178 (size before relaxing)
 .debug_str     0x0000000000000134      0x134 obj/default/main.o
                                        0x15e (size before relaxing)
 .debug_str     0x0000000000000134      0x410 /opt/intelFPGA/18.1/nios2eds/bin/gnu/H-x86_64-pc-linux-gnu/bin/../lib/gcc/nios2-elf/5.3.0/../../../../../H-x86_64-pc-linux-gnu/nios2-elf/lib/libsmallc.a(lib_a-printf.o)
                                        0x4eb (size before relaxing)
 .debug_str     0x0000000000000544       0x60 /opt/intelFPGA/18.1/nios2eds/bin/gnu/H-x86_64-pc-linux-gnu/bin/../lib/gcc/nios2-elf/5.3.0/../../../../../H-x86_64-pc-linux-gnu/nios2-elf/lib/libsmallc.a(lib_a-puts.o)
                                        0x4b4 (size before relaxing)
 .debug_str     0x00000000000005a4       0xc5 /opt/intelFPGA/18.1/nios2eds/bin/gnu/H-x86_64-pc-linux-gnu/bin/../lib/gcc/nios2-elf/5.3.0/../../../../../H-x86_64-pc-linux-gnu/nios2-elf/lib/libsmallc.a(lib_a-strlen.o)
                                        0x1cc (size before relaxing)
 .debug_str     0x0000000000000669      0x1e9 /opt/intelFPGA/18.1/nios2eds/bin/gnu/H-x86_64-pc-linux-gnu/bin/../lib/gcc/nios2-elf/5.3.0/../../../../../H-x86_64-pc-linux-gnu/nios2-elf/lib/libsmallc.a(lib_a-vfprintf.o)
                                        0x666 (size before relaxing)
 .debug_str     0x0000000000000852       0x60 /opt/intelFPGA/18.1/nios2eds/bin/gnu/H-x86_64-pc-linux-gnu/bin/../lib/gcc/nios2-elf/5.3.0/../../../../../H-x86_64-pc-linux-gnu/nios2-elf/lib/libsmallc.a(lib_a-fvwrite_small_dev.o)
                                        0x4bb (size before relaxing)
 .debug_str     0x00000000000008b2       0xe2 /opt/intelFPGA/18.1/nios2eds/bin/gnu/H-x86_64-pc-linux-gnu/bin/../lib/gcc/nios2-elf/5.3.0/../../../../../H-x86_64-pc-linux-gnu/nios2-elf/lib/libsmallc.a(lib_a-impure.o)
                                        0x4a5 (size before relaxing)
 .debug_str     0x0000000000000994       0x42 /opt/intelFPGA/18.1/nios2eds/bin/gnu/H-x86_64-pc-linux-gnu/bin/../lib/gcc/nios2-elf/5.3.0/../../../../../H-x86_64-pc-linux-gnu/nios2-elf/lib/libsmallc.a(lib_a-writer.o)
                                        0x49f (size before relaxing)
 .debug_str     0x00000000000009d6       0x3c /opt/intelFPGA/18.1/nios2eds/bin/gnu/H-x86_64-pc-linux-gnu/bin/../lib/gcc/nios2-elf/5.3.0/../../../../../H-x86_64-pc-linux-gnu/nios2-elf/lib/libsmallc.a(lib_a-int_errno.o)
                                        0x1bf (size before relaxing)
 .debug_str     0x0000000000000a12      0x16e /opt/intelFPGA/18.1/nios2eds/bin/gnu/H-x86_64-pc-linux-gnu/bin/../lib/gcc/nios2-elf/5.3.0/libgcc.a(lib2-divmod.o)
                                        0x1b9 (size before relaxing)
 .debug_str     0x0000000000000b80      0x158 ../count_binary_aula_bsp//libhal_bsp.a(alt_load.o)
                                        0x23c (size before relaxing)
 .debug_str     0x0000000000000cd8       0x70 ../count_binary_aula_bsp//libhal_bsp.a(alt_main.o)
                                        0x1c7 (size before relaxing)
 .debug_str     0x0000000000000d48       0x27 ../count_binary_aula_bsp//libhal_bsp.a(alt_usleep.o)
                                        0x172 (size before relaxing)
 .debug_str     0x0000000000000d6f      0x15f ../count_binary_aula_bsp//libhal_bsp.a(alt_write.o)
                                        0x322 (size before relaxing)
 .debug_str     0x0000000000000ece      0x136 ../count_binary_aula_bsp//libhal_bsp.a(alt_sys_init.o)
                                        0x334 (size before relaxing)
 .debug_str     0x0000000000001004       0x77 ../count_binary_aula_bsp//libhal_bsp.a(altera_avalon_jtag_uart_fd.o)
                                        0x2ff (size before relaxing)
 .debug_str     0x000000000000107b       0x48 ../count_binary_aula_bsp//libhal_bsp.a(altera_avalon_jtag_uart_read.o)
                                        0x249 (size before relaxing)
 .debug_str     0x00000000000010c3       0x4a ../count_binary_aula_bsp//libhal_bsp.a(altera_avalon_jtag_uart_write.o)
                                        0x23f (size before relaxing)
 .debug_str     0x000000000000110d       0xb6 ../count_binary_aula_bsp//libhal_bsp.a(altera_avalon_timer_sc.o)
                                        0x275 (size before relaxing)
 .debug_str     0x00000000000011c3       0x42 ../count_binary_aula_bsp//libhal_bsp.a(alt_busy_sleep.o)
                                        0x195 (size before relaxing)
 .debug_str     0x0000000000001205       0x1b ../count_binary_aula_bsp//libhal_bsp.a(alt_close.o)
                                        0x235 (size before relaxing)
 .debug_str     0x0000000000001220       0x34 ../count_binary_aula_bsp//libhal_bsp.a(alt_dcache_flush_all.o)
                                        0x17f (size before relaxing)
 .debug_str     0x0000000000001254       0x50 ../count_binary_aula_bsp//libhal_bsp.a(alt_dev.o)
                                        0x32f (size before relaxing)
 .debug_str     0x00000000000012a4       0x45 ../count_binary_aula_bsp//libhal_bsp.a(alt_dev_llist_insert.o)
                                        0x1f6 (size before relaxing)
 .debug_str     0x00000000000012e9       0x14 ../count_binary_aula_bsp//libhal_bsp.a(alt_errno.o)
                                        0x16f (size before relaxing)
 .debug_str     0x00000000000012fd       0x34 ../count_binary_aula_bsp//libhal_bsp.a(alt_icache_flush_all.o)
                                        0x17f (size before relaxing)
 .debug_str     0x0000000000001331       0xc4 ../count_binary_aula_bsp//libhal_bsp.a(alt_iic.o)
                                        0x268 (size before relaxing)
 .debug_str     0x00000000000013f5       0x4c ../count_binary_aula_bsp//libhal_bsp.a(alt_iic_isr_register.o)
                                        0x212 (size before relaxing)
 .debug_str     0x0000000000001441       0x56 ../count_binary_aula_bsp//libhal_bsp.a(alt_io_redirect.o)
                                        0x340 (size before relaxing)
 .debug_str     0x0000000000001497       0x3a ../count_binary_aula_bsp//libhal_bsp.a(alt_irq_handler.o)
                                        0x1c1 (size before relaxing)
 .debug_str     0x00000000000014d1       0x17 ../count_binary_aula_bsp//libhal_bsp.a(alt_irq_vars.o)
                                        0x164 (size before relaxing)
 .debug_str     0x00000000000014e8       0x2f ../count_binary_aula_bsp//libhal_bsp.a(alt_open.o)
                                        0x275 (size before relaxing)
 .debug_str     0x0000000000001517       0x28 ../count_binary_aula_bsp//libhal_bsp.a(alt_release_fd.o)
                                        0x1fd (size before relaxing)
 .debug_str     0x000000000000153f       0x78 ../count_binary_aula_bsp//libhal_bsp.a(alt_tick.o)
                                        0x27c (size before relaxing)
 .debug_str     0x00000000000015b7       0x3b ../count_binary_aula_bsp//libhal_bsp.a(altera_nios2_gen2_irq.o)
                                        0x186 (size before relaxing)
 .debug_str     0x00000000000015f2       0x24 ../count_binary_aula_bsp//libhal_bsp.a(alt_find_dev.o)
                                        0x216 (size before relaxing)
 .debug_str     0x0000000000001616       0x26 ../count_binary_aula_bsp//libhal_bsp.a(alt_find_file.o)
                                        0x224 (size before relaxing)
 .debug_str     0x000000000000163c       0x30 ../count_binary_aula_bsp//libhal_bsp.a(alt_get_fd.o)
                                        0x246 (size before relaxing)
 .debug_str     0x000000000000166c       0x2c ../count_binary_aula_bsp//libhal_bsp.a(alt_icache_flush.o)
                                        0x185 (size before relaxing)
 .debug_str     0x0000000000001698      0x48b ../count_binary_aula_bsp//libhal_bsp.a(alt_instruction_exception_entry.o)
                                        0x5ca (size before relaxing)
 .debug_str     0x0000000000001b23       0xd4 /opt/intelFPGA/18.1/nios2eds/bin/gnu/H-x86_64-pc-linux-gnu/bin/../lib/gcc/nios2-elf/5.3.0/../../../../../H-x86_64-pc-linux-gnu/nios2-elf/lib/libsmallc.a(lib_a-exit.o)
                                        0x1d7 (size before relaxing)
 .debug_str     0x0000000000001bf7       0x41 /opt/intelFPGA/18.1/nios2eds/bin/gnu/H-x86_64-pc-linux-gnu/bin/../lib/gcc/nios2-elf/5.3.0/../../../../../H-x86_64-pc-linux-gnu/nios2-elf/lib/libsmallc.a(lib_a-memcmp.o)
                                        0x1c6 (size before relaxing)
 .debug_str     0x0000000000001c38       0x62 /opt/intelFPGA/18.1/nios2eds/bin/gnu/H-x86_64-pc-linux-gnu/bin/../lib/gcc/nios2-elf/5.3.0/../../../../../H-x86_64-pc-linux-gnu/nios2-elf/lib/libsmallc.a(lib_a-__call_atexit.o)
                                        0x4d2 (size before relaxing)
 .debug_str     0x0000000000001c9a       0x2a ../count_binary_aula_bsp//libhal_bsp.a(alt_exit.o)
                                        0x17b (size before relaxing)

.debug_loc      0x0000000000000000     0x1308
 *(.debug_loc)
 .debug_loc     0x0000000000000000       0xc6 /opt/intelFPGA/18.1/nios2eds/bin/gnu/H-x86_64-pc-linux-gnu/bin/../lib/gcc/nios2-elf/5.3.0/../../../../../H-x86_64-pc-linux-gnu/nios2-elf/lib/libsmallc.a(lib_a-printf.o)
 .debug_loc     0x00000000000000c6       0x97 /opt/intelFPGA/18.1/nios2eds/bin/gnu/H-x86_64-pc-linux-gnu/bin/../lib/gcc/nios2-elf/5.3.0/../../../../../H-x86_64-pc-linux-gnu/nios2-elf/lib/libsmallc.a(lib_a-puts.o)
 .debug_loc     0x000000000000015d       0x1e /opt/intelFPGA/18.1/nios2eds/bin/gnu/H-x86_64-pc-linux-gnu/bin/../lib/gcc/nios2-elf/5.3.0/../../../../../H-x86_64-pc-linux-gnu/nios2-elf/lib/libsmallc.a(lib_a-strlen.o)
 .debug_loc     0x000000000000017b      0x901 /opt/intelFPGA/18.1/nios2eds/bin/gnu/H-x86_64-pc-linux-gnu/bin/../lib/gcc/nios2-elf/5.3.0/../../../../../H-x86_64-pc-linux-gnu/nios2-elf/lib/libsmallc.a(lib_a-vfprintf.o)
 .debug_loc     0x0000000000000a7c      0x110 /opt/intelFPGA/18.1/nios2eds/bin/gnu/H-x86_64-pc-linux-gnu/bin/../lib/gcc/nios2-elf/5.3.0/../../../../../H-x86_64-pc-linux-gnu/nios2-elf/lib/libsmallc.a(lib_a-fvwrite_small_dev.o)
 .debug_loc     0x0000000000000b8c       0xa5 /opt/intelFPGA/18.1/nios2eds/bin/gnu/H-x86_64-pc-linux-gnu/bin/../lib/gcc/nios2-elf/5.3.0/../../../../../H-x86_64-pc-linux-gnu/nios2-elf/lib/libsmallc.a(lib_a-writer.o)
 .debug_loc     0x0000000000000c31      0x4ce /opt/intelFPGA/18.1/nios2eds/bin/gnu/H-x86_64-pc-linux-gnu/bin/../lib/gcc/nios2-elf/5.3.0/libgcc.a(lib2-divmod.o)
 .debug_loc     0x00000000000010ff       0x1e /opt/intelFPGA/18.1/nios2eds/bin/gnu/H-x86_64-pc-linux-gnu/bin/../lib/gcc/nios2-elf/5.3.0/../../../../../H-x86_64-pc-linux-gnu/nios2-elf/lib/libsmallc.a(lib_a-exit.o)
 .debug_loc     0x000000000000111d       0x94 /opt/intelFPGA/18.1/nios2eds/bin/gnu/H-x86_64-pc-linux-gnu/bin/../lib/gcc/nios2-elf/5.3.0/../../../../../H-x86_64-pc-linux-gnu/nios2-elf/lib/libsmallc.a(lib_a-memcmp.o)
 .debug_loc     0x00000000000011b1      0x157 /opt/intelFPGA/18.1/nios2eds/bin/gnu/H-x86_64-pc-linux-gnu/bin/../lib/gcc/nios2-elf/5.3.0/../../../../../H-x86_64-pc-linux-gnu/nios2-elf/lib/libsmallc.a(lib_a-__call_atexit.o)

.debug_macinfo
 *(.debug_macinfo)

.debug_weaknames
 *(.debug_weaknames)

.debug_funcnames
 *(.debug_funcnames)

.debug_typenames
 *(.debug_typenames)

.debug_varnames
 *(.debug_varnames)

.debug_alt_sim_info
                0x0000000000000000       0x50
 *(.debug_alt_sim_info)
 .debug_alt_sim_info
                0x0000000000000000       0x20 ../count_binary_aula_bsp//obj/HAL/src/crt0.o
 .debug_alt_sim_info
                0x0000000000000020       0x30 ../count_binary_aula_bsp//libhal_bsp.a(alt_busy_sleep.o)
                0x000000000000d000                __alt_data_end = 0xd000
                0x000000000000d000                PROVIDE (__alt_stack_pointer, __alt_data_end)
                [!provide]                        PROVIDE (__alt_stack_limit, __alt_stack_base)
                [!provide]                        PROVIDE (__alt_heap_start, end)
                [!provide]                        PROVIDE (__alt_heap_limit, 0xd000)
OUTPUT(count_binary_aula.elf elf32-littlenios2)

.debug_ranges   0x0000000000000000      0x2a0
 .debug_ranges  0x0000000000000000       0x20 ../count_binary_aula_bsp//obj/HAL/src/crt0.o
 .debug_ranges  0x0000000000000020       0x18 /opt/intelFPGA/18.1/nios2eds/bin/gnu/H-x86_64-pc-linux-gnu/bin/../lib/gcc/nios2-elf/5.3.0/../../../../../H-x86_64-pc-linux-gnu/nios2-elf/lib/libsmallc.a(lib_a-printf.o)
 .debug_ranges  0x0000000000000038       0x18 /opt/intelFPGA/18.1/nios2eds/bin/gnu/H-x86_64-pc-linux-gnu/bin/../lib/gcc/nios2-elf/5.3.0/../../../../../H-x86_64-pc-linux-gnu/nios2-elf/lib/libsmallc.a(lib_a-puts.o)
 .debug_ranges  0x0000000000000050       0x10 /opt/intelFPGA/18.1/nios2eds/bin/gnu/H-x86_64-pc-linux-gnu/bin/../lib/gcc/nios2-elf/5.3.0/../../../../../H-x86_64-pc-linux-gnu/nios2-elf/lib/libsmallc.a(lib_a-strlen.o)
 .debug_ranges  0x0000000000000060       0xc8 /opt/intelFPGA/18.1/nios2eds/bin/gnu/H-x86_64-pc-linux-gnu/bin/../lib/gcc/nios2-elf/5.3.0/../../../../../H-x86_64-pc-linux-gnu/nios2-elf/lib/libsmallc.a(lib_a-vfprintf.o)
 .debug_ranges  0x0000000000000128       0x28 /opt/intelFPGA/18.1/nios2eds/bin/gnu/H-x86_64-pc-linux-gnu/bin/../lib/gcc/nios2-elf/5.3.0/../../../../../H-x86_64-pc-linux-gnu/nios2-elf/lib/libsmallc.a(lib_a-fvwrite_small_dev.o)
 .debug_ranges  0x0000000000000150       0x10 /opt/intelFPGA/18.1/nios2eds/bin/gnu/H-x86_64-pc-linux-gnu/bin/../lib/gcc/nios2-elf/5.3.0/../../../../../H-x86_64-pc-linux-gnu/nios2-elf/lib/libsmallc.a(lib_a-writer.o)
 .debug_ranges  0x0000000000000160       0x60 /opt/intelFPGA/18.1/nios2eds/bin/gnu/H-x86_64-pc-linux-gnu/bin/../lib/gcc/nios2-elf/5.3.0/libgcc.a(lib2-divmod.o)
 .debug_ranges  0x00000000000001c0       0x18 ../count_binary_aula_bsp//libhal_bsp.a(altera_avalon_jtag_uart_read.o)
 .debug_ranges  0x00000000000001d8       0x28 ../count_binary_aula_bsp//libhal_bsp.a(alt_irq_entry.o)
 .debug_ranges  0x0000000000000200       0x10 ../count_binary_aula_bsp//libhal_bsp.a(alt_irq_handler.o)
 .debug_ranges  0x0000000000000210       0x30 ../count_binary_aula_bsp//libhal_bsp.a(alt_exception_entry.o)
 .debug_ranges  0x0000000000000240       0x18 ../count_binary_aula_bsp//libhal_bsp.a(alt_instruction_exception_entry.o)
 .debug_ranges  0x0000000000000258       0x10 /opt/intelFPGA/18.1/nios2eds/bin/gnu/H-x86_64-pc-linux-gnu/bin/../lib/gcc/nios2-elf/5.3.0/../../../../../H-x86_64-pc-linux-gnu/nios2-elf/lib/libsmallc.a(lib_a-exit.o)
 .debug_ranges  0x0000000000000268       0x10 /opt/intelFPGA/18.1/nios2eds/bin/gnu/H-x86_64-pc-linux-gnu/bin/../lib/gcc/nios2-elf/5.3.0/../../../../../H-x86_64-pc-linux-gnu/nios2-elf/lib/libsmallc.a(lib_a-memcmp.o)
 .debug_ranges  0x0000000000000278       0x28 /opt/intelFPGA/18.1/nios2eds/bin/gnu/H-x86_64-pc-linux-gnu/bin/../lib/gcc/nios2-elf/5.3.0/../../../../../H-x86_64-pc-linux-gnu/nios2-elf/lib/libsmallc.a(lib_a-__call_atexit.o)
